#
# There is insufficient memory for the Java Runtime Environment to continue.
# Native memory allocation (malloc) failed to allocate 2790544 bytes. Error detail: Chunk::new
# Possible reasons:
#   The system is out of physical RAM or swap space
#   This process is running with CompressedOops enabled, and the Java Heap may be blocking the growth of the native heap
# Possible solutions:
#   Reduce memory load on the system
#   Increase physical memory or swap space
#   Check if swap backing store is full
#   Decrease Java heap size (-Xmx/-Xms)
#   Decrease number of Java threads
#   Decrease Java thread stack sizes (-Xss)
#   Set larger code cache with -XX:ReservedCodeCacheSize=
#   JVM is running with Unscaled Compressed Oops mode in which the Java heap is
#     placed in the first 4GB address space. The Java Heap base address is the
#     maximum limit for the native heap growth. Please use -XX:HeapBaseMinAddress
#     to set the Java Heap base and to place the Java Heap above 4GB virtual address.
# This output file may be truncated or incomplete.
#
#  Out of Memory Error (arena.cpp:162), pid=9784, tid=4084
#
# JRE version: Java(TM) SE Runtime Environment (24.0.2+12) (build 24.0.2+12-54)
# Java VM: Java HotSpot(TM) 64-Bit Server VM (24.0.2+12-54, mixed mode, sharing, tiered, compressed oops, compressed class ptrs, g1 gc, windows-amd64)
# No core dump will be written. Minidumps are not enabled by default on client versions of Windows
#

---------------  S U M M A R Y ------------

Command Line: --enable-native-access=ALL-UNNAMED -Dclassworlds.conf=C:\Users\Swathi\.m2\wrapper\dists\apache-maven-3.9.12\59fe215c0ad6947fea90184bf7add084544567b927287592651fda3782e0e798\bin\m2.conf -Dmaven.home=C:\Users\Swathi\.m2\wrapper\dists\apache-maven-3.9.12\59fe215c0ad6947fea90184bf7add084544567b927287592651fda3782e0e798 -Dlibrary.jansi.path=C:\Users\Swathi\.m2\wrapper\dists\apache-maven-3.9.12\59fe215c0ad6947fea90184bf7add084544567b927287592651fda3782e0e798\lib\jansi-native -Dmaven.multiModuleProjectDirectory=F:\projedts copy\DIGITAL-CAFE-BACKEND org.codehaus.plexus.classworlds.launcher.Launcher spring-boot:run

Host: Intel(R) Core(TM) i3-1005G1 CPU @ 1.20GHz, 4 cores, 3G,  Windows 11 , 64 bit Build 26100 (10.0.26100.7920)
Time: Sat Mar 14 19:19:27 2026 India Standard Time elapsed time: 5.329176 seconds (0d 0h 0m 5s)

---------------  T H R E A D  ---------------

Current thread (0x00000217d25fa120):  JavaThread "C2 CompilerThread0" daemon [_thread_in_native, id=4084, stack(0x000000e55fb00000,0x000000e55fc00000) (1024K)]


Current CompileTask:
C2:5329 1465       4       java.util.jar.JarFile::getVersionedEntry (114 bytes)

Stack: [0x000000e55fb00000,0x000000e55fc00000]
Native frames: (J=compiled Java code, j=interpreted, Vv=VM code, C=native code)
V  [jvm.dll+0x730829]  (no source info available)
V  [jvm.dll+0x8d9da3]  (no source info available)
V  [jvm.dll+0x8dc28d]  (no source info available)
V  [jvm.dll+0x8dc903]  (no source info available)
V  [jvm.dll+0x2a9f56]  (no source info available)
V  [jvm.dll+0xced7f]  (no source info available)
V  [jvm.dll+0xcefdf]  (no source info available)
V  [jvm.dll+0x154c83]  (no source info available)
V  [jvm.dll+0x73604f]  (no source info available)
V  [jvm.dll+0x26f8dc]  (no source info available)
V  [jvm.dll+0x26e8ff]  (no source info available)
V  [jvm.dll+0x1e9c90]  (no source info available)
V  [jvm.dll+0x27e0cb]  (no source info available)
V  [jvm.dll+0x27c36a]  (no source info available)
V  [jvm.dll+0x42f396]  (no source info available)
V  [jvm.dll+0x87d9eb]  (no source info available)
V  [jvm.dll+0x72ef45]  (no source info available)
C  [ucrtbase.dll+0x37b0]  (no source info available)
C  [KERNEL32.DLL+0x2e8d7]  (no source info available)
C  [ntdll.dll+0x8c48c]  (no source info available)

Lock stack of current Java thread (top to bottom):


---------------  P R O C E S S  ---------------

Threads class SMR info:
_java_thread_list=0x000002181870bce0, length=11, elements={
0x00000217b52b3550, 0x00000217d25e1ba0, 0x00000217d25e23d0, 0x00000217d25e4550,
0x00000217d25e4d80, 0x00000217d25eb5d0, 0x00000217d25ede10, 0x00000217d25fa120,
0x00000217d25fee60, 0x00000217d2729840, 0x00000217d272f090
}

Java Threads: ( => current thread )
  0x00000217b52b3550 JavaThread "main"                              [_thread_in_vm, id=19424, stack(0x000000e55ed00000,0x000000e55ee00000) (1024K)]
  0x00000217d25e1ba0 JavaThread "Reference Handler"          daemon [_thread_blocked, id=9908, stack(0x000000e55f500000,0x000000e55f600000) (1024K)]
  0x00000217d25e23d0 JavaThread "Finalizer"                  daemon [_thread_blocked, id=15992, stack(0x000000e55f600000,0x000000e55f700000) (1024K)]
  0x00000217d25e4550 JavaThread "Signal Dispatcher"          daemon [_thread_blocked, id=1292, stack(0x000000e55f700000,0x000000e55f800000) (1024K)]
  0x00000217d25e4d80 JavaThread "Attach Listener"            daemon [_thread_blocked, id=7944, stack(0x000000e55f800000,0x000000e55f900000) (1024K)]
  0x00000217d25eb5d0 JavaThread "Service Thread"             daemon [_thread_blocked, id=7692, stack(0x000000e55f900000,0x000000e55fa00000) (1024K)]
  0x00000217d25ede10 JavaThread "Monitor Deflation Thread"   daemon [_thread_blocked, id=16744, stack(0x000000e55fa00000,0x000000e55fb00000) (1024K)]
=>0x00000217d25fa120 JavaThread "C2 CompilerThread0"         daemon [_thread_in_native, id=4084, stack(0x000000e55fb00000,0x000000e55fc00000) (1024K)]
  0x00000217d25fee60 JavaThread "C1 CompilerThread0"         daemon [_thread_in_vm, id=1444, stack(0x000000e55fc00000,0x000000e55fd00000) (1024K)]
  0x00000217d2729840 JavaThread "Notification Thread"        daemon [_thread_blocked, id=17876, stack(0x000000e55fd00000,0x000000e55fe00000) (1024K)]
  0x00000217d272f090 JavaThread "Common-Cleaner"             daemon [_thread_blocked, id=2920, stack(0x000000e55fe00000,0x000000e55ff00000) (1024K)]
Total: 11

Other Threads:
  0x00000217d25cd4f0 VMThread "VM Thread"                           [id=1956, stack(0x000000e55f400000,0x000000e55f500000) (1024K)]
  0x00000217d25c1530 WatcherThread "VM Periodic Task Thread"        [id=19280, stack(0x000000e55f300000,0x000000e55f400000) (1024K)]
  0x00000217b75b53d0 WorkerThread "GC Thread#0"                     [id=14984, stack(0x000000e55ee00000,0x000000e55ef00000) (1024K)]
  0x0000021818848de0 WorkerThread "GC Thread#1"                     [id=17452, stack(0x000000e55ff00000,0x000000e560000000) (1024K)]
  0x0000021818846640 WorkerThread "GC Thread#2"                     [id=16236, stack(0x000000e560000000,0x000000e560100000) (1024K)]
  0x00000218188469f0 WorkerThread "GC Thread#3"                     [id=7120, stack(0x000000e560100000,0x000000e560200000) (1024K)]
  0x00000217b75c0500 ConcurrentGCThread "G1 Main Marker"            [id=17760, stack(0x000000e55ef00000,0x000000e55f000000) (1024K)]
  0x00000217b75c1e60 WorkerThread "G1 Conc#0"                       [id=10904, stack(0x000000e55f000000,0x000000e55f100000) (1024K)]
  0x00000217d24920c0 ConcurrentGCThread "G1 Refine#0"               [id=3244, stack(0x000000e55f100000,0x000000e55f200000) (1024K)]
  0x00000217d24926f0 ConcurrentGCThread "G1 Service"                [id=3552, stack(0x000000e55f200000,0x000000e55f300000) (1024K)]
Total: 10

Threads with active compile tasks:
C2 CompilerThread0  5527 1465       4       java.util.jar.JarFile::getVersionedEntry (114 bytes)
Total: 1

VM state: not at safepoint (normal execution)

VM Mutex/Monitor currently owned by a thread: None

Heap address: 0x00000000c3200000, size: 974 MB, Compressed Oops mode: 32-bit

CDS archive(s) mapped at: [0x00000217d3000000-0x00000217d3d40000-0x00000217d3d40000), size 13893632, SharedBaseAddress: 0x00000217d3000000, ArchiveRelocationMode: 1.
Compressed class space mapped at: 0x00000217d4000000-0x0000021814000000, reserved size: 1073741824
UseCompressedClassPointers 1, UseCompactObjectHeaders 0
Narrow klass pointer bits 32, Max shift 3
Narrow klass base: 0x00000217d3000000, Narrow klass shift: 0
Encoding Range: [0x00000217d3000000 - 0x00000218d3000000), (4294967296 bytes)
Klass Range:    [0x00000217d3000000 - 0x0000021814000000), (1090519040 bytes)
Klass ID Range:  [8 - 1090519033) (1090519025)

GC Precious Log:
 CardTable entry size: 512
 Card Set container configuration: InlinePtr #cards 5 size 8 Array Of Cards #cards 10 size 36 Howl #buckets 4 coarsen threshold 1843 Howl Bitmap #cards 512 size 80 coarsen threshold 460 Card regions per heap region 1 cards per card region 2048
 CPUs: 4 total, 4 available
 Memory: 3891M
 Large Page Support: Disabled
 NUMA Support: Disabled
 Compressed Oops: Enabled (32-bit)
 Heap Region Size: 1M
 Heap Min Capacity: 8M
 Heap Initial Capacity: 62M
 Heap Max Capacity: 974M
 Pre-touch: Disabled
 Parallel Workers: 4
 Concurrent Workers: 1
 Concurrent Refinement Workers: 4
 Periodic GC: Disabled

Heap:
 garbage-first heap   total reserved 997376K, committed 65536K, used 5492K [0x00000000c3200000, 0x0000000100000000)
  region size 1024K, 6 young (6144K), 4 survivors (4096K)
 Metaspace       used 6530K, committed 6720K, reserved 1114112K
  class space    used 576K, committed 640K, reserved 1048576K

Heap Regions: E=young(eden), S=young(survivor), O=old, HS=humongous(starts), HC=humongous(continues), CS=collection set, F=free, TAMS=top-at-mark-start, PB=parsable bottom
|   0|0x00000000c3200000, 0x00000000c3200000, 0x00000000c3300000|  0%| F|  |TAMS 0x00000000c3200000| PB 0x00000000c3200000| Untracked |  0
|   1|0x00000000c3300000, 0x00000000c3300000, 0x00000000c3400000|  0%| F|  |TAMS 0x00000000c3300000| PB 0x00000000c3300000| Untracked |  0
|   2|0x00000000c3400000, 0x00000000c3400000, 0x00000000c3500000|  0%| F|  |TAMS 0x00000000c3400000| PB 0x00000000c3400000| Untracked |  0
|   3|0x00000000c3500000, 0x00000000c3500000, 0x00000000c3600000|  0%| F|  |TAMS 0x00000000c3500000| PB 0x00000000c3500000| Untracked |  0
|   4|0x00000000c3600000, 0x00000000c3600000, 0x00000000c3700000|  0%| F|  |TAMS 0x00000000c3600000| PB 0x00000000c3600000| Untracked |  0
|   5|0x00000000c3700000, 0x00000000c3700000, 0x00000000c3800000|  0%| F|  |TAMS 0x00000000c3700000| PB 0x00000000c3700000| Untracked |  0
|   6|0x00000000c3800000, 0x00000000c3800000, 0x00000000c3900000|  0%| F|  |TAMS 0x00000000c3800000| PB 0x00000000c3800000| Untracked |  0
|   7|0x00000000c3900000, 0x00000000c3900000, 0x00000000c3a00000|  0%| F|  |TAMS 0x00000000c3900000| PB 0x00000000c3900000| Untracked |  0
|   8|0x00000000c3a00000, 0x00000000c3a00000, 0x00000000c3b00000|  0%| F|  |TAMS 0x00000000c3a00000| PB 0x00000000c3a00000| Untracked |  0
|   9|0x00000000c3b00000, 0x00000000c3b00000, 0x00000000c3c00000|  0%| F|  |TAMS 0x00000000c3b00000| PB 0x00000000c3b00000| Untracked |  0
|  10|0x00000000c3c00000, 0x00000000c3c00000, 0x00000000c3d00000|  0%| F|  |TAMS 0x00000000c3c00000| PB 0x00000000c3c00000| Untracked |  0
|  11|0x00000000c3d00000, 0x00000000c3d00000, 0x00000000c3e00000|  0%| F|  |TAMS 0x00000000c3d00000| PB 0x00000000c3d00000| Untracked |  0
|  12|0x00000000c3e00000, 0x00000000c3e00000, 0x00000000c3f00000|  0%| F|  |TAMS 0x00000000c3e00000| PB 0x00000000c3e00000| Untracked |  0
|  13|0x00000000c3f00000, 0x00000000c3f00000, 0x00000000c4000000|  0%| F|  |TAMS 0x00000000c3f00000| PB 0x00000000c3f00000| Untracked |  0
|  14|0x00000000c4000000, 0x00000000c4000000, 0x00000000c4100000|  0%| F|  |TAMS 0x00000000c4000000| PB 0x00000000c4000000| Untracked |  0
|  15|0x00000000c4100000, 0x00000000c4100000, 0x00000000c4200000|  0%| F|  |TAMS 0x00000000c4100000| PB 0x00000000c4100000| Untracked |  0
|  16|0x00000000c4200000, 0x00000000c4200000, 0x00000000c4300000|  0%| F|  |TAMS 0x00000000c4200000| PB 0x00000000c4200000| Untracked |  0
|  17|0x00000000c4300000, 0x00000000c4300000, 0x00000000c4400000|  0%| F|  |TAMS 0x00000000c4300000| PB 0x00000000c4300000| Untracked |  0
|  18|0x00000000c4400000, 0x00000000c4400000, 0x00000000c4500000|  0%| F|  |TAMS 0x00000000c4400000| PB 0x00000000c4400000| Untracked |  0
|  19|0x00000000c4500000, 0x00000000c4500000, 0x00000000c4600000|  0%| F|  |TAMS 0x00000000c4500000| PB 0x00000000c4500000| Untracked |  0
|  20|0x00000000c4600000, 0x00000000c4600000, 0x00000000c4700000|  0%| F|  |TAMS 0x00000000c4600000| PB 0x00000000c4600000| Untracked |  0
|  21|0x00000000c4700000, 0x00000000c4700000, 0x00000000c4800000|  0%| F|  |TAMS 0x00000000c4700000| PB 0x00000000c4700000| Untracked |  0
|  22|0x00000000c4800000, 0x00000000c4800000, 0x00000000c4900000|  0%| F|  |TAMS 0x00000000c4800000| PB 0x00000000c4800000| Untracked |  0
|  23|0x00000000c4900000, 0x00000000c4900000, 0x00000000c4a00000|  0%| F|  |TAMS 0x00000000c4900000| PB 0x00000000c4900000| Untracked |  0
|  24|0x00000000c4a00000, 0x00000000c4a00000, 0x00000000c4b00000|  0%| F|  |TAMS 0x00000000c4a00000| PB 0x00000000c4a00000| Untracked |  0
|  25|0x00000000c4b00000, 0x00000000c4b00000, 0x00000000c4c00000|  0%| F|  |TAMS 0x00000000c4b00000| PB 0x00000000c4b00000| Untracked |  0
|  26|0x00000000c4c00000, 0x00000000c4c00000, 0x00000000c4d00000|  0%| F|  |TAMS 0x00000000c4c00000| PB 0x00000000c4c00000| Untracked |  0
|  27|0x00000000c4d00000, 0x00000000c4d00000, 0x00000000c4e00000|  0%| F|  |TAMS 0x00000000c4d00000| PB 0x00000000c4d00000| Untracked |  0
|  28|0x00000000c4e00000, 0x00000000c4e00000, 0x00000000c4f00000|  0%| F|  |TAMS 0x00000000c4e00000| PB 0x00000000c4e00000| Untracked |  0
|  29|0x00000000c4f00000, 0x00000000c4f00000, 0x00000000c5000000|  0%| F|  |TAMS 0x00000000c4f00000| PB 0x00000000c4f00000| Untracked |  0
|  30|0x00000000c5000000, 0x00000000c5040000, 0x00000000c5100000| 25%| S|CS|TAMS 0x00000000c5000000| PB 0x00000000c5000000| Complete |  0
|  31|0x00000000c5100000, 0x00000000c5200000, 0x00000000c5200000|100%| S|CS|TAMS 0x00000000c5100000| PB 0x00000000c5100000| Complete |  0
|  32|0x00000000c5200000, 0x00000000c5300000, 0x00000000c5300000|100%| S|CS|TAMS 0x00000000c5200000| PB 0x00000000c5200000| Complete |  0
|  33|0x00000000c5300000, 0x00000000c5400000, 0x00000000c5400000|100%| S|CS|TAMS 0x00000000c5300000| PB 0x00000000c5300000| Complete |  0
|  34|0x00000000c5400000, 0x00000000c5400000, 0x00000000c5500000|  0%| F|  |TAMS 0x00000000c5400000| PB 0x00000000c5400000| Untracked |  0
|  35|0x00000000c5500000, 0x00000000c5500000, 0x00000000c5600000|  0%| F|  |TAMS 0x00000000c5500000| PB 0x00000000c5500000| Untracked |  0
|  36|0x00000000c5600000, 0x00000000c5600000, 0x00000000c5700000|  0%| F|  |TAMS 0x00000000c5600000| PB 0x00000000c5600000| Untracked |  0
|  37|0x00000000c5700000, 0x00000000c5700000, 0x00000000c5800000|  0%| F|  |TAMS 0x00000000c5700000| PB 0x00000000c5700000| Untracked |  0
|  38|0x00000000c5800000, 0x00000000c5800000, 0x00000000c5900000|  0%| F|  |TAMS 0x00000000c5800000| PB 0x00000000c5800000| Untracked |  0
|  39|0x00000000c5900000, 0x00000000c5900000, 0x00000000c5a00000|  0%| F|  |TAMS 0x00000000c5900000| PB 0x00000000c5900000| Untracked |  0
|  40|0x00000000c5a00000, 0x00000000c5a00000, 0x00000000c5b00000|  0%| F|  |TAMS 0x00000000c5a00000| PB 0x00000000c5a00000| Untracked |  0
|  41|0x00000000c5b00000, 0x00000000c5b00000, 0x00000000c5c00000|  0%| F|  |TAMS 0x00000000c5b00000| PB 0x00000000c5b00000| Untracked |  0
|  42|0x00000000c5c00000, 0x00000000c5c00000, 0x00000000c5d00000|  0%| F|  |TAMS 0x00000000c5c00000| PB 0x00000000c5c00000| Untracked |  0
|  43|0x00000000c5d00000, 0x00000000c5d00000, 0x00000000c5e00000|  0%| F|  |TAMS 0x00000000c5d00000| PB 0x00000000c5d00000| Untracked |  0
|  44|0x00000000c5e00000, 0x00000000c5e00000, 0x00000000c5f00000|  0%| F|  |TAMS 0x00000000c5e00000| PB 0x00000000c5e00000| Untracked |  0
|  45|0x00000000c5f00000, 0x00000000c5f00000, 0x00000000c6000000|  0%| F|  |TAMS 0x00000000c5f00000| PB 0x00000000c5f00000| Untracked |  0
|  46|0x00000000c6000000, 0x00000000c6000000, 0x00000000c6100000|  0%| F|  |TAMS 0x00000000c6000000| PB 0x00000000c6000000| Untracked |  0
|  47|0x00000000c6100000, 0x00000000c6100000, 0x00000000c6200000|  0%| F|  |TAMS 0x00000000c6100000| PB 0x00000000c6100000| Untracked |  0
|  48|0x00000000c6200000, 0x00000000c6200000, 0x00000000c6300000|  0%| F|  |TAMS 0x00000000c6200000| PB 0x00000000c6200000| Untracked |  0
|  49|0x00000000c6300000, 0x00000000c6300000, 0x00000000c6400000|  0%| F|  |TAMS 0x00000000c6300000| PB 0x00000000c6300000| Untracked |  0
|  50|0x00000000c6400000, 0x00000000c6400000, 0x00000000c6500000|  0%| F|  |TAMS 0x00000000c6400000| PB 0x00000000c6400000| Untracked |  0
|  51|0x00000000c6500000, 0x00000000c6500000, 0x00000000c6600000|  0%| F|  |TAMS 0x00000000c6500000| PB 0x00000000c6500000| Untracked |  0
|  52|0x00000000c6600000, 0x00000000c6600000, 0x00000000c6700000|  0%| F|  |TAMS 0x00000000c6600000| PB 0x00000000c6600000| Untracked |  0
|  53|0x00000000c6700000, 0x00000000c6700000, 0x00000000c6800000|  0%| F|  |TAMS 0x00000000c6700000| PB 0x00000000c6700000| Untracked |  0
|  54|0x00000000c6800000, 0x00000000c6800000, 0x00000000c6900000|  0%| F|  |TAMS 0x00000000c6800000| PB 0x00000000c6800000| Untracked |  0
|  55|0x00000000c6900000, 0x00000000c6900000, 0x00000000c6a00000|  0%| F|  |TAMS 0x00000000c6900000| PB 0x00000000c6900000| Untracked |  0
|  56|0x00000000c6a00000, 0x00000000c6a00000, 0x00000000c6b00000|  0%| F|  |TAMS 0x00000000c6a00000| PB 0x00000000c6a00000| Untracked |  0
|  57|0x00000000c6b00000, 0x00000000c6b00000, 0x00000000c6c00000|  0%| F|  |TAMS 0x00000000c6b00000| PB 0x00000000c6b00000| Untracked |  0
|  58|0x00000000c6c00000, 0x00000000c6c00000, 0x00000000c6d00000|  0%| F|  |TAMS 0x00000000c6c00000| PB 0x00000000c6c00000| Untracked |  0
|  59|0x00000000c6d00000, 0x00000000c6d00000, 0x00000000c6e00000|  0%| F|  |TAMS 0x00000000c6d00000| PB 0x00000000c6d00000| Untracked |  0
|  60|0x00000000c6e00000, 0x00000000c6e8a750, 0x00000000c6f00000| 54%| E|  |TAMS 0x00000000c6e00000| PB 0x00000000c6e00000| Complete |  0
|  61|0x00000000c6f00000, 0x00000000c7000000, 0x00000000c7000000|100%| E|CS|TAMS 0x00000000c6f00000| PB 0x00000000c6f00000| Complete |  0
| 972|0x00000000ffe00000, 0x00000000fff00000, 0x00000000fff00000|100%| O|  |TAMS 0x00000000ffe00000| PB 0x00000000ffe00000| Untracked |  0
| 973|0x00000000fff00000, 0x00000000fff1d248, 0x0000000100000000| 11%| O|  |TAMS 0x00000000fff00000| PB 0x00000000fff00000| Untracked |  0

Card table byte_map: [0x00000217cf010000,0x00000217cf200000] _byte_map_base: 0x00000217ce9f7000

Marking Bits: (CMBitMap*) 0x00000217b75b5ae0
 Bits: [0x00000217cf200000, 0x00000217d0138000)

Polling page: 0x00000217b5260000

Metaspace:

Usage:
  Non-class:      5.82 MB used.
      Class:    576.40 KB used.
       Both:      6.38 MB used.

Virtual space:
  Non-class space:       64.00 MB reserved,       5.94 MB (  9%) committed,  1 nodes.
      Class space:        1.00 GB reserved,     640.00 KB ( <1%) committed,  1 nodes.
             Both:        1.06 GB reserved,       6.56 MB ( <1%) committed. 

Chunk freelists:
   Non-Class:  8.48 MB
       Class:  15.34 MB
        Both:  23.83 MB

MaxMetaspaceSize: unlimited
CompressedClassSpaceSize: 1.00 GB
Initial GC threshold: 21.00 MB
Current GC threshold: 21.00 MB
CDS: on
 - commit_granule_bytes: 65536.
 - commit_granule_words: 8192.
 - virtual_space_node_default_size: 8388608.
 - enlarge_chunks_in_place: 1.
UseCompressedClassPointers 1, UseCompactObjectHeaders 0
Narrow klass pointer bits 32, Max shift 3
Narrow klass base: 0x00000217d3000000, Narrow klass shift: 0
Encoding Range: [0x00000217d3000000 - 0x00000218d3000000), (4294967296 bytes)
Klass Range:    [0x00000217d3000000 - 0x0000021814000000), (1090519040 bytes)
Klass ID Range:  [8 - 1090519033) (1090519025)


Internal statistics:

num_allocs_failed_limit: 0.
num_arena_births: 66.
num_arena_deaths: 0.
num_vsnodes_births: 2.
num_vsnodes_deaths: 0.
num_space_committed: 105.
num_space_uncommitted: 0.
num_chunks_returned_to_freelist: 0.
num_chunks_taken_from_freelist: 253.
num_chunk_merges: 0.
num_chunk_splits: 164.
num_chunks_enlarged: 135.
num_inconsistent_stats: 0.

CodeHeap 'non-profiled nmethods': size=120064Kb used=453Kb max_used=453Kb free=119611Kb
 bounds [0x00000217c78e0000, 0x00000217c7b50000, 0x00000217cee20000]
CodeHeap 'profiled nmethods': size=120000Kb used=2401Kb max_used=2401Kb free=117598Kb
 bounds [0x00000217bfe20000, 0x00000217c0090000, 0x00000217c7350000]
CodeHeap 'non-nmethods': size=5696Kb used=1403Kb max_used=1426Kb free=4292Kb
 bounds [0x00000217c7350000, 0x00000217c75c0000, 0x00000217c78e0000]
CodeCache: size=245760Kb, used=4257Kb, max_used=4280Kb, free=241501Kb
 total_blobs=1982, nmethods=1522, adapters=365, full_count=0
Compilation: enabled, stopped_count=0, restarted_count=0

Compilation events (20 events):
Event: 5.043 Thread 0x00000217d25fee60 1467       3       java.lang.Runtime$Version::feature (17 bytes)
Event: 5.043 Thread 0x00000217d25fee60 nmethod 1467 0x00000217c005c008 code [0x00000217c005c140, 0x00000217c005c488]
Event: 5.044 Thread 0x00000217d25fee60 1469       3       org.objectweb.asm.ClassReader::readUTF8 (23 bytes)
Event: 5.044 Thread 0x00000217d25fee60 nmethod 1469 0x00000217c005c508 code [0x00000217c005c640, 0x00000217c005c8f8]
Event: 5.046 Thread 0x00000217d25fee60 1470       3       com.google.inject.internal.MoreTypes::isFullySpecified (48 bytes)
Event: 5.047 Thread 0x00000217d25fee60 nmethod 1470 0x00000217c005c988 code [0x00000217c005cb00, 0x00000217c005d330]
Event: 5.047 Thread 0x00000217d25fee60 1471       3       com.google.inject.internal.MoreTypes::canonicalizeForKey (103 bytes)
Event: 5.048 Thread 0x00000217d25fee60 nmethod 1471 0x00000217c005d388 code [0x00000217c005d600, 0x00000217c005e908]
Event: 5.048 Thread 0x00000217d25fee60 1473       3       com.google.common.collect.RegularImmutableMap::get (64 bytes)
Event: 5.048 Thread 0x00000217d25fee60 nmethod 1473 0x00000217c005e988 code [0x00000217c005eb20, 0x00000217c005f250]
Event: 5.048 Thread 0x00000217d25fee60 1472       3       com.google.common.collect.RegularImmutableMap::get (13 bytes)
Event: 5.049 Thread 0x00000217d25fee60 nmethod 1472 0x00000217c005f288 code [0x00000217c005f3a0, 0x00000217c005f4e0]
Event: 5.063 Thread 0x00000217d25fee60 1475       3       sun.reflect.annotation.AnnotatedTypeFactory::isArray (32 bytes)
Event: 5.064 Thread 0x00000217d25fee60 nmethod 1475 0x00000217c005f588 code [0x00000217c005f6c0, 0x00000217c005fbd0]
Event: 5.065 Thread 0x00000217d25fee60 1476       2       java.util.concurrent.ConcurrentHashMap::get (162 bytes)
Event: 5.066 Thread 0x00000217d25fee60 nmethod 1476 0x00000217c005fc08 code [0x00000217c005fda0, 0x00000217c00602d8]
Event: 5.077 Thread 0x00000217d25fee60 1477       1       java.lang.reflect.Method::getAnnotationBytes (5 bytes)
Event: 5.077 Thread 0x00000217d25fee60 nmethod 1477 0x00000217c794e508 code [0x00000217c794e600, 0x00000217c794e6c8]
Event: 5.081 Thread 0x00000217d25fee60 1478       3       com.google.common.collect.AbstractIndexedListIterator::hasNext (17 bytes)
Event: 5.082 Thread 0x00000217d25fee60 nmethod 1478 0x00000217c0060308 code [0x00000217c0060420, 0x00000217c0060578]

GC Heap History (0 events):
No events

Dll operation events (8 events):
Event: 0.031 Loaded shared library C:\Program Files\Java\jdk-24\bin\java.dll
Event: 0.106 Loaded shared library C:\Program Files\Java\jdk-24\bin\jsvml.dll
Event: 0.263 Loaded shared library C:\Program Files\Java\jdk-24\bin\net.dll
Event: 0.300 Loaded shared library C:\Program Files\Java\jdk-24\bin\nio.dll
Event: 0.382 Loaded shared library C:\Program Files\Java\jdk-24\bin\zip.dll
Event: 1.332 Loaded shared library C:\Users\Swathi\.m2\wrapper\dists\apache-maven-3.9.12\59fe215c0ad6947fea90184bf7add084544567b927287592651fda3782e0e798\lib\jansi-native\Windows\x86_64\jansi.dll
Event: 1.396 Loaded shared library C:\Program Files\Java\jdk-24\bin\verify.dll
Event: 1.543 Loaded shared library C:\Program Files\Java\jdk-24\bin\jimage.dll

Deoptimization events (20 events):
Event: 3.544 Thread 0x00000217b52b3550 Uncommon trap: trap_request=0xffffff4d fr.pc=0x00000217c7941110 relative=0x0000000000000a30
Event: 3.544 Thread 0x00000217b52b3550 Uncommon trap: reason=unstable_if action=reinterpret pc=0x00000217c7941110 method=org.codehaus.plexus.util.xml.pull.MXParser.nextImpl()I @ 241 c2
Event: 3.544 Thread 0x00000217b52b3550 DEOPT PACKING pc=0x00000217c7941110 sp=0x000000e55edfe700
Event: 3.544 Thread 0x00000217b52b3550 DEOPT UNPACKING pc=0x00000217c7473082 sp=0x000000e55edfe670 mode 2
Event: 3.665 Thread 0x00000217b52b3550 Uncommon trap: trap_request=0xffffff4d fr.pc=0x00000217c792e6d0 relative=0x0000000000000530
Event: 3.665 Thread 0x00000217b52b3550 Uncommon trap: reason=unstable_if action=reinterpret pc=0x00000217c792e6d0 method=java.util.HashMap.putVal(ILjava/lang/Object;Ljava/lang/Object;ZZ)Ljava/lang/Object; @ 181 c2
Event: 3.665 Thread 0x00000217b52b3550 DEOPT PACKING pc=0x00000217c792e6d0 sp=0x000000e55edfe430
Event: 3.665 Thread 0x00000217b52b3550 DEOPT UNPACKING pc=0x00000217c7473082 sp=0x000000e55edfe390 mode 2
Event: 3.749 Thread 0x00000217b52b3550 Uncommon trap: trap_request=0xffffffc6 fr.pc=0x00000217c7921d18 relative=0x00000000000003b8
Event: 3.749 Thread 0x00000217b52b3550 Uncommon trap: reason=bimorphic_or_optimized_type_check action=maybe_recompile pc=0x00000217c7921d18 method=java.util.concurrent.ConcurrentHashMap.get(Ljava/lang/Object;)Ljava/lang/Object; @ 149 c2
Event: 3.749 Thread 0x00000217b52b3550 DEOPT PACKING pc=0x00000217c7921d18 sp=0x000000e55edfdbe0
Event: 3.749 Thread 0x00000217b52b3550 DEOPT UNPACKING pc=0x00000217c7473082 sp=0x000000e55edfdb50 mode 2
Event: 5.040 Thread 0x00000217b52b3550 Uncommon trap: trap_request=0xffffffc6 fr.pc=0x00000217c7921d18 relative=0x00000000000003b8
Event: 5.040 Thread 0x00000217b52b3550 Uncommon trap: reason=bimorphic_or_optimized_type_check action=maybe_recompile pc=0x00000217c7921d18 method=java.util.concurrent.ConcurrentHashMap.get(Ljava/lang/Object;)Ljava/lang/Object; @ 149 c2
Event: 5.040 Thread 0x00000217b52b3550 DEOPT PACKING pc=0x00000217c7921d18 sp=0x000000e55edfdbe0
Event: 5.040 Thread 0x00000217b52b3550 DEOPT UNPACKING pc=0x00000217c7473082 sp=0x000000e55edfdb50 mode 2
Event: 5.047 Thread 0x00000217b52b3550 Uncommon trap: trap_request=0xffffffc6 fr.pc=0x00000217c7921d18 relative=0x00000000000003b8
Event: 5.047 Thread 0x00000217b52b3550 Uncommon trap: reason=bimorphic_or_optimized_type_check action=maybe_recompile pc=0x00000217c7921d18 method=java.util.concurrent.ConcurrentHashMap.get(Ljava/lang/Object;)Ljava/lang/Object; @ 149 c2
Event: 5.047 Thread 0x00000217b52b3550 DEOPT PACKING pc=0x00000217c7921d18 sp=0x000000e55edfdbe0
Event: 5.047 Thread 0x00000217b52b3550 DEOPT UNPACKING pc=0x00000217c7473082 sp=0x000000e55edfdb50 mode 2

Classes loaded (20 events):
Event: 3.229 Loading class java/lang/reflect/ParameterizedType
Event: 3.229 Loading class java/lang/reflect/ParameterizedType done
Event: 3.233 Loading class java/lang/reflect/WildcardType
Event: 3.233 Loading class java/lang/reflect/WildcardType done
Event: 3.245 Loading class sun/reflect/generics/tree/TypeVariableSignature
Event: 3.245 Loading class sun/reflect/generics/tree/TypeVariableSignature done
Event: 3.281 Loading class java/lang/annotation/IncompleteAnnotationException
Event: 3.281 Loading class java/lang/annotation/IncompleteAnnotationException done
Event: 3.382 Loading class java/lang/foreign/MemorySegment
Event: 3.382 Loading class java/lang/foreign/MemorySegment done
Event: 3.578 Loading class sun/reflect/generics/reflectiveObjects/TypeVariableImpl
Event: 3.579 Loading class sun/reflect/generics/reflectiveObjects/LazyReflectiveObjectGenerator
Event: 3.579 Loading class sun/reflect/generics/reflectiveObjects/LazyReflectiveObjectGenerator done
Event: 3.579 Loading class sun/reflect/generics/reflectiveObjects/TypeVariableImpl done
Event: 3.579 Loading class sun/reflect/generics/reflectiveObjects/ParameterizedTypeImpl
Event: 3.579 Loading class sun/reflect/generics/reflectiveObjects/ParameterizedTypeImpl done
Event: 3.663 Loading class jdk/internal/foreign/MemorySessionImpl
Event: 3.664 Loading class java/lang/foreign/MemorySegment$Scope
Event: 3.664 Loading class java/lang/foreign/MemorySegment$Scope done
Event: 3.664 Loading class jdk/internal/foreign/MemorySessionImpl done

Classes unloaded (0 events):
No events

Classes redefined (0 events):
No events

Internal exceptions (20 events):
Event: 1.361 Thread 0x00000217b52b3550 Exception <a 'java/lang/NullPointerException'{0x00000000c6a85cc8}> (0x00000000c6a85cc8) 
thrown [s\open\src\hotspot\share\interpreter\linkResolver.cpp, line 1417]
Event: 1.361 Thread 0x00000217b52b3550 Exception <a 'java/lang/NullPointerException'{0x00000000c6a85fa8}> (0x00000000c6a85fa8) 
thrown [s\open\src\hotspot\share\interpreter\linkResolver.cpp, line 1417]
Event: 1.361 Thread 0x00000217b52b3550 Exception <a 'java/lang/NullPointerException'{0x00000000c6a86288}> (0x00000000c6a86288) 
thrown [s\open\src\hotspot\share\interpreter\linkResolver.cpp, line 1417]
Event: 1.364 Thread 0x00000217b52b3550 Exception <a 'java/lang/NullPointerException'{0x00000000c6a8b270}> (0x00000000c6a8b270) 
thrown [s\open\src\hotspot\share\interpreter\linkResolver.cpp, line 1417]
Event: 1.369 Thread 0x00000217b52b3550 Exception <a 'java/lang/NullPointerException'{0x00000000c6a9d2f8}> (0x00000000c6a9d2f8) 
thrown [s\open\src\hotspot\share\interpreter\linkResolver.cpp, line 1417]
Event: 1.369 Thread 0x00000217b52b3550 Exception <a 'java/lang/NullPointerException'{0x00000000c6a9d5d8}> (0x00000000c6a9d5d8) 
thrown [s\open\src\hotspot\share\interpreter\linkResolver.cpp, line 1417]
Event: 1.369 Thread 0x00000217b52b3550 Exception <a 'java/lang/NullPointerException'{0x00000000c6a9d8b8}> (0x00000000c6a9d8b8) 
thrown [s\open\src\hotspot\share\interpreter\linkResolver.cpp, line 1417]
Event: 1.370 Thread 0x00000217b52b3550 Exception <a 'java/lang/NullPointerException'{0x00000000c6a9db98}> (0x00000000c6a9db98) 
thrown [s\open\src\hotspot\share\interpreter\linkResolver.cpp, line 1417]
Event: 1.423 Thread 0x00000217b52b3550 Exception <a 'java/lang/NoSuchMethodError'{0x00000000c6afa008}: 'void java.lang.invoke.DirectMethodHandle$Holder.invokeVirtual(java.lang.Object, java.lang.Object)'> (0x00000000c6afa008) 
thrown [s\open\src\hotspot\share\interpreter\linkResolver.cpp, line 805]
Event: 1.430 Thread 0x00000217b52b3550 Exception <a 'java/lang/NoSuchMethodError'{0x00000000c699bd10}: 'void java.lang.invoke.DirectMethodHandle$Holder.invokeStatic(java.lang.Object, java.lang.Object)'> (0x00000000c699bd10) 
thrown [s\open\src\hotspot\share\interpreter\linkResolver.cpp, line 805]
Event: 1.446 Thread 0x00000217b52b3550 Exception <a 'java/lang/NoSuchMethodError'{0x00000000c69a3a80}: 'void java.lang.invoke.DirectMethodHandle$Holder.invokeStaticInit(java.lang.Object, java.lang.Object)'> (0x00000000c69a3a80) 
thrown [s\open\src\hotspot\share\interpreter\linkResolver.cpp, line 805]
Event: 1.531 Thread 0x00000217b52b3550 Exception <a 'java/lang/NoSuchMethodError'{0x00000000c69fea68}: 'void java.lang.invoke.DirectMethodHandle$Holder.invokeStatic(java.lang.Object, java.lang.Object, java.lang.Object)'> (0x00000000c69fea68) 
thrown [s\open\src\hotspot\share\interpreter\linkResolver.cpp, line 805]
Event: 1.846 Thread 0x00000217b52b3550 Exception <a 'java/lang/NoSuchMethodError'{0x00000000c67a9268}: 'java.lang.Object java.lang.invoke.DirectMethodHandle$Holder.invokeSpecialIFC(java.lang.Object, java.lang.Object, java.lang.Object, java.lang.Object)'> (0x00000000c67a9268) 
thrown [s\open\src\hotspot\share\interpreter\linkResolver.cpp, line 805]
Event: 2.712 Thread 0x00000217b52b3550 Exception <a 'java/lang/NoSuchMethodError'{0x00000000c62b8400}: 'void java.lang.invoke.DirectMethodHandle$Holder.invokeSpecial(java.lang.Object, java.lang.Object, java.lang.Object)'> (0x00000000c62b8400) 
thrown [s\open\src\hotspot\share\interpreter\linkResolver.cpp, line 805]
Event: 2.907 Thread 0x00000217b52b3550 Exception <a 'java/lang/NoSuchMethodError'{0x00000000c61de4a8}: 'java.lang.Object java.lang.invoke.DirectMethodHandle$Holder.invokeInterface(java.lang.Object, java.lang.Object)'> (0x00000000c61de4a8) 
thrown [s\open\src\hotspot\share\interpreter\linkResolver.cpp, line 805]
Event: 2.977 Thread 0x00000217b52b3550 Exception <a 'java/lang/NoSuchMethodError'{0x00000000c60904f8}: 'int java.lang.invoke.DirectMethodHandle$Holder.invokeStatic(java.lang.Object, java.lang.Object, java.lang.Object, java.lang.Object)'> (0x00000000c60904f8) 
thrown [s\open\src\hotspot\share\interpreter\linkResolver.cpp, line 805]
Event: 2.997 Thread 0x00000217b52b3550 Exception <a 'java/lang/NoSuchMethodError'{0x00000000c60ba0e0}: 'int java.lang.invoke.DirectMethodHandle$Holder.invokeSpecialIFC(java.lang.Object, java.lang.Object, java.lang.Object, java.lang.Object, java.lang.Object)'> (0x00000000c60ba0e0) 
thrown [s\open\src\hotspot\share\interpreter\linkResolver.cpp, line 805]
Event: 3.166 Thread 0x00000217b52b3550 Exception <a 'java/lang/NoSuchMethodError'{0x00000000c5e96200}: 'java.lang.Object java.lang.invoke.DirectMethodHandle$Holder.newInvokeSpecial(java.lang.Object, java.lang.Object, java.lang.Object, java.lang.Object, java.lang.Object)'> (0x00000000c5e96200) 
thrown [s\open\src\hotspot\share\interpreter\linkResolver.cpp, line 805]
Event: 3.263 Thread 0x00000217b52b3550 Exception <a 'java/lang/NoSuchMethodError'{0x00000000c5db8f20}: 'int java.lang.invoke.DirectMethodHandle$Holder.invokeStaticInit(java.lang.Object, java.lang.Object)'> (0x00000000c5db8f20) 
thrown [s\open\src\hotspot\share\interpreter\linkResolver.cpp, line 805]
Event: 3.281 Thread 0x00000217b52b3550 Exception <a 'java/lang/NoClassDefFoundError'{0x00000000c5df4230}: javax/enterprise/inject/Typed> (0x00000000c5df4230) 
thrown [s\open\src\hotspot\share\classfile\systemDictionary.cpp, line 316]

VM Operations (8 events):
Event: 0.385 Executing VM operation: HandshakeAllThreads (Deoptimize)
Event: 0.386 Executing VM operation: HandshakeAllThreads (Deoptimize) done
Event: 1.294 Executing VM operation: HandshakeAllThreads (Deoptimize)
Event: 1.294 Executing VM operation: HandshakeAllThreads (Deoptimize) done
Event: 1.560 Executing VM operation: HandshakeAllThreads (Deoptimize)
Event: 1.582 Executing VM operation: HandshakeAllThreads (Deoptimize) done
Event: 2.981 Executing VM operation: HandshakeAllThreads (Deoptimize)
Event: 2.981 Executing VM operation: HandshakeAllThreads (Deoptimize) done

Memory protections (0 events):
No events

Nmethod flushes (0 events):
No events

Events (13 events):
Event: 0.068 Thread 0x00000217b52b3550 Thread added: 0x00000217b52b3550
Event: 0.103 Thread 0x00000217b52b3550 Thread added: 0x00000217d25e1ba0
Event: 0.103 Thread 0x00000217b52b3550 Thread added: 0x00000217d25e23d0
Event: 0.103 Thread 0x00000217b52b3550 Thread added: 0x00000217d25e4550
Event: 0.103 Thread 0x00000217b52b3550 Thread added: 0x00000217d25e4d80
Event: 0.103 Thread 0x00000217b52b3550 Thread added: 0x00000217d25eb5d0
Event: 0.103 Thread 0x00000217b52b3550 Thread added: 0x00000217d25ede10
Event: 0.103 Thread 0x00000217b52b3550 Thread added: 0x00000217d25fa120
Event: 0.104 Thread 0x00000217b52b3550 Thread added: 0x00000217d25fee60
Event: 0.198 Thread 0x00000217b52b3550 Thread added: 0x00000217d2729840
Event: 0.218 Thread 0x00000217b52b3550 Thread added: 0x00000217d272f090
Event: 1.303 Thread 0x00000217b52b3550 Thread added: 0x00000217d2a66b00
Event: 2.963 Thread 0x00000217d2a66b00 Thread exited: 0x00000217d2a66b00


Dynamic libraries:
0x00007ff700110000 - 0x00007ff700120000 	C:\Program Files\Java\jdk-24\bin\java.exe
0x00007ffe02c00000 - 0x00007ffe02e67000 	C:\WINDOWS\SYSTEM32\ntdll.dll
0x00007ffe029f0000 - 0x00007ffe02ab9000 	C:\WINDOWS\System32\KERNEL32.DLL
0x00007ffdff9f0000 - 0x00007ffdffde1000 	C:\WINDOWS\System32\KERNELBASE.dll
0x00007ffe00850000 - 0x00007ffe0099b000 	C:\WINDOWS\System32\ucrtbase.dll
0x00007ffdf7a20000 - 0x00007ffdf7a3b000 	C:\Program Files\Java\jdk-24\bin\VCRUNTIME140.dll
0x00007ffdec0d0000 - 0x00007ffdec0e6000 	C:\Program Files\Java\jdk-24\bin\jli.dll
0x00007ffe02820000 - 0x00007ffe029e5000 	C:\WINDOWS\System32\USER32.dll
0x00007ffdf1180000 - 0x00007ffdf1413000 	C:\WINDOWS\WinSxS\amd64_microsoft.windows.common-controls_6595b64144ccf1df_6.0.26100.8037_none_3e092faae333b53b\COMCTL32.dll
0x00007ffdff840000 - 0x00007ffdff867000 	C:\WINDOWS\System32\win32u.dll
0x00007ffe02610000 - 0x00007ffe026b9000 	C:\WINDOWS\System32\msvcrt.dll
0x00007ffe01ad0000 - 0x00007ffe01afb000 	C:\WINDOWS\System32\GDI32.dll
0x00007ffdff710000 - 0x00007ffdff83b000 	C:\WINDOWS\System32\gdi32full.dll
0x00007ffdffdf0000 - 0x00007ffdffe93000 	C:\WINDOWS\System32\msvcp_win.dll
0x00007ffe02ac0000 - 0x00007ffe02af1000 	C:\WINDOWS\System32\IMM32.DLL
0x00007ffdf9c60000 - 0x00007ffdf9c6c000 	C:\Program Files\Java\jdk-24\bin\vcruntime140_1.dll
0x00007ffde48c0000 - 0x00007ffde494e000 	C:\Program Files\Java\jdk-24\bin\msvcp140.dll
0x00007ffd7d5c0000 - 0x00007ffd7e361000 	C:\Program Files\Java\jdk-24\bin\server\jvm.dll
0x00007ffe014f0000 - 0x00007ffe015ab000 	C:\WINDOWS\System32\ADVAPI32.dll
0x00007ffe02030000 - 0x00007ffe020d7000 	C:\WINDOWS\System32\sechost.dll
0x00007ffe01c70000 - 0x00007ffe01d88000 	C:\WINDOWS\System32\RPCRT4.dll
0x00007ffe009a0000 - 0x00007ffe00a14000 	C:\WINDOWS\System32\WS2_32.dll
0x00007ffdff360000 - 0x00007ffdff3be000 	C:\WINDOWS\SYSTEM32\POWRPROF.dll
0x00007ffded3d0000 - 0x00007ffded405000 	C:\WINDOWS\SYSTEM32\WINMM.dll
0x00007ffdf20e0000 - 0x00007ffdf20eb000 	C:\WINDOWS\SYSTEM32\VERSION.dll
0x00007ffdff340000 - 0x00007ffdff354000 	C:\WINDOWS\SYSTEM32\UMPDC.dll
0x00007ffdfe250000 - 0x00007ffdfe26b000 	C:\WINDOWS\SYSTEM32\kernel.appcore.dll
0x00007ffdf93f0000 - 0x00007ffdf93fa000 	C:\Program Files\Java\jdk-24\bin\jimage.dll
0x00007ffdfd3e0000 - 0x00007ffdfd622000 	C:\WINDOWS\SYSTEM32\DBGHELP.DLL
0x00007ffe020e0000 - 0x00007ffe02462000 	C:\WINDOWS\System32\combase.dll
0x00007ffe01dd0000 - 0x00007ffe01ea7000 	C:\WINDOWS\System32\OLEAUT32.dll
0x00007ffde3ca0000 - 0x00007ffde3cdb000 	C:\WINDOWS\SYSTEM32\dbgcore.DLL
0x00007ffdffea0000 - 0x00007ffdfff45000 	C:\WINDOWS\System32\bcryptPrimitives.dll
0x00007ffdec0b0000 - 0x00007ffdec0ce000 	C:\Program Files\Java\jdk-24\bin\java.dll
0x00007ffe02470000 - 0x00007ffe02605000 	C:\WINDOWS\System32\ole32.dll
0x00007ffe00d80000 - 0x00007ffe014df000 	C:\WINDOWS\System32\SHELL32.dll
0x00007ffdff4e0000 - 0x00007ffdff64a000 	C:\WINDOWS\System32\wintypes.dll
0x00007ffdfff50000 - 0x00007ffe007b4000 	C:\WINDOWS\System32\windows.storage.dll
0x00007ffe01b70000 - 0x00007ffe01c67000 	C:\WINDOWS\System32\SHCORE.dll
0x00007ffe00b30000 - 0x00007ffe00b97000 	C:\WINDOWS\System32\shlwapi.dll
0x00007ffdff400000 - 0x00007ffdff429000 	C:\WINDOWS\SYSTEM32\profapi.dll
0x00007ffdd1c40000 - 0x00007ffdd1d17000 	C:\Program Files\Java\jdk-24\bin\jsvml.dll
0x00007ffdf72f0000 - 0x00007ffdf7300000 	C:\Program Files\Java\jdk-24\bin\net.dll
0x00007ffdfe7e0000 - 0x00007ffdfe84b000 	C:\WINDOWS\system32\mswsock.dll
0x00007ffdec090000 - 0x00007ffdec0a6000 	C:\Program Files\Java\jdk-24\bin\nio.dll
0x00007ffde48a0000 - 0x00007ffde48b7000 	C:\Program Files\Java\jdk-24\bin\zip.dll
0x00007ffdf3920000 - 0x00007ffdf3944000 	C:\Users\Swathi\.m2\wrapper\dists\apache-maven-3.9.12\59fe215c0ad6947fea90184bf7add084544567b927287592651fda3782e0e798\lib\jansi-native\Windows\x86_64\jansi.dll
0x00007ffdf3910000 - 0x00007ffdf3920000 	C:\Program Files\Java\jdk-24\bin\verify.dll

JVMTI agents: none

dbghelp: loaded successfully - version: 4.0.5 - missing functions: none
symbol engine: initialized successfully - sym options: 0x614 - pdb path: .;C:\Program Files\Java\jdk-24\bin;C:\WINDOWS\SYSTEM32;C:\WINDOWS\WinSxS\amd64_microsoft.windows.common-controls_6595b64144ccf1df_6.0.26100.8037_none_3e092faae333b53b;C:\Program Files\Java\jdk-24\bin\server;C:\Users\Swathi\.m2\wrapper\dists\apache-maven-3.9.12\59fe215c0ad6947fea90184bf7add084544567b927287592651fda3782e0e798\lib\jansi-native\Windows\x86_64

VM Arguments:
jvm_args: --enable-native-access=ALL-UNNAMED -Dclassworlds.conf=C:\Users\Swathi\.m2\wrapper\dists\apache-maven-3.9.12\59fe215c0ad6947fea90184bf7add084544567b927287592651fda3782e0e798\bin\m2.conf -Dmaven.home=C:\Users\Swathi\.m2\wrapper\dists\apache-maven-3.9.12\59fe215c0ad6947fea90184bf7add084544567b927287592651fda3782e0e798 -Dlibrary.jansi.path=C:\Users\Swathi\.m2\wrapper\dists\apache-maven-3.9.12\59fe215c0ad6947fea90184bf7add084544567b927287592651fda3782e0e798\lib\jansi-native -Dmaven.multiModuleProjectDirectory=F:\projedts copy\DIGITAL-CAFE-BACKEND 
java_command: org.codehaus.plexus.classworlds.launcher.Launcher spring-boot:run
java_class_path (initial): C:\Users\Swathi\.m2\wrapper\dists\apache-maven-3.9.12\59fe215c0ad6947fea90184bf7add084544567b927287592651fda3782e0e798\boot\plexus-classworlds-2.9.0.jar
Launcher Type: SUN_STANDARD

[Global flags]
     intx CICompilerCount                          = 3                                         {product} {ergonomic}
     uint ConcGCThreads                            = 1                                         {product} {ergonomic}
     uint G1ConcRefinementThreads                  = 4                                         {product} {ergonomic}
   size_t G1HeapRegionSize                         = 1048576                                   {product} {ergonomic}
   size_t InitialHeapSize                          = 65011712                                  {product} {ergonomic}
   size_t MarkStackSize                            = 4194304                                   {product} {ergonomic}
   size_t MarkStackSizeMax                         = 536870912                                 {product} {ergonomic}
   size_t MaxHeapSize                              = 1021313024                                {product} {ergonomic}
   size_t MaxNewSize                               = 612368384                                 {product} {ergonomic}
   size_t MinHeapDeltaBytes                        = 1048576                                   {product} {ergonomic}
   size_t MinHeapSize                              = 8388608                                   {product} {ergonomic}
    uintx NonNMethodCodeHeapSize                   = 5832704                                {pd product} {ergonomic}
    uintx NonProfiledCodeHeapSize                  = 122945536                              {pd product} {ergonomic}
    uintx ProfiledCodeHeapSize                     = 122880000                              {pd product} {ergonomic}
    uintx ReservedCodeCacheSize                    = 251658240                              {pd product} {ergonomic}
     bool SegmentedCodeCache                       = true                                      {product} {ergonomic}
   size_t SoftMaxHeapSize                          = 1021313024                             {manageable} {ergonomic}
     bool UseCompressedOops                        = true                           {product lp64_product} {ergonomic}
     bool UseG1GC                                  = true                                      {product} {ergonomic}
     bool UseLargePagesIndividualAllocation        = false                                  {pd product} {ergonomic}

Logging:
Log output configuration:
 #0: stdout all=warning uptime,level,tags foldmultilines=false
 #1: stderr all=off uptime,level,tags foldmultilines=false

Environment Variables:
PATH=C:\Program Files\Common Files\Oracle\Java\javapath;C:\Python313\Scripts\;C:\Python313\;C:\WINDOWS\system32;C:\WINDOWS;C:\WINDOWS\System32\Wbem;C:\WINDOWS\System32\WindowsPowerShell\v1.0\;C:\WINDOWS\System32\OpenSSH\;C:\ProgramData\chocolatey\bin;C:\Users\Swathi\AppData\Local\nvm;C:\nvm4w\nodejs;C:\Program Files\MySQL\MySQL Server 8.0\bin;C:\Program Files\Git\cmd;C:\Users\Swathi\AppData\Local\Microsoft\WindowsApps;C:\Users\Swathi\AppData\Local\Programs\Microsoft VS Code\bin;C:\Users\Swathi\AppData\Roaming\npm;C:\Users\Swathi\AppData\Local\nvm;C:\nvm4w\nodejs;C:\Users\Swathi\AppData\Local\Programs\Windsurf\bin;C:\Users\Swathi\AppData\Local\Programs\cursor\resources\app\bin;c:\Users\Swathi\.windsurf\extensions\vscjava.vscode-java-debug-0.58.5-universal\bundled\scripts\noConfigScripts
USERNAME=Swathi
LANG=en_US.UTF-8
OS=Windows_NT
PROCESSOR_IDENTIFIER=Intel64 Family 6 Model 126 Stepping 5, GenuineIntel
TMP=C:\Users\Swathi\AppData\Local\Temp
TEMP=C:\Users\Swathi\AppData\Local\Temp




Periodic native trim disabled

---------------  S Y S T E M  ---------------

OS:
 Windows 11 , 64 bit Build 26100 (10.0.26100.7920)
OS uptime: 0 days 4:42 hours
Hyper-V role detected

CPU: total 4 (initial active 4) (2 cores per cpu, 2 threads per core) family 6 model 126 stepping 5 microcode 0xa6, cx8, cmov, fxsr, ht, mmx, 3dnowpref, sse, sse2, sse3, ssse3, sse4.1, sse4.2, popcnt, lzcnt, tsc, tscinvbit, avx, avx2, aes, erms, clmul, bmi1, bmi2, adx, avx512f, avx512dq, avx512cd, avx512bw, avx512vl, sha, fma, vzeroupper, avx512_vpopcntdq, avx512_vpclmulqdq, avx512_vaes, avx512_vnni, clflush, clflushopt, avx512_vbmi2, avx512_vbmi, hv, rdtscp, rdpid, fsrm, gfni, avx512_bitalg, f16c, avx512_ifma
Processor Information for the first 4 processors :
  Max Mhz: 1190, Current Mhz: 1190, Mhz Limit: 1190

Memory: 4k page, system-wide physical 3891M (182M free)
TotalPageFile size 15667M (AvailPageFile size 79M)
current process WorkingSet (physical memory assigned to process): 91M, peak: 91M
current process commit charge ("private bytes"): 155M, peak: 159M

vm_info: Java HotSpot(TM) 64-Bit Server VM (24.0.2+12-54) for windows-amd64 JRE (24.0.2+12-54), built on 2025-07-08T12:10:27Z with MS VC++ 17.6 (VS2022)

END.
