#
# There is insufficient memory for the Java Runtime Environment to continue.
# Native memory allocation (malloc) failed to allocate 1048576 bytes. Error detail: AllocateHeap
# Possible reasons:
#   The system is out of physical RAM or swap space
#   This process is running with CompressedOops enabled, and the Java Heap may be blocking the growth of the native heap
# Possible solutions:
#   Reduce memory load on the system
#   Increase physical memory or swap space
#   Check if swap backing store is full
#   Decrease Java heap size (-Xmx/-Xms)
#   Decrease number of Java threads
#   Decrease Java thread stack sizes (-Xss)
#   Set larger code cache with -XX:ReservedCodeCacheSize=
#   JVM is running with Unscaled Compressed Oops mode in which the Java heap is
#     placed in the first 4GB address space. The Java Heap base address is the
#     maximum limit for the native heap growth. Please use -XX:HeapBaseMinAddress
#     to set the Java Heap base and to place the Java Heap above 4GB virtual address.
# This output file may be truncated or incomplete.
#
#  Out of Memory Error (allocation.cpp:44), pid=10792, tid=5352
#
# JRE version: OpenJDK Runtime Environment Temurin-21.0.10+7 (21.0.10+7) (build 21.0.10+7-LTS)
# Java VM: OpenJDK 64-Bit Server VM Temurin-21.0.10+7 (21.0.10+7-LTS, mixed mode, sharing, tiered, compressed oops, compressed class ptrs, parallel gc, windows-amd64)
# No core dump will be written. Minidumps are not enabled by default on client versions of Windows
#

---------------  S U M M A R Y ------------

Command Line: --add-modules=ALL-SYSTEM --add-opens=java.base/java.util=ALL-UNNAMED --add-opens=java.base/java.lang=ALL-UNNAMED --add-opens=java.base/sun.nio.fs=ALL-UNNAMED -Declipse.application=org.eclipse.jdt.ls.core.id1 -Dosgi.bundles.defaultStartLevel=4 -Declipse.product=org.eclipse.jdt.ls.core.product -Djava.import.generatesMetadataFilesAtProjectRoot=false -DDetectVMInstallationsJob.disabled=true -Dfile.encoding=utf8 -XX:+UseParallelGC -XX:GCTimeRatio=4 -XX:AdaptiveSizePolicyWeight=90 -Dsun.zip.disableMemoryMapping=true -Xmx2G -Xms100m -Xlog:disable -javaagent:c:\Users\Swathi\.windsurf\extensions\redhat.java-1.53.0-win32-x64\lombok\lombok-1.18.39-4050.jar -XX:+HeapDumpOnOutOfMemoryError -XX:HeapDumpPath=c:\Users\Swathi\AppData\Roaming\Windsurf\User\workspaceStorage\17cebed599d5b7dc7390c2c8c682c7e6\redhat.java -Daether.dependencyCollector.impl=bf c:\Users\Swathi\.windsurf\extensions\redhat.java-1.53.0-win32-x64\server\plugins\org.eclipse.equinox.launcher_1.7.100.v20251111-0406.jar -configuration c:\Users\Swathi\AppData\Roaming\Windsurf\User\globalStorage\redhat.java\1.53.0\config_win -data c:\Users\Swathi\AppData\Roaming\Windsurf\User\workspaceStorage\17cebed599d5b7dc7390c2c8c682c7e6\redhat.java\jdt_ws --pipe=\\.\pipe\lsp-d0826884ae5d15853900605b4efd3ff3-sock

Host: Intel(R) Core(TM) i3-1005G1 CPU @ 1.20GHz, 4 cores, 3G,  Windows 11 , 64 bit Build 26100 (10.0.26100.7920)
Time: Fri Mar 13 11:56:56 2026 India Standard Time elapsed time: 377.870446 seconds (0d 0h 6m 17s)

---------------  T H R E A D  ---------------

Current thread (0x000002008a6f2a60):  JavaThread "Attach Listener" daemon [_thread_in_vm, id=5352, stack(0x00000065c3a00000,0x00000065c3b00000) (1024K)]

Stack: [0x00000065c3a00000,0x00000065c3b00000]
Native frames: (J=compiled Java code, j=interpreted, Vv=VM code, C=native code)
V  [jvm.dll+0x6d7a39]
V  [jvm.dll+0x8b4b26]
V  [jvm.dll+0x8b70de]
V  [jvm.dll+0x8b77c3]
V  [jvm.dll+0x284346]
V  [jvm.dll+0xc1277]
V  [jvm.dll+0x6d82e9]
V  [jvm.dll+0x1334a6]
V  [jvm.dll+0x3f857e]
V  [jvm.dll+0x85f59d]
V  [jvm.dll+0x6d626d]
C  [ucrtbase.dll+0x37b0]
C  [KERNEL32.DLL+0x2e8d7]
C  [ntdll.dll+0x8c48c]


---------------  P R O C E S S  ---------------

Threads class SMR info:
_java_thread_list=0x00000200ea1ac010, length=39, elements={
0x0000020088477730, 0x000002008a6eb8b0, 0x000002008a6eddf0, 0x000002008a6efdf0,
0x000002008a6f2a60, 0x000002008a6f54d0, 0x000002008a6f5f30, 0x000002008a6f6d70,
0x000002008a774470, 0x00000200e715e960, 0x00000200e7177370, 0x00000200e76f22e0,
0x00000200e7663ee0, 0x00000200e7257010, 0x00000200e71ca760, 0x00000200e7c19460,
0x00000200e72c5390, 0x00000200e72c5a20, 0x00000200e72c6dd0, 0x00000200e72c3fe0,
0x00000200e72c6740, 0x00000200e72c60b0, 0x00000200e72c4670, 0x00000200ea520d10,
0x00000200ea5220c0, 0x00000200ea520680, 0x00000200ea522de0, 0x00000200ea522750,
0x00000200ea523470, 0x00000200ea51fff0, 0x00000200ea524eb0, 0x00000200ea525bd0,
0x00000200ea523b00, 0x00000200ea5213a0, 0x00000200ea525540, 0x00000200ea5268f0,
0x00000200ea521a30, 0x00000200ea526f80, 0x00000200ea527610
}

Java Threads: ( => current thread )
  0x0000020088477730 JavaThread "main"                              [_thread_blocked, id=17628, stack(0x00000065c3200000,0x00000065c3300000) (1024K)]
  0x000002008a6eb8b0 JavaThread "Reference Handler"          daemon [_thread_blocked, id=7624, stack(0x00000065c3700000,0x00000065c3800000) (1024K)]
  0x000002008a6eddf0 JavaThread "Finalizer"                  daemon [_thread_blocked, id=12104, stack(0x00000065c3800000,0x00000065c3900000) (1024K)]
  0x000002008a6efdf0 JavaThread "Signal Dispatcher"          daemon [_thread_blocked, id=13428, stack(0x00000065c3900000,0x00000065c3a00000) (1024K)]
=>0x000002008a6f2a60 JavaThread "Attach Listener"            daemon [_thread_in_vm, id=5352, stack(0x00000065c3a00000,0x00000065c3b00000) (1024K)]
  0x000002008a6f54d0 JavaThread "Service Thread"             daemon [_thread_blocked, id=652, stack(0x00000065c3b00000,0x00000065c3c00000) (1024K)]
  0x000002008a6f5f30 JavaThread "Monitor Deflation Thread"   daemon [_thread_blocked, id=18244, stack(0x00000065c3c00000,0x00000065c3d00000) (1024K)]
  0x000002008a6f6d70 JavaThread "C2 CompilerThread0"         daemon [_thread_in_native, id=13620, stack(0x00000065c3d00000,0x00000065c3e00000) (1024K)]
  0x000002008a774470 JavaThread "C1 CompilerThread0"         daemon [_thread_blocked, id=11704, stack(0x00000065c3e00000,0x00000065c3f00000) (1024K)]
  0x00000200e715e960 JavaThread "Common-Cleaner"             daemon [_thread_blocked, id=9200, stack(0x00000065c3f00000,0x00000065c4000000) (1024K)]
  0x00000200e7177370 JavaThread "Notification Thread"        daemon [_thread_blocked, id=9528, stack(0x00000065c4000000,0x00000065c4100000) (1024K)]
  0x00000200e76f22e0 JavaThread "Active Thread: Equinox Container: bb6f3f66-09e4-4a26-8db9-6882b9b18f09"        [_thread_blocked, id=1768, stack(0x00000065c4400000,0x00000065c4500000) (1024K)]
  0x00000200e7663ee0 JavaThread "Refresh Thread: Equinox Container: bb6f3f66-09e4-4a26-8db9-6882b9b18f09" daemon [_thread_blocked, id=11484, stack(0x00000065c3100000,0x00000065c3200000) (1024K)]
  0x00000200e7257010 JavaThread "Framework Event Dispatcher: Equinox Container: bb6f3f66-09e4-4a26-8db9-6882b9b18f09" daemon [_thread_blocked, id=15900, stack(0x00000065c3300000,0x00000065c3400000) (1024K)]
  0x00000200e71ca760 JavaThread "Start Level: Equinox Container: bb6f3f66-09e4-4a26-8db9-6882b9b18f09" daemon [_thread_blocked, id=16624, stack(0x00000065c4600000,0x00000065c4700000) (1024K)]
  0x00000200e7c19460 JavaThread "Bundle File Closer"         daemon [_thread_blocked, id=10260, stack(0x00000065c4700000,0x00000065c4800000) (1024K)]
  0x00000200e72c5390 JavaThread "SCR Component Actor"        daemon [_thread_blocked, id=16660, stack(0x00000065c4500000,0x00000065c4600000) (1024K)]
  0x00000200e72c5a20 JavaThread "Worker-JM"                         [_thread_blocked, id=7560, stack(0x00000065c4800000,0x00000065c4900000) (1024K)]
  0x00000200e72c6dd0 JavaThread "JNA Cleaner"                daemon [_thread_blocked, id=10896, stack(0x00000065c4a00000,0x00000065c4b00000) (1024K)]
  0x00000200e72c3fe0 JavaThread "Worker-0"                          [_thread_blocked, id=17280, stack(0x00000065c4b00000,0x00000065c4c00000) (1024K)]
  0x00000200e72c6740 JavaThread "Worker-1: Check JDK Index"         [_thread_blocked, id=18984, stack(0x00000065c4c00000,0x00000065c4d00000) (1024K)]
  0x00000200e72c60b0 JavaThread "Worker-2: Publish Diagnostics"        [_thread_blocked, id=10384, stack(0x00000065c4d00000,0x00000065c4e00000) (1024K)]
  0x00000200e72c4670 JavaThread "Java indexing"              daemon [_thread_in_native, id=13944, stack(0x00000065c4e00000,0x00000065c4f00000) (1024K)]
  0x00000200ea520d10 JavaThread "Worker-3: Validate documents"        [_thread_blocked, id=11812, stack(0x00000065c5100000,0x00000065c5200000) (1024K)]
  0x00000200ea5220c0 JavaThread "Thread-1"                   daemon [_thread_in_native, id=14984, stack(0x00000065c5400000,0x00000065c5500000) (1024K)]
  0x00000200ea520680 JavaThread "Thread-2"                   daemon [_thread_in_native, id=16036, stack(0x00000065c5500000,0x00000065c5600000) (1024K)]
  0x00000200ea522de0 JavaThread "Thread-3"                   daemon [_thread_in_native, id=7400, stack(0x00000065c5600000,0x00000065c5700000) (1024K)]
  0x00000200ea522750 JavaThread "Thread-4"                   daemon [_thread_in_native, id=3624, stack(0x00000065c5700000,0x00000065c5800000) (1024K)]
  0x00000200ea523470 JavaThread "Thread-5"                   daemon [_thread_in_native, id=19400, stack(0x00000065c5800000,0x00000065c5900000) (1024K)]
  0x00000200ea51fff0 JavaThread "pool-2-thread-1"                   [_thread_blocked, id=10996, stack(0x00000065c5900000,0x00000065c5a00000) (1024K)]
  0x00000200ea524eb0 JavaThread "WorkspaceEventsHandler"            [_thread_blocked, id=12812, stack(0x00000065c5a00000,0x00000065c5b00000) (1024K)]
  0x00000200ea525bd0 JavaThread "pool-1-thread-1"                   [_thread_blocked, id=1752, stack(0x00000065c5b00000,0x00000065c5c00000) (1024K)]
  0x00000200ea523b00 JavaThread "ForkJoinPool.commonPool-worker-1" daemon [_thread_blocked, id=6176, stack(0x00000065c5d00000,0x00000065c5e00000) (1024K)]
  0x00000200ea5213a0 JavaThread "ForkJoinPool.commonPool-worker-2" daemon [_thread_blocked, id=8900, stack(0x00000065c5e00000,0x00000065c5f00000) (1024K)]
  0x00000200ea525540 JavaThread "ForkJoinPool.commonPool-worker-3" daemon [_thread_blocked, id=4808, stack(0x00000065c5f00000,0x00000065c6000000) (1024K)]
  0x00000200ea5268f0 JavaThread "Worker-5"                          [_thread_blocked, id=14680, stack(0x00000065c6000000,0x00000065c6100000) (1024K)]
  0x00000200ea521a30 JavaThread "Compiler Source File Reader" daemon [_thread_blocked, id=15300, stack(0x00000065c4f00000,0x00000065c5000000) (1024K)]
  0x00000200ea526f80 JavaThread "Compiler Processing Task"   daemon [_thread_blocked, id=10064, stack(0x00000065c5200000,0x00000065c5300000) (1024K)]
  0x00000200ea527610 JavaThread "Worker-6"                          [_thread_blocked, id=14460, stack(0x00000065c5300000,0x00000065c5400000) (1024K)]
Total: 39

Other Threads:
  0x000002008a8bcbc0 VMThread "VM Thread"                           [id=21320, stack(0x00000065c3600000,0x00000065c3700000) (1024K)]
  0x000002008a869ad0 WatcherThread "VM Periodic Task Thread"        [id=7672, stack(0x00000065c3500000,0x00000065c3600000) (1024K)]
  0x000002008a81c470 WorkerThread "GC Thread#0"                     [id=17152, stack(0x00000065c3400000,0x00000065c3500000) (1024K)]
  0x00000200e76540e0 WorkerThread "GC Thread#1"                     [id=19068, stack(0x00000065c4100000,0x00000065c4200000) (1024K)]
  0x00000200e77b9590 WorkerThread "GC Thread#2"                     [id=18532, stack(0x00000065c4200000,0x00000065c4300000) (1024K)]
  0x00000200e77b9940 WorkerThread "GC Thread#3"                     [id=9864, stack(0x00000065c4300000,0x00000065c4400000) (1024K)]
Total: 6

Threads with active compile tasks:
C2 CompilerThread0  377931 11929       4       org.eclipse.jdt.internal.core.index.DiskIndex::mergeCategory (301 bytes)
Total: 1

VM state: not at safepoint (normal execution)

VM Mutex/Monitor currently owned by a thread: None

Heap address: 0x0000000080000000, size: 2048 MB, Compressed Oops mode: 32-bit

CDS archive(s) mapped at: [0x00000200a2000000-0x00000200a2ba0000-0x00000200a2ba0000), size 12189696, SharedBaseAddress: 0x00000200a2000000, ArchiveRelocationMode: 1.
Compressed class space mapped at: 0x00000200a3000000-0x00000200e3000000, reserved size: 1073741824
Narrow klass base: 0x00000200a2000000, Narrow klass shift: 0, Narrow klass range: 0x100000000

GC Precious Log:
 CardTable entry size: 512
 CPUs: 4 total, 4 available
 Memory: 3891M
 Large Page Support: Disabled
 NUMA Support: Disabled
 Compressed Oops: Enabled (32-bit)
 Alignments: Space 512K, Generation 512K, Heap 2M
 Heap Min Capacity: 100M
 Heap Initial Capacity: 100M
 Heap Max Capacity: 2G
 Pre-touch: Disabled
 Parallel Workers: 4

Heap:
 PSYoungGen      total 11264K, used 9256K [0x00000000d5580000, 0x00000000d6580000, 0x0000000100000000)
  eden space 10240K, 84% used [0x00000000d5580000,0x00000000d5df8bf0,0x00000000d5f80000)
  from space 1024K, 56% used [0x00000000d6480000,0x00000000d6511420,0x00000000d6580000)
  to   space 1536K, 0% used [0x00000000d6280000,0x00000000d6280000,0x00000000d6400000)
 ParOldGen       total 138240K, used 137503K [0x0000000080000000, 0x0000000088700000, 0x00000000d5580000)
  object space 138240K, 99% used [0x0000000080000000,0x0000000088647d68,0x0000000088700000)
 Metaspace       used 69198K, committed 70656K, reserved 1114112K
  class space    used 7406K, committed 8064K, reserved 1048576K

Card table byte_map: [0x000002008a1a0000,0x000002008a5b0000] _byte_map_base: 0x0000020089da0000

Marking Bits: (ParMarkBitMap*) 0x00007ffdce2f3450
 Begin Bits: [0x000002009ccb0000, 0x000002009ecb0000)
 End Bits:   [0x000002009ecb0000, 0x00000200a0cb0000)

Polling page: 0x0000020088660000

Metaspace:

Usage:
  Non-class:     60.34 MB used.
      Class:      7.23 MB used.
       Both:     67.58 MB used.

Virtual space:
  Non-class space:       64.00 MB reserved,      61.12 MB ( 96%) committed,  1 nodes.
      Class space:        1.00 GB reserved,       7.88 MB ( <1%) committed,  1 nodes.
             Both:        1.06 GB reserved,      69.00 MB (  6%) committed. 

Chunk freelists:
   Non-Class:  2.20 MB
       Class:  7.97 MB
        Both:  10.17 MB

MaxMetaspaceSize: unlimited
CompressedClassSpaceSize: 1.00 GB
Initial GC threshold: 21.00 MB
Current GC threshold: 97.31 MB
CDS: on
 - commit_granule_bytes: 65536.
 - commit_granule_words: 8192.
 - virtual_space_node_default_size: 8388608.
 - enlarge_chunks_in_place: 1.
 - use_allocation_guard: 0.


Internal statistics:

num_allocs_failed_limit: 9.
num_arena_births: 1208.
num_arena_deaths: 14.
num_vsnodes_births: 2.
num_vsnodes_deaths: 0.
num_space_committed: 1104.
num_space_uncommitted: 0.
num_chunks_returned_to_freelist: 23.
num_chunks_taken_from_freelist: 4279.
num_chunk_merges: 11.
num_chunk_splits: 2631.
num_chunks_enlarged: 1444.
num_inconsistent_stats: 0.

CodeHeap 'non-profiled nmethods': size=120000Kb used=7895Kb max_used=7895Kb free=112104Kb
 bounds [0x00000200954d0000, 0x0000020095c90000, 0x000002009ca00000]
CodeHeap 'profiled nmethods': size=120000Kb used=24310Kb max_used=24310Kb free=95689Kb
 bounds [0x000002008da00000, 0x000002008f1c0000, 0x0000020094f30000]
CodeHeap 'non-nmethods': size=5760Kb used=1479Kb max_used=1522Kb free=4280Kb
 bounds [0x0000020094f30000, 0x00000200951a0000, 0x00000200954d0000]
CodeCache: size=245760Kb, used=33684Kb, max_used=33727Kb, free=212073Kb
 total_blobs=11864, nmethods=11078, adapters=691, full_count=0
Compilation: enabled, stopped_count=0, restarted_count=0

Compilation events (20 events):
Event: 376.921 Thread 0x000002008a774470 11921  s!   3       org.eclipse.jdt.internal.core.index.DiskIndex::readCategoryTable (743 bytes)
Event: 376.927 Thread 0x000002008a774470 nmethod 11921 0x000002008f1b1390 code [0x000002008f1b19e0, 0x000002008f1b5740]
Event: 376.950 Thread 0x000002008a6f6d70 nmethod 11920 0x0000020095c84a90 code [0x0000020095c84cc0, 0x0000020095c85890]
Event: 377.598 Thread 0x000002008a774470 11922       3       org.eclipse.core.runtime.ListenerList$ListenerListIterator::next (39 bytes)
Event: 377.598 Thread 0x000002008a774470 nmethod 11922 0x000002008f1b7590 code [0x000002008f1b7740, 0x000002008f1b7990]
Event: 377.598 Thread 0x000002008a774470 11923       3       java.security.MessageDigest::update (11 bytes)
Event: 377.601 Thread 0x000002008a774470 nmethod 11923 0x000002008f1b7a90 code [0x000002008f1b7c40, 0x000002008f1b7f00]
Event: 377.601 Thread 0x000002008a774470 11924       3       java.security.MessageDigest$Delegate::engineUpdate (9 bytes)
Event: 377.601 Thread 0x000002008a774470 nmethod 11924 0x000002008f1b8010 code [0x000002008f1b81c0, 0x000002008f1b8398]
Event: 377.605 Thread 0x000002008a774470 11925       3       java.io.Writer::write (9 bytes)
Event: 377.605 Thread 0x000002008a774470 nmethod 11925 0x000002008f1b8490 code [0x000002008f1b8640, 0x000002008f1b8820]
Event: 377.605 Thread 0x000002008a774470 11927       3       java.io.BufferedWriter::implWrite (133 bytes)
Event: 377.606 Thread 0x000002008a774470 nmethod 11927 0x000002008f1b8910 code [0x000002008f1b8b80, 0x000002008f1b94b0]
Event: 377.606 Thread 0x000002008a774470 11926   !   3       java.io.BufferedWriter::write (82 bytes)
Event: 377.608 Thread 0x000002008a774470 nmethod 11926 0x000002008f1b9810 code [0x000002008f1b9ac0, 0x000002008f1ba938]
Event: 377.609 Thread 0x000002008a774470 11928       3       org.eclipse.core.runtime.SubMonitor::split (72 bytes)
Event: 377.610 Thread 0x000002008a774470 nmethod 11928 0x000002008f1bae10 code [0x000002008f1bb040, 0x000002008f1bb770]
Event: 377.715 Thread 0x000002008a6f6d70 11929       4       org.eclipse.jdt.internal.core.index.DiskIndex::mergeCategory (301 bytes)
Event: 377.715 Thread 0x000002008a774470 11930 %     3       org.eclipse.jdt.internal.core.index.DiskIndex::writeCategoryTable @ 22 (252 bytes)
Event: 377.827 Thread 0x000002008a774470 nmethod 11930% 0x000002008f1bba10 code [0x000002008f1bbd20, 0x000002008f1bd2b8]

GC Heap History (20 events):
Event: 173.276 GC heap before
{Heap before GC invocations=64 (full 3):
 PSYoungGen      total 18432K, used 18003K [0x00000000d5580000, 0x00000000d6980000, 0x0000000100000000)
  eden space 16896K, 99% used [0x00000000d5580000,0x00000000d65fcef0,0x00000000d6600000)
  from space 1536K, 72% used [0x00000000d6800000,0x00000000d6918000,0x00000000d6980000)
  to   space 1536K, 0% used [0x00000000d6600000,0x00000000d6600000,0x00000000d6780000)
 ParOldGen       total 68608K, used 65896K [0x0000000080000000, 0x0000000084300000, 0x00000000d5580000)
  object space 68608K, 96% used [0x0000000080000000,0x000000008405a1c0,0x0000000084300000)
 Metaspace       used 65722K, committed 67136K, reserved 1114112K
  class space    used 7037K, committed 7680K, reserved 1048576K
}
Event: 173.278 GC heap after
{Heap after GC invocations=64 (full 3):
 PSYoungGen      total 18432K, used 1091K [0x00000000d5580000, 0x00000000d6900000, 0x0000000100000000)
  eden space 16896K, 0% used [0x00000000d5580000,0x00000000d5580000,0x00000000d6600000)
  from space 1536K, 71% used [0x00000000d6600000,0x00000000d6710d90,0x00000000d6780000)
  to   space 1536K, 0% used [0x00000000d6780000,0x00000000d6780000,0x00000000d6900000)
 ParOldGen       total 68608K, used 66784K [0x0000000080000000, 0x0000000084300000, 0x00000000d5580000)
  object space 68608K, 97% used [0x0000000080000000,0x00000000841381c0,0x0000000084300000)
 Metaspace       used 65722K, committed 67136K, reserved 1114112K
  class space    used 7037K, committed 7680K, reserved 1048576K
}
Event: 362.012 GC heap before
{Heap before GC invocations=65 (full 3):
 PSYoungGen      total 18432K, used 17987K [0x00000000d5580000, 0x00000000d6900000, 0x0000000100000000)
  eden space 16896K, 99% used [0x00000000d5580000,0x00000000d65fffe8,0x00000000d6600000)
  from space 1536K, 71% used [0x00000000d6600000,0x00000000d6710d90,0x00000000d6780000)
  to   space 1536K, 0% used [0x00000000d6780000,0x00000000d6780000,0x00000000d6900000)
 ParOldGen       total 68608K, used 66784K [0x0000000080000000, 0x0000000084300000, 0x00000000d5580000)
  object space 68608K, 97% used [0x0000000080000000,0x00000000841381c0,0x0000000084300000)
 Metaspace       used 66182K, committed 67648K, reserved 1114112K
  class space    used 7084K, committed 7744K, reserved 1048576K
}
Event: 362.146 GC heap after
{Heap after GC invocations=65 (full 3):
 PSYoungGen      total 13824K, used 1532K [0x00000000d5580000, 0x00000000d7200000, 0x0000000100000000)
  eden space 12288K, 0% used [0x00000000d5580000,0x00000000d5580000,0x00000000d6180000)
  from space 1536K, 99% used [0x00000000d6780000,0x00000000d68ff048,0x00000000d6900000)
  to   space 6144K, 0% used [0x00000000d6180000,0x00000000d6180000,0x00000000d6780000)
 ParOldGen       total 70656K, used 70588K [0x0000000080000000, 0x0000000084500000, 0x00000000d5580000)
  object space 70656K, 99% used [0x0000000080000000,0x00000000844ef298,0x0000000084500000)
 Metaspace       used 66182K, committed 67648K, reserved 1114112K
  class space    used 7084K, committed 7744K, reserved 1048576K
}
Event: 365.161 GC heap before
{Heap before GC invocations=66 (full 3):
 PSYoungGen      total 13824K, used 13820K [0x00000000d5580000, 0x00000000d7200000, 0x0000000100000000)
  eden space 12288K, 100% used [0x00000000d5580000,0x00000000d6180000,0x00000000d6180000)
  from space 1536K, 99% used [0x00000000d6780000,0x00000000d68ff048,0x00000000d6900000)
  to   space 6144K, 0% used [0x00000000d6180000,0x00000000d6180000,0x00000000d6780000)
 ParOldGen       total 70656K, used 70588K [0x0000000080000000, 0x0000000084500000, 0x00000000d5580000)
  object space 70656K, 99% used [0x0000000080000000,0x00000000844ef298,0x0000000084500000)
 Metaspace       used 66648K, committed 68032K, reserved 1114112K
  class space    used 7128K, committed 7744K, reserved 1048576K
}
Event: 365.174 GC heap after
{Heap after GC invocations=66 (full 3):
 PSYoungGen      total 18432K, used 6123K [0x00000000d5580000, 0x00000000d7680000, 0x0000000100000000)
  eden space 12288K, 0% used [0x00000000d5580000,0x00000000d5580000,0x00000000d6180000)
  from space 6144K, 99% used [0x00000000d6180000,0x00000000d677af38,0x00000000d6780000)
  to   space 10752K, 0% used [0x00000000d6c00000,0x00000000d6c00000,0x00000000d7680000)
 ParOldGen       total 74240K, used 74106K [0x0000000080000000, 0x0000000084880000, 0x00000000d5580000)
  object space 74240K, 99% used [0x0000000080000000,0x000000008485ea50,0x0000000084880000)
 Metaspace       used 66648K, committed 68032K, reserved 1114112K
  class space    used 7128K, committed 7744K, reserved 1048576K
}
Event: 367.245 GC heap before
{Heap before GC invocations=67 (full 3):
 PSYoungGen      total 18432K, used 18411K [0x00000000d5580000, 0x00000000d7680000, 0x0000000100000000)
  eden space 12288K, 99% used [0x00000000d5580000,0x00000000d617fff8,0x00000000d6180000)
  from space 6144K, 99% used [0x00000000d6180000,0x00000000d677af38,0x00000000d6780000)
  to   space 10752K, 0% used [0x00000000d6c00000,0x00000000d6c00000,0x00000000d7680000)
 ParOldGen       total 74240K, used 74106K [0x0000000080000000, 0x0000000084880000, 0x00000000d5580000)
  object space 74240K, 99% used [0x0000000080000000,0x000000008485ea50,0x0000000084880000)
 Metaspace       used 67034K, committed 68480K, reserved 1114112K
  class space    used 7162K, committed 7808K, reserved 1048576K
}
Event: 367.263 GC heap after
{Heap after GC invocations=67 (full 3):
 PSYoungGen      total 19968K, used 7232K [0x00000000d5580000, 0x00000000d7380000, 0x0000000100000000)
  eden space 12288K, 0% used [0x00000000d5580000,0x00000000d5580000,0x00000000d6180000)
  from space 7680K, 94% used [0x00000000d6c00000,0x00000000d7310030,0x00000000d7380000)
  to   space 8192K, 0% used [0x00000000d6380000,0x00000000d6380000,0x00000000d6b80000)
 ParOldGen       total 80384K, used 80263K [0x0000000080000000, 0x0000000084e80000, 0x00000000d5580000)
  object space 80384K, 99% used [0x0000000080000000,0x0000000084e61df8,0x0000000084e80000)
 Metaspace       used 67034K, committed 68480K, reserved 1114112K
  class space    used 7162K, committed 7808K, reserved 1048576K
}
Event: 368.202 GC heap before
{Heap before GC invocations=68 (full 3):
 PSYoungGen      total 19968K, used 19520K [0x00000000d5580000, 0x00000000d7380000, 0x0000000100000000)
  eden space 12288K, 100% used [0x00000000d5580000,0x00000000d6180000,0x00000000d6180000)
  from space 7680K, 94% used [0x00000000d6c00000,0x00000000d7310030,0x00000000d7380000)
  to   space 8192K, 0% used [0x00000000d6380000,0x00000000d6380000,0x00000000d6b80000)
 ParOldGen       total 80384K, used 80263K [0x0000000080000000, 0x0000000084e80000, 0x00000000d5580000)
  object space 80384K, 99% used [0x0000000080000000,0x0000000084e61df8,0x0000000084e80000)
 Metaspace       used 67088K, committed 68480K, reserved 1114112K
  class space    used 7167K, committed 7808K, reserved 1048576K
}
Event: 368.216 GC heap after
{Heap after GC invocations=68 (full 3):
 PSYoungGen      total 15872K, used 3276K [0x00000000d5580000, 0x00000000d6c80000, 0x0000000100000000)
  eden space 12288K, 0% used [0x00000000d5580000,0x00000000d5580000,0x00000000d6180000)
  from space 3584K, 91% used [0x00000000d6380000,0x00000000d66b3210,0x00000000d6700000)
  to   space 5120K, 0% used [0x00000000d6780000,0x00000000d6780000,0x00000000d6c80000)
 ParOldGen       total 87552K, used 87487K [0x0000000080000000, 0x0000000085580000, 0x00000000d5580000)
  object space 87552K, 99% used [0x0000000080000000,0x000000008556fe48,0x0000000085580000)
 Metaspace       used 67088K, committed 68480K, reserved 1114112K
  class space    used 7167K, committed 7808K, reserved 1048576K
}
Event: 369.607 GC heap before
{Heap before GC invocations=69 (full 3):
 PSYoungGen      total 15872K, used 15518K [0x00000000d5580000, 0x00000000d6c80000, 0x0000000100000000)
  eden space 12288K, 99% used [0x00000000d5580000,0x00000000d6174628,0x00000000d6180000)
  from space 3584K, 91% used [0x00000000d6380000,0x00000000d66b3210,0x00000000d6700000)
  to   space 5120K, 0% used [0x00000000d6780000,0x00000000d6780000,0x00000000d6c80000)
 ParOldGen       total 87552K, used 87487K [0x0000000080000000, 0x0000000085580000, 0x00000000d5580000)
  object space 87552K, 99% used [0x0000000080000000,0x000000008556fe48,0x0000000085580000)
 Metaspace       used 67314K, committed 68736K, reserved 1114112K
  class space    used 7184K, committed 7808K, reserved 1048576K
}
Event: 369.623 GC heap after
{Heap after GC invocations=69 (full 3):
 PSYoungGen      total 15360K, used 5096K [0x00000000d5580000, 0x00000000d7180000, 0x0000000100000000)
  eden space 10240K, 0% used [0x00000000d5580000,0x00000000d5580000,0x00000000d5f80000)
  from space 5120K, 99% used [0x00000000d6780000,0x00000000d6c7a190,0x00000000d6c80000)
  to   space 8192K, 0% used [0x00000000d5f80000,0x00000000d5f80000,0x00000000d6780000)
 ParOldGen       total 90112K, used 89639K [0x0000000080000000, 0x0000000085800000, 0x00000000d5580000)
  object space 90112K, 99% used [0x0000000080000000,0x0000000085789e48,0x0000000085800000)
 Metaspace       used 67314K, committed 68736K, reserved 1114112K
  class space    used 7184K, committed 7808K, reserved 1048576K
}
Event: 370.667 GC heap before
{Heap before GC invocations=70 (full 3):
 PSYoungGen      total 15360K, used 15336K [0x00000000d5580000, 0x00000000d7180000, 0x0000000100000000)
  eden space 10240K, 100% used [0x00000000d5580000,0x00000000d5f80000,0x00000000d5f80000)
  from space 5120K, 99% used [0x00000000d6780000,0x00000000d6c7a190,0x00000000d6c80000)
  to   space 8192K, 0% used [0x00000000d5f80000,0x00000000d5f80000,0x00000000d6780000)
 ParOldGen       total 90112K, used 89639K [0x0000000080000000, 0x0000000085800000, 0x00000000d5580000)
  object space 90112K, 99% used [0x0000000080000000,0x0000000085789e48,0x0000000085800000)
 Metaspace       used 67833K, committed 69248K, reserved 1114112K
  class space    used 7241K, committed 7872K, reserved 1048576K
}
Event: 370.686 GC heap after
{Heap after GC invocations=70 (full 3):
 PSYoungGen      total 17920K, used 7327K [0x00000000d5580000, 0x00000000d6e80000, 0x0000000100000000)
  eden space 10240K, 0% used [0x00000000d5580000,0x00000000d5580000,0x00000000d5f80000)
  from space 7680K, 95% used [0x00000000d5f80000,0x00000000d66a7d40,0x00000000d6700000)
  to   space 7680K, 0% used [0x00000000d6700000,0x00000000d6700000,0x00000000d6e80000)
 ParOldGen       total 94720K, used 94571K [0x0000000080000000, 0x0000000085c80000, 0x00000000d5580000)
  object space 94720K, 99% used [0x0000000080000000,0x0000000085c5ade0,0x0000000085c80000)
 Metaspace       used 67833K, committed 69248K, reserved 1114112K
  class space    used 7241K, committed 7872K, reserved 1048576K
}
Event: 373.999 GC heap before
{Heap before GC invocations=71 (full 3):
 PSYoungGen      total 17920K, used 17567K [0x00000000d5580000, 0x00000000d6e80000, 0x0000000100000000)
  eden space 10240K, 100% used [0x00000000d5580000,0x00000000d5f80000,0x00000000d5f80000)
  from space 7680K, 95% used [0x00000000d5f80000,0x00000000d66a7d40,0x00000000d6700000)
  to   space 7680K, 0% used [0x00000000d6700000,0x00000000d6700000,0x00000000d6e80000)
 ParOldGen       total 94720K, used 94571K [0x0000000080000000, 0x0000000085c80000, 0x00000000d5580000)
  object space 94720K, 99% used [0x0000000080000000,0x0000000085c5ade0,0x0000000085c80000)
 Metaspace       used 68073K, committed 69568K, reserved 1114112K
  class space    used 7281K, committed 7936K, reserved 1048576K
}
Event: 374.025 GC heap after
{Heap after GC invocations=71 (full 3):
 PSYoungGen      total 14848K, used 4378K [0x00000000d5580000, 0x00000000d6b80000, 0x0000000100000000)
  eden space 10240K, 0% used [0x00000000d5580000,0x00000000d5580000,0x00000000d5f80000)
  from space 4608K, 95% used [0x00000000d6700000,0x00000000d6b46b30,0x00000000d6b80000)
  to   space 5632K, 0% used [0x00000000d6080000,0x00000000d6080000,0x00000000d6600000)
 ParOldGen       total 101888K, used 101882K [0x0000000080000000, 0x0000000086380000, 0x00000000d5580000)
  object space 101888K, 99% used [0x0000000080000000,0x000000008637eb20,0x0000000086380000)
 Metaspace       used 68073K, committed 69568K, reserved 1114112K
  class space    used 7281K, committed 7936K, reserved 1048576K
}
Event: 375.051 GC heap before
{Heap before GC invocations=72 (full 3):
 PSYoungGen      total 14848K, used 14618K [0x00000000d5580000, 0x00000000d6b80000, 0x0000000100000000)
  eden space 10240K, 100% used [0x00000000d5580000,0x00000000d5f80000,0x00000000d5f80000)
  from space 4608K, 95% used [0x00000000d6700000,0x00000000d6b46b30,0x00000000d6b80000)
  to   space 5632K, 0% used [0x00000000d6080000,0x00000000d6080000,0x00000000d6600000)
 ParOldGen       total 101888K, used 101882K [0x0000000080000000, 0x0000000086380000, 0x00000000d5580000)
  object space 101888K, 99% used [0x0000000080000000,0x000000008637eb20,0x0000000086380000)
 Metaspace       used 68389K, committed 69824K, reserved 1114112K
  class space    used 7322K, committed 7936K, reserved 1048576K
}
Event: 375.063 GC heap after
{Heap after GC invocations=72 (full 3):
 PSYoungGen      total 11776K, used 1440K [0x00000000d5580000, 0x00000000d6780000, 0x0000000100000000)
  eden space 10240K, 0% used [0x00000000d5580000,0x00000000d5580000,0x00000000d5f80000)
  from space 1536K, 93% used [0x00000000d6080000,0x00000000d61e8000,0x00000000d6200000)
  to   space 3072K, 0% used [0x00000000d6480000,0x00000000d6480000,0x00000000d6780000)
 ParOldGen       total 106496K, used 106022K [0x0000000080000000, 0x0000000086800000, 0x00000000d5580000)
  object space 106496K, 99% used [0x0000000080000000,0x0000000086789b20,0x0000000086800000)
 Metaspace       used 68389K, committed 69824K, reserved 1114112K
  class space    used 7322K, committed 7936K, reserved 1048576K
}
Event: 376.181 GC heap before
{Heap before GC invocations=73 (full 3):
 PSYoungGen      total 11776K, used 11680K [0x00000000d5580000, 0x00000000d6780000, 0x0000000100000000)
  eden space 10240K, 100% used [0x00000000d5580000,0x00000000d5f80000,0x00000000d5f80000)
  from space 1536K, 93% used [0x00000000d6080000,0x00000000d61e8000,0x00000000d6200000)
  to   space 3072K, 0% used [0x00000000d6480000,0x00000000d6480000,0x00000000d6780000)
 ParOldGen       total 138240K, used 136742K [0x0000000080000000, 0x0000000088700000, 0x00000000d5580000)
  object space 138240K, 98% used [0x0000000080000000,0x0000000088589b50,0x0000000088700000)
 Metaspace       used 69035K, committed 70528K, reserved 1114112K
  class space    used 7394K, committed 8064K, reserved 1048576K
}
Event: 376.196 GC heap after
{Heap after GC invocations=73 (full 3):
 PSYoungGen      total 11264K, used 581K [0x00000000d5580000, 0x00000000d6580000, 0x0000000100000000)
  eden space 10240K, 0% used [0x00000000d5580000,0x00000000d5580000,0x00000000d5f80000)
  from space 1024K, 56% used [0x00000000d6480000,0x00000000d6511420,0x00000000d6580000)
  to   space 1536K, 0% used [0x00000000d6280000,0x00000000d6280000,0x00000000d6400000)
 ParOldGen       total 138240K, used 137503K [0x0000000080000000, 0x0000000088700000, 0x00000000d5580000)
  object space 138240K, 99% used [0x0000000080000000,0x0000000088647d68,0x0000000088700000)
 Metaspace       used 69035K, committed 70528K, reserved 1114112K
  class space    used 7394K, committed 8064K, reserved 1048576K
}

Dll operation events (12 events):
Event: 0.032 Loaded shared library c:\Users\Swathi\.windsurf\extensions\redhat.java-1.53.0-win32-x64\jre\21.0.10-win32-x86_64\bin\java.dll
Event: 0.407 Loaded shared library c:\Users\Swathi\.windsurf\extensions\redhat.java-1.53.0-win32-x64\jre\21.0.10-win32-x86_64\bin\zip.dll
Event: 0.738 Loaded shared library C:\Users\Swathi\.windsurf\extensions\redhat.java-1.53.0-win32-x64\jre\21.0.10-win32-x86_64\bin\instrument.dll
Event: 0.752 Loaded shared library C:\Users\Swathi\.windsurf\extensions\redhat.java-1.53.0-win32-x64\jre\21.0.10-win32-x86_64\bin\net.dll
Event: 0.754 Loaded shared library C:\Users\Swathi\.windsurf\extensions\redhat.java-1.53.0-win32-x64\jre\21.0.10-win32-x86_64\bin\nio.dll
Event: 0.765 Loaded shared library C:\Users\Swathi\.windsurf\extensions\redhat.java-1.53.0-win32-x64\jre\21.0.10-win32-x86_64\bin\zip.dll
Event: 0.996 Loaded shared library C:\Users\Swathi\.windsurf\extensions\redhat.java-1.53.0-win32-x64\jre\21.0.10-win32-x86_64\bin\jimage.dll
Event: 1.852 Loaded shared library c:\Users\Swathi\.windsurf\extensions\redhat.java-1.53.0-win32-x64\jre\21.0.10-win32-x86_64\bin\verify.dll
Event: 75.864 Loaded shared library C:\Users\Swathi\AppData\Roaming\Windsurf\User\globalStorage\redhat.java\1.53.0\config_win\org.eclipse.equinox.launcher\org.eclipse.equinox.launcher.win32.win32.x86_64_1.3.0.v20260203-2149\eclipse_11919.dll
Event: 132.483 Loaded shared library C:\Users\Swathi\AppData\Local\Temp\jna--1805844232\jna6102485566130141126.dll
Event: 143.245 Loaded shared library C:\Users\Swathi\.windsurf\extensions\redhat.java-1.53.0-win32-x64\jre\21.0.10-win32-x86_64\bin\sunmscapi.dll
Event: 145.291 Loaded shared library C:\Users\Swathi\.windsurf\extensions\redhat.java-1.53.0-win32-x64\jre\21.0.10-win32-x86_64\bin\extnet.dll

Deoptimization events (20 events):
Event: 376.207 Thread 0x00000200ea5268f0 DEOPT PACKING pc=0x000002008ebb7812 sp=0x00000065c60fdc30
Event: 376.207 Thread 0x00000200ea5268f0 DEOPT UNPACKING pc=0x0000020094f878e2 sp=0x00000065c60fd0e8 mode 0
Event: 376.884 Thread 0x00000200ea5268f0 Uncommon trap: trap_request=0xffffffbe fr.pc=0x0000020095bbb8c0 relative=0x00000000000003e0
Event: 376.884 Thread 0x00000200ea5268f0 Uncommon trap: reason=profile_predicate action=maybe_recompile pc=0x0000020095bbb8c0 method=java.util.Arrays.binarySearch0([Ljava/lang/Object;IILjava/lang/Object;)I @ 12 c2
Event: 376.884 Thread 0x00000200ea5268f0 DEOPT PACKING pc=0x0000020095bbb8c0 sp=0x00000065c60fe420
Event: 376.884 Thread 0x00000200ea5268f0 DEOPT UNPACKING pc=0x0000020094f86da2 sp=0x00000065c60fe3a0 mode 2
Event: 376.969 Thread 0x00000200e72c4670 Uncommon trap: trap_request=0xfffffff4 fr.pc=0x0000020095c0c3b8 relative=0x0000000000004238
Event: 376.969 Thread 0x00000200e72c4670 Uncommon trap: reason=null_check action=make_not_entrant pc=0x0000020095c0c3b8 method=org.eclipse.jdt.internal.core.index.DiskIndex.mergeCategory([CLorg/eclipse/jdt/internal/core/index/DiskIndex;[ILjava/io/OutputStream;)V @ 8 c2
Event: 376.969 Thread 0x00000200e72c4670 DEOPT PACKING pc=0x0000020095c0c3b8 sp=0x00000065c4efebc0
Event: 376.969 Thread 0x00000200e72c4670 DEOPT UNPACKING pc=0x0000020094f86da2 sp=0x00000065c4efeba0 mode 2
Event: 376.970 Thread 0x00000200e72c4670 Uncommon trap: trap_request=0xffffff45 fr.pc=0x0000020095bdf134 relative=0x0000000000000274
Event: 376.970 Thread 0x00000200e72c4670 Uncommon trap: reason=unstable_if action=reinterpret pc=0x0000020095bdf134 method=org.eclipse.jdt.internal.core.index.DiskIndex.writeCategoryTable([CLorg/eclipse/jdt/internal/compiler/util/HashtableOfObject;Ljava/io/OutputStream;)V @ 102 c2
Event: 376.970 Thread 0x00000200e72c4670 DEOPT PACKING pc=0x0000020095bdf134 sp=0x00000065c4efeb10
Event: 376.971 Thread 0x00000200e72c4670 DEOPT UNPACKING pc=0x0000020094f86da2 sp=0x00000065c4efeae0 mode 2
Event: 377.715 Thread 0x00000200e72c4670 Uncommon trap: trap_request=0xffffff45 fr.pc=0x0000020095bda738 relative=0x0000000000000b58
Event: 377.715 Thread 0x00000200e72c4670 Uncommon trap: reason=unstable_if action=reinterpret pc=0x0000020095bda738 method=org.eclipse.jdt.internal.core.index.DiskIndex.mergeCategory([CLorg/eclipse/jdt/internal/core/index/DiskIndex;[ILjava/io/OutputStream;)V @ 278 c2
Event: 377.715 Thread 0x00000200e72c4670 DEOPT PACKING pc=0x0000020095bda738 sp=0x00000065c4efeb10
Event: 377.715 Thread 0x00000200e72c4670 DEOPT UNPACKING pc=0x0000020094f86da2 sp=0x00000065c4efeb08 mode 2
Event: 377.720 Thread 0x00000200e72c4670 DEOPT PACKING pc=0x000002008f1b45cc sp=0x00000065c4efe940
Event: 377.720 Thread 0x00000200e72c4670 DEOPT UNPACKING pc=0x0000020094f878e2 sp=0x00000065c4efdf08 mode 0

Classes loaded (20 events):
Event: 365.101 Loading class java/nio/file/DirectoryIteratorException
Event: 365.181 Loading class java/nio/file/DirectoryIteratorException done
Event: 366.130 Loading class java/util/zip/CheckedInputStream
Event: 366.131 Loading class java/util/zip/CheckedInputStream done
Event: 367.597 Loading class java/nio/file/FileTreeIterator
Event: 367.598 Loading class java/nio/file/FileTreeIterator done
Event: 368.893 Loading class java/nio/file/Files$2
Event: 368.893 Loading class java/nio/file/Files$2 done
Event: 369.030 Loading class java/util/concurrent/ArrayBlockingQueue
Event: 369.040 Loading class java/util/concurrent/ArrayBlockingQueue done
Event: 376.057 Loading class java/nio/BufferMismatch
Event: 376.064 Loading class java/nio/BufferMismatch done
Event: 376.387 Loading class java/util/AbstractList$RandomAccessSubList
Event: 376.388 Loading class java/util/AbstractList$SubList
Event: 376.389 Loading class java/util/AbstractList$SubList done
Event: 376.389 Loading class java/util/AbstractList$RandomAccessSubList done
Event: 376.389 Loading class java/util/AbstractList$SubList$1
Event: 376.389 Loading class java/util/AbstractList$SubList$1 done
Event: 376.616 Loading class java/util/ImmutableCollections$SubList
Event: 376.618 Loading class java/util/ImmutableCollections$SubList done

Classes unloaded (7 events):
Event: 135.351 Thread 0x000002008a8bcbc0 Unloading class 0x00000200a31a3000 'java/lang/invoke/LambdaForm$MH+0x00000200a31a3000'
Event: 135.351 Thread 0x000002008a8bcbc0 Unloading class 0x00000200a31a2c00 'java/lang/invoke/LambdaForm$MH+0x00000200a31a2c00'
Event: 135.351 Thread 0x000002008a8bcbc0 Unloading class 0x00000200a31a2800 'java/lang/invoke/LambdaForm$MH+0x00000200a31a2800'
Event: 135.351 Thread 0x000002008a8bcbc0 Unloading class 0x00000200a31a2400 'java/lang/invoke/LambdaForm$MH+0x00000200a31a2400'
Event: 135.351 Thread 0x000002008a8bcbc0 Unloading class 0x00000200a31a2000 'java/lang/invoke/LambdaForm$BMH+0x00000200a31a2000'
Event: 135.351 Thread 0x000002008a8bcbc0 Unloading class 0x00000200a31a1c00 'java/lang/invoke/LambdaForm$DMH+0x00000200a31a1c00'
Event: 135.351 Thread 0x000002008a8bcbc0 Unloading class 0x00000200a31a0800 'java/lang/invoke/LambdaForm$DMH+0x00000200a31a0800'

Classes redefined (0 events):
No events

Internal exceptions (20 events):
Event: 174.366 Thread 0x00000200e72c3fe0 Exception <a 'java/lang/NoSuchMethodError'{0x00000000d5deacb8}: 'java.lang.Object java.lang.invoke.DirectMethodHandle$Holder.invokeStatic(java.lang.Object, java.lang.Object, int, java.lang.Object)'> (0x00000000d5deacb8) 
thrown [s\src\hotspot\share\interpreter\linkResolver.cpp, line 773]
Event: 174.368 Thread 0x00000200e72c3fe0 Exception <a 'java/lang/NoSuchMethodError'{0x00000000d5df13c8}: 'java.lang.Object java.lang.invoke.DirectMethodHandle$Holder.newInvokeSpecial(java.lang.Object, java.lang.Object, int)'> (0x00000000d5df13c8) 
thrown [s\src\hotspot\share\interpreter\linkResolver.cpp, line 773]
Event: 202.050 Thread 0x00000200ea525bd0 Exception <a 'java/lang/IncompatibleClassChangeError'{0x00000000d5e74738}: Found class java.lang.Object, but interface was expected> (0x00000000d5e74738) 
thrown [s\src\hotspot\share\interpreter\linkResolver.cpp, line 840]
Event: 355.517 Thread 0x00000200ea525bd0 Exception <a 'sun/nio/fs/WindowsException'{0x00000000d6046590}> (0x00000000d6046590) 
thrown [s\src\hotspot\share\prims\jni.cpp, line 520]
Event: 355.527 Thread 0x00000200ea525bd0 Exception <a 'sun/nio/fs/WindowsException'{0x00000000d6047350}> (0x00000000d6047350) 
thrown [s\src\hotspot\share\prims\jni.cpp, line 520]
Event: 363.934 Thread 0x00000200ea5268f0 Exception <a 'java/io/FileNotFoundException'{0x00000000d58cba58}> (0x00000000d58cba58) 
thrown [s\src\hotspot\share\prims\jni.cpp, line 520]
Event: 363.947 Thread 0x00000200ea5268f0 Exception <a 'java/io/FileNotFoundException'{0x00000000d590e460}> (0x00000000d590e460) 
thrown [s\src\hotspot\share\prims\jni.cpp, line 520]
Event: 363.949 Thread 0x00000200ea5268f0 Exception <a 'java/io/FileNotFoundException'{0x00000000d590f498}> (0x00000000d590f498) 
thrown [s\src\hotspot\share\prims\jni.cpp, line 520]
Event: 369.124 Thread 0x00000200ea526f80 Implicit null exception at 0x0000020095bbd0d5 to 0x0000020095bbd634
Event: 370.473 Thread 0x00000200ea5268f0 Exception <a 'java/lang/NoSuchMethodError'{0x00000000d5b8aef8}: 'java.lang.Object java.lang.invoke.DirectMethodHandle$Holder.newInvokeSpecial(java.lang.Object, java.lang.Object, int, java.lang.Object, java.lang.Object)'> (0x00000000d5b8aef8) 
thrown [s\src\hotspot\share\interpreter\linkResolver.cpp, line 773]
Event: 370.728 Thread 0x00000200ea5268f0 Exception <a 'java/lang/NoSuchMethodError'{0x00000000d5586fd8}: 'java.lang.Object java.lang.invoke.DirectMethodHandle$Holder.invokeSpecial(java.lang.Object, java.lang.Object, java.lang.Object, int, java.lang.Object, java.lang.Object, java.lang.Object)'> (0x00000000d5586fd8) 
thrown [s\src\hotspot\share\interpreter\linkResolver.cpp, line 773]
Event: 370.760 Thread 0x00000200ea5268f0 Exception <a 'java/lang/NoSuchMethodError'{0x00000000d558f160}: 'java.lang.Object java.lang.invoke.DirectMethodHandle$Holder.invokeStatic(java.lang.Object, java.lang.Object, int, java.lang.Object, java.lang.Object)'> (0x00000000d558f160) 
thrown [s\src\hotspot\share\interpreter\linkResolver.cpp, line 773]
Event: 371.144 Thread 0x00000200ea5268f0 Exception <a 'java/lang/NoSuchMethodError'{0x00000000d5aaef70}: 'void java.lang.invoke.DirectMethodHandle$Holder.invokeStatic(java.lang.Object, int)'> (0x00000000d5aaef70) 
thrown [s\src\hotspot\share\interpreter\linkResolver.cpp, line 773]
Event: 372.073 Thread 0x00000200e72c4670 Exception <a 'sun/nio/fs/WindowsException'{0x00000000d5ae9f18}> (0x00000000d5ae9f18) 
thrown [s\src\hotspot\share\prims\jni.cpp, line 520]
Event: 374.607 Thread 0x00000200ea5268f0 Exception <a 'java/io/FileNotFoundException'{0x00000000d58ac588}> (0x00000000d58ac588) 
thrown [s\src\hotspot\share\prims\jni.cpp, line 520]
Event: 374.614 Thread 0x00000200ea5268f0 Exception <a 'java/io/FileNotFoundException'{0x00000000d58ad850}> (0x00000000d58ad850) 
thrown [s\src\hotspot\share\prims\jni.cpp, line 520]
Event: 374.615 Thread 0x00000200ea5268f0 Exception <a 'java/io/FileNotFoundException'{0x00000000d58ae858}> (0x00000000d58ae858) 
thrown [s\src\hotspot\share\prims\jni.cpp, line 520]
Event: 374.739 Thread 0x00000200e72c4670 Implicit null exception at 0x0000020095b6ccc2 to 0x0000020095b6d3b4
Event: 376.969 Thread 0x00000200e72c4670 Implicit null exception at 0x0000020095c08615 to 0x0000020095c0c39c
Event: 377.548 Thread 0x00000200e72c4670 Exception <a 'sun/nio/fs/WindowsException'{0x00000000d59a7100}> (0x00000000d59a7100) 
thrown [s\src\hotspot\share\prims\jni.cpp, line 520]

ZGC Phase Switch (0 events):
No events

VM Operations (20 events):
Event: 370.660 Executing safepoint VM operation: ParallelGCFailedAllocation (Allocation Failure)
Event: 370.686 Executing safepoint VM operation: ParallelGCFailedAllocation (Allocation Failure) done
Event: 371.694 Executing safepoint VM operation: Cleanup
Event: 371.694 Executing safepoint VM operation: Cleanup done
Event: 372.699 Executing safepoint VM operation: Cleanup
Event: 372.700 Executing safepoint VM operation: Cleanup done
Event: 373.711 Executing safepoint VM operation: Cleanup
Event: 373.711 Executing safepoint VM operation: Cleanup done
Event: 373.999 Executing safepoint VM operation: ParallelGCFailedAllocation (Allocation Failure)
Event: 374.025 Executing safepoint VM operation: ParallelGCFailedAllocation (Allocation Failure) done
Event: 375.038 Executing safepoint VM operation: Cleanup
Event: 375.039 Executing safepoint VM operation: Cleanup done
Event: 375.051 Executing safepoint VM operation: ParallelGCFailedAllocation (Allocation Failure)
Event: 375.063 Executing safepoint VM operation: ParallelGCFailedAllocation (Allocation Failure) done
Event: 375.971 Executing non-safepoint VM operation: HandshakeAllThreads (Deoptimize)
Event: 375.972 Executing non-safepoint VM operation: HandshakeAllThreads (Deoptimize) done
Event: 376.181 Executing safepoint VM operation: ParallelGCFailedAllocation (Allocation Failure)
Event: 376.196 Executing safepoint VM operation: ParallelGCFailedAllocation (Allocation Failure) done
Event: 377.202 Executing safepoint VM operation: Cleanup
Event: 377.202 Executing safepoint VM operation: Cleanup done

Memory protections (0 events):
No events

Nmethod flushes (20 events):
Event: 159.170 Thread 0x000002008a8bcbc0 flushing  nmethod 0x000002008e3ac790
Event: 159.170 Thread 0x000002008a8bcbc0 flushing  nmethod 0x000002008e3ad610
Event: 159.170 Thread 0x000002008a8bcbc0 flushing  nmethod 0x000002008e3ae810
Event: 159.170 Thread 0x000002008a8bcbc0 flushing osr nmethod 0x000002008e3b3a10
Event: 159.170 Thread 0x000002008a8bcbc0 flushing  nmethod 0x000002008e3dd510
Event: 159.170 Thread 0x000002008a8bcbc0 flushing  nmethod 0x000002008e3eec10
Event: 159.170 Thread 0x000002008a8bcbc0 flushing  nmethod 0x000002008e3f1790
Event: 159.170 Thread 0x000002008a8bcbc0 flushing  nmethod 0x000002008e3f4e10
Event: 159.170 Thread 0x000002008a8bcbc0 flushing  nmethod 0x000002008e3f5410
Event: 159.170 Thread 0x000002008a8bcbc0 flushing  nmethod 0x000002008e3f5c90
Event: 159.170 Thread 0x000002008a8bcbc0 flushing  nmethod 0x000002008e3f6210
Event: 159.170 Thread 0x000002008a8bcbc0 flushing  nmethod 0x000002008e3f6810
Event: 159.170 Thread 0x000002008a8bcbc0 flushing  nmethod 0x000002008e3f6b90
Event: 159.170 Thread 0x000002008a8bcbc0 flushing  nmethod 0x000002008e3fbc90
Event: 159.170 Thread 0x000002008a8bcbc0 flushing  nmethod 0x000002008e407790
Event: 159.170 Thread 0x000002008a8bcbc0 flushing  nmethod 0x000002008e40df10
Event: 159.170 Thread 0x000002008a8bcbc0 flushing  nmethod 0x000002008e40e590
Event: 159.170 Thread 0x000002008a8bcbc0 flushing  nmethod 0x000002008e44cb90
Event: 159.170 Thread 0x000002008a8bcbc0 flushing  nmethod 0x000002008e450390
Event: 159.170 Thread 0x000002008a8bcbc0 flushing  nmethod 0x000002008e479090

Events (20 events):
Event: 172.897 Thread 0x00000200eb432730 Thread exited: 0x00000200eb432730
Event: 172.898 Thread 0x00000200ea526f80 Thread exited: 0x00000200ea526f80
Event: 172.898 Thread 0x00000200ea526260 Thread exited: 0x00000200ea526260
Event: 172.898 Thread 0x00000200ea527610 Thread exited: 0x00000200ea527610
Event: 172.899 Thread 0x00000200ea5268f0 Thread exited: 0x00000200ea5268f0
Event: 173.835 Thread 0x00000200ea521a30 Thread added: 0x00000200ea5268f0
Event: 233.921 Thread 0x00000200ea521a30 Thread exited: 0x00000200ea521a30
Event: 367.098 Thread 0x00000200ea5268f0 Thread added: 0x00000200ea521a30
Event: 369.043 Thread 0x00000200ea5268f0 Thread added: 0x00000200ea526f80
Event: 371.576 Thread 0x00000200e72c3fe0 Thread added: 0x00000200ea527610
Event: 374.835 Thread 0x00000200ea5268f0 Thread added: 0x00000200eb755e70
Event: 374.835 Thread 0x00000200ea5268f0 Thread added: 0x00000200eb755150
Event: 374.835 Thread 0x00000200ea5268f0 Thread added: 0x00000200eb754ac0
Event: 374.835 Thread 0x00000200ea5268f0 Thread added: 0x00000200eb7557e0
Event: 374.835 Thread 0x00000200ea5268f0 Thread added: 0x00000200eb753da0
Event: 375.217 Thread 0x00000200eb753da0 Thread exited: 0x00000200eb753da0
Event: 375.217 Thread 0x00000200eb755150 Thread exited: 0x00000200eb755150
Event: 375.217 Thread 0x00000200eb754ac0 Thread exited: 0x00000200eb754ac0
Event: 375.217 Thread 0x00000200eb7557e0 Thread exited: 0x00000200eb7557e0
Event: 375.217 Thread 0x00000200eb755e70 Thread exited: 0x00000200eb755e70


Dynamic libraries:
0x00007ff7868c0000 - 0x00007ff7868ce000 	c:\Users\Swathi\.windsurf\extensions\redhat.java-1.53.0-win32-x64\jre\21.0.10-win32-x86_64\bin\java.exe
0x00007ffe45dc0000 - 0x00007ffe46027000 	C:\WINDOWS\SYSTEM32\ntdll.dll
0x00007ffe44cc0000 - 0x00007ffe44d89000 	C:\WINDOWS\System32\KERNEL32.DLL
0x00007ffe42a30000 - 0x00007ffe42e21000 	C:\WINDOWS\System32\KERNELBASE.dll
0x00007ffe43950000 - 0x00007ffe43a9b000 	C:\WINDOWS\System32\ucrtbase.dll
0x00007ffe3afd0000 - 0x00007ffe3afe8000 	c:\Users\Swathi\.windsurf\extensions\redhat.java-1.53.0-win32-x64\jre\21.0.10-win32-x86_64\bin\jli.dll
0x00007ffe45200000 - 0x00007ffe453c5000 	C:\WINDOWS\System32\USER32.dll
0x00007ffe43aa0000 - 0x00007ffe43ac7000 	C:\WINDOWS\System32\win32u.dll
0x00007ffe457c0000 - 0x00007ffe457eb000 	C:\WINDOWS\System32\GDI32.dll
0x00007ffe42e30000 - 0x00007ffe42f5a000 	C:\WINDOWS\System32\gdi32full.dll
0x00007ffe426a0000 - 0x00007ffe42743000 	C:\WINDOWS\System32\msvcp_win.dll
0x00007ffe3af20000 - 0x00007ffe3af3e000 	c:\Users\Swathi\.windsurf\extensions\redhat.java-1.53.0-win32-x64\jre\21.0.10-win32-x86_64\bin\VCRUNTIME140.dll
0x00007ffe342c0000 - 0x00007ffe34553000 	C:\WINDOWS\WinSxS\amd64_microsoft.windows.common-controls_6595b64144ccf1df_6.0.26100.7922_none_3e089e1ee3342171\COMCTL32.dll
0x00007ffe442b0000 - 0x00007ffe44359000 	C:\WINDOWS\System32\msvcrt.dll
0x00007ffe45d00000 - 0x00007ffe45d31000 	C:\WINDOWS\System32\IMM32.DLL
0x00007ffe3b6d0000 - 0x00007ffe3b6dc000 	c:\Users\Swathi\.windsurf\extensions\redhat.java-1.53.0-win32-x64\jre\21.0.10-win32-x86_64\bin\vcruntime140_1.dll
0x00007ffe0eb80000 - 0x00007ffe0ec0d000 	c:\Users\Swathi\.windsurf\extensions\redhat.java-1.53.0-win32-x64\jre\21.0.10-win32-x86_64\bin\msvcp140.dll
0x00007ffdcd630000 - 0x00007ffdce3d1000 	c:\Users\Swathi\.windsurf\extensions\redhat.java-1.53.0-win32-x64\jre\21.0.10-win32-x86_64\bin\server\jvm.dll
0x00007ffe44ad0000 - 0x00007ffe44b8b000 	C:\WINDOWS\System32\ADVAPI32.dll
0x00007ffe44b90000 - 0x00007ffe44c37000 	C:\WINDOWS\System32\sechost.dll
0x00007ffe44ef0000 - 0x00007ffe45008000 	C:\WINDOWS\System32\RPCRT4.dll
0x00007ffe45c80000 - 0x00007ffe45cf4000 	C:\WINDOWS\System32\WS2_32.dll
0x00007ffe42520000 - 0x00007ffe4257e000 	C:\WINDOWS\SYSTEM32\POWRPROF.dll
0x00007ffe30e70000 - 0x00007ffe30ea5000 	C:\WINDOWS\SYSTEM32\WINMM.dll
0x00007ffe34d90000 - 0x00007ffe34d9b000 	C:\WINDOWS\SYSTEM32\VERSION.dll
0x00007ffe42500000 - 0x00007ffe42514000 	C:\WINDOWS\SYSTEM32\UMPDC.dll
0x00007ffe41410000 - 0x00007ffe4142b000 	C:\WINDOWS\SYSTEM32\kernel.appcore.dll
0x00007ffe3b080000 - 0x00007ffe3b08a000 	c:\Users\Swathi\.windsurf\extensions\redhat.java-1.53.0-win32-x64\jre\21.0.10-win32-x86_64\bin\jimage.dll
0x00007ffe40560000 - 0x00007ffe407a2000 	C:\WINDOWS\SYSTEM32\DBGHELP.DLL
0x00007ffe458f0000 - 0x00007ffe45c72000 	C:\WINDOWS\System32\combase.dll
0x00007ffe456b0000 - 0x00007ffe45787000 	C:\WINDOWS\System32\OLEAUT32.dll
0x00007ffe2c680000 - 0x00007ffe2c6bb000 	C:\WINDOWS\SYSTEM32\dbgcore.DLL
0x00007ffe42980000 - 0x00007ffe42a25000 	C:\WINDOWS\System32\bcryptPrimitives.dll
0x00007ffe36a60000 - 0x00007ffe36a6f000 	c:\Users\Swathi\.windsurf\extensions\redhat.java-1.53.0-win32-x64\jre\21.0.10-win32-x86_64\bin\instrument.dll
0x00007ffe36810000 - 0x00007ffe36830000 	c:\Users\Swathi\.windsurf\extensions\redhat.java-1.53.0-win32-x64\jre\21.0.10-win32-x86_64\bin\java.dll
0x00007ffe44360000 - 0x00007ffe44abf000 	C:\WINDOWS\System32\SHELL32.dll
0x00007ffe42750000 - 0x00007ffe428ba000 	C:\WINDOWS\System32\wintypes.dll
0x00007ffe430e0000 - 0x00007ffe43944000 	C:\WINDOWS\System32\windows.storage.dll
0x00007ffe457f0000 - 0x00007ffe458e7000 	C:\WINDOWS\System32\SHCORE.dll
0x00007ffe44d90000 - 0x00007ffe44df7000 	C:\WINDOWS\System32\shlwapi.dll
0x00007ffe425c0000 - 0x00007ffe425e9000 	C:\WINDOWS\SYSTEM32\profapi.dll
0x00007ffe336d0000 - 0x00007ffe336e8000 	c:\Users\Swathi\.windsurf\extensions\redhat.java-1.53.0-win32-x64\jre\21.0.10-win32-x86_64\bin\zip.dll
0x00007ffe3b6e0000 - 0x00007ffe3b6f0000 	C:\Users\Swathi\.windsurf\extensions\redhat.java-1.53.0-win32-x64\jre\21.0.10-win32-x86_64\bin\net.dll
0x00007ffe37fe0000 - 0x00007ffe38107000 	C:\WINDOWS\SYSTEM32\WINHTTP.dll
0x00007ffe419a0000 - 0x00007ffe41a0b000 	C:\WINDOWS\system32\mswsock.dll
0x00007ffe35400000 - 0x00007ffe35416000 	C:\Users\Swathi\.windsurf\extensions\redhat.java-1.53.0-win32-x64\jre\21.0.10-win32-x86_64\bin\nio.dll
0x00007ffe36a50000 - 0x00007ffe36a60000 	c:\Users\Swathi\.windsurf\extensions\redhat.java-1.53.0-win32-x64\jre\21.0.10-win32-x86_64\bin\verify.dll
0x00007ffe1c120000 - 0x00007ffe1c165000 	C:\Users\Swathi\AppData\Roaming\Windsurf\User\globalStorage\redhat.java\1.53.0\config_win\org.eclipse.equinox.launcher\org.eclipse.equinox.launcher.win32.win32.x86_64_1.3.0.v20260203-2149\eclipse_11919.dll
0x00007ffe45510000 - 0x00007ffe456a5000 	C:\WINDOWS\System32\ole32.dll
0x00007ffe41c80000 - 0x00007ffe41c9b000 	C:\WINDOWS\SYSTEM32\CRYPTSP.dll
0x00007ffe41370000 - 0x00007ffe413a9000 	C:\WINDOWS\system32\rsaenh.dll
0x00007ffe41a50000 - 0x00007ffe41a82000 	C:\WINDOWS\SYSTEM32\USERENV.dll
0x00007ffe42590000 - 0x00007ffe425ba000 	C:\WINDOWS\SYSTEM32\bcrypt.dll
0x00007ffe41ca0000 - 0x00007ffe41cac000 	C:\WINDOWS\SYSTEM32\CRYPTBASE.dll
0x00007ffe40e40000 - 0x00007ffe40e73000 	C:\WINDOWS\SYSTEM32\IPHLPAPI.DLL
0x00007ffe45d40000 - 0x00007ffe45d4a000 	C:\WINDOWS\System32\NSI.dll
0x00007ffe19c70000 - 0x00007ffe19cb9000 	C:\Users\Swathi\AppData\Local\Temp\jna--1805844232\jna6102485566130141126.dll
0x00007ffe441a0000 - 0x00007ffe441a8000 	C:\WINDOWS\System32\PSAPI.DLL
0x00007ffe3cca0000 - 0x00007ffe3ccbd000 	C:\WINDOWS\SYSTEM32\dhcpcsvc6.DLL
0x00007ffe3b590000 - 0x00007ffe3b5b3000 	C:\WINDOWS\SYSTEM32\dhcpcsvc.DLL
0x00007ffe3f8e0000 - 0x00007ffe3f8ee000 	C:\Users\Swathi\.windsurf\extensions\redhat.java-1.53.0-win32-x64\jre\21.0.10-win32-x86_64\bin\sunmscapi.dll
0x00007ffe42f60000 - 0x00007ffe430d7000 	C:\WINDOWS\System32\CRYPT32.dll
0x00007ffe41ea0000 - 0x00007ffe41ed0000 	C:\WINDOWS\SYSTEM32\ncrypt.dll
0x00007ffe41e50000 - 0x00007ffe41e8f000 	C:\WINDOWS\SYSTEM32\NTASN1.dll
0x00007ffe40ee0000 - 0x00007ffe4100a000 	C:\WINDOWS\SYSTEM32\DNSAPI.dll
0x00007ffe30ac0000 - 0x00007ffe30acb000 	C:\Windows\System32\rasadhlp.dll
0x00007ffe35100000 - 0x00007ffe35186000 	C:\WINDOWS\System32\fwpuclnt.dll
0x00007ffe3b700000 - 0x00007ffe3b709000 	C:\Users\Swathi\.windsurf\extensions\redhat.java-1.53.0-win32-x64\jre\21.0.10-win32-x86_64\bin\extnet.dll

JVMTI agents:
c:\Users\Swathi\.windsurf\extensions\redhat.java-1.53.0-win32-x64\lombok\lombok-1.18.39-4050.jar path:c:\Users\Swathi\.windsurf\extensions\redhat.java-1.53.0-win32-x64\jre\21.0.10-win32-x86_64\bin\instrument.dll, loaded, initialized, instrumentlib options:none

dbghelp: loaded successfully - version: 4.0.5 - missing functions: none
symbol engine: initialized successfully - sym options: 0x614 - pdb path: .;c:\Users\Swathi\.windsurf\extensions\redhat.java-1.53.0-win32-x64\jre\21.0.10-win32-x86_64\bin;C:\WINDOWS\SYSTEM32;C:\WINDOWS\WinSxS\amd64_microsoft.windows.common-controls_6595b64144ccf1df_6.0.26100.7922_none_3e089e1ee3342171;c:\Users\Swathi\.windsurf\extensions\redhat.java-1.53.0-win32-x64\jre\21.0.10-win32-x86_64\bin\server;C:\Users\Swathi\AppData\Roaming\Windsurf\User\globalStorage\redhat.java\1.53.0\config_win\org.eclipse.equinox.launcher\org.eclipse.equinox.launcher.win32.win32.x86_64_1.3.0.v20260203-2149;C:\Users\Swathi\AppData\Local\Temp\jna--1805844232

VM Arguments:
jvm_args: --add-modules=ALL-SYSTEM --add-opens=java.base/java.util=ALL-UNNAMED --add-opens=java.base/java.lang=ALL-UNNAMED --add-opens=java.base/sun.nio.fs=ALL-UNNAMED -Declipse.application=org.eclipse.jdt.ls.core.id1 -Dosgi.bundles.defaultStartLevel=4 -Declipse.product=org.eclipse.jdt.ls.core.product -Djava.import.generatesMetadataFilesAtProjectRoot=false -DDetectVMInstallationsJob.disabled=true -Dfile.encoding=utf8 -XX:+UseParallelGC -XX:GCTimeRatio=4 -XX:AdaptiveSizePolicyWeight=90 -Dsun.zip.disableMemoryMapping=true -Xmx2G -Xms100m -Xlog:disable -javaagent:c:\Users\Swathi\.windsurf\extensions\redhat.java-1.53.0-win32-x64\lombok\lombok-1.18.39-4050.jar -XX:+HeapDumpOnOutOfMemoryError -XX:HeapDumpPath=c:\Users\Swathi\AppData\Roaming\Windsurf\User\workspaceStorage\17cebed599d5b7dc7390c2c8c682c7e6\redhat.java -Daether.dependencyCollector.impl=bf 
java_command: c:\Users\Swathi\.windsurf\extensions\redhat.java-1.53.0-win32-x64\server\plugins\org.eclipse.equinox.launcher_1.7.100.v20251111-0406.jar -configuration c:\Users\Swathi\AppData\Roaming\Windsurf\User\globalStorage\redhat.java\1.53.0\config_win -data c:\Users\Swathi\AppData\Roaming\Windsurf\User\workspaceStorage\17cebed599d5b7dc7390c2c8c682c7e6\redhat.java\jdt_ws --pipe=\\.\pipe\lsp-d0826884ae5d15853900605b4efd3ff3-sock
java_class_path (initial): c:\Users\Swathi\.windsurf\extensions\redhat.java-1.53.0-win32-x64\server\plugins\org.eclipse.equinox.launcher_1.7.100.v20251111-0406.jar
Launcher Type: SUN_STANDARD

[Global flags]
    uintx AdaptiveSizePolicyWeight                 = 90                                        {product} {command line}
     intx CICompilerCount                          = 3                                         {product} {ergonomic}
    uintx GCTimeRatio                              = 4                                         {product} {command line}
     bool HeapDumpOnOutOfMemoryError               = true                                   {manageable} {command line}
    ccstr HeapDumpPath                             = c:\Users\Swathi\AppData\Roaming\Windsurf\User\workspaceStorage\17cebed599d5b7dc7390c2c8c682c7e6\redhat.java         {manageable} {command line}
   size_t InitialHeapSize                          = 104857600                                 {product} {command line}
   size_t MaxHeapSize                              = 2147483648                                {product} {command line}
   size_t MaxNewSize                               = 715653120                                 {product} {ergonomic}
   size_t MinHeapDeltaBytes                        = 524288                                    {product} {ergonomic}
   size_t MinHeapSize                              = 104857600                                 {product} {command line}
   size_t NewSize                                  = 34603008                                  {product} {ergonomic}
    uintx NonNMethodCodeHeapSize                   = 5832780                                {pd product} {ergonomic}
    uintx NonProfiledCodeHeapSize                  = 122912730                              {pd product} {ergonomic}
   size_t OldSize                                  = 70254592                                  {product} {ergonomic}
    uintx ProfiledCodeHeapSize                     = 122912730                              {pd product} {ergonomic}
    uintx ReservedCodeCacheSize                    = 251658240                              {pd product} {ergonomic}
     bool SegmentedCodeCache                       = true                                      {product} {ergonomic}
   size_t SoftMaxHeapSize                          = 2147483648                             {manageable} {ergonomic}
     bool UseCompressedOops                        = true                           {product lp64_product} {ergonomic}
     bool UseLargePagesIndividualAllocation        = false                                  {pd product} {ergonomic}
     bool UseParallelGC                            = true                                      {product} {command line}

Logging:
Log output configuration:
 #0: stdout all=off uptime,level,tags foldmultilines=false
 #1: stderr all=off uptime,level,tags foldmultilines=false

Release file:
JAVA_VERSION="21.0.10" 
MODULES="java.base java.compiler java.datatransfer java.xml java.prefs java.desktop java.instrument java.logging java.management java.security.sasl java.naming java.rmi java.management.rmi java.net.http java.scripting java.security.jgss java.transaction.xa java.sql java.sql.rowset java.xml.crypto java.se java.smartcardio jdk.accessibility jdk.internal.jvmstat jdk.attach jdk.charsets jdk.internal.opt jdk.zipfs jdk.compiler jdk.crypto.ec jdk.crypto.cryptoki jdk.crypto.mscapi jdk.dynalink jdk.internal.ed jdk.editpad jdk.hotspot.agent jdk.httpserver jdk.internal.le jdk.internal.vm.ci jdk.internal.vm.compiler jdk.internal.vm.compiler.management jdk.jartool jdk.javadoc jdk.jcmd jdk.management jdk.management.agent jdk.jconsole jdk.jdeps jdk.jdwp.agent jdk.jdi jdk.jfr jdk.jshell jdk.jsobject jdk.jstatd jdk.localedata jdk.management.jfr jdk.naming.dns jdk.naming.rmi jdk.net jdk.nio.mapmode jdk.random jdk.sctp jdk.security.auth jdk.security.jgss jdk.unsupported jdk.unsupported.desktop jdk.xml.dom" 

Environment Variables:
PATH=C:\Program Files\Common Files\Oracle\Java\javapath;C:\Python313\Scripts\;C:\Python313\;C:\WINDOWS\system32;C:\WINDOWS;C:\WINDOWS\System32\Wbem;C:\WINDOWS\System32\WindowsPowerShell\v1.0\;C:\WINDOWS\System32\OpenSSH\;C:\ProgramData\chocolatey\bin;C:\Users\Swathi\AppData\Local\nvm;C:\nvm4w\nodejs;C:\Program Files\MySQL\MySQL Server 8.0\bin;C:\Program Files\Git\cmd;C:\Users\Swathi\AppData\Local\Microsoft\WindowsApps;C:\Users\Swathi\AppData\Local\Programs\Microsoft VS Code\bin;C:\Users\Swathi\AppData\Roaming\npm;C:\Users\Swathi\AppData\Local\nvm;C:\nvm4w\nodejs;C:\Users\Swathi\AppData\Local\Programs\Windsurf\bin;C:\Users\Swathi\AppData\Local\Programs\cursor\resources\app\bin
USERNAME=Swathi
OS=Windows_NT
PROCESSOR_IDENTIFIER=Intel64 Family 6 Model 126 Stepping 5, GenuineIntel
TMP=C:\Users\Swathi\AppData\Local\Temp
TEMP=C:\Users\Swathi\AppData\Local\Temp




Periodic native trim disabled

---------------  S Y S T E M  ---------------

OS:
 Windows 11 , 64 bit Build 26100 (10.0.26100.7920)
OS uptime: 1 days 18:25 hours
Hyper-V role detected

CPU: total 4 (initial active 4) (2 cores per cpu, 2 threads per core) family 6 model 126 stepping 5 microcode 0xa6, cx8, cmov, fxsr, ht, mmx, 3dnowpref, sse, sse2, sse3, ssse3, sse4.1, sse4.2, popcnt, lzcnt, tsc, tscinvbit, avx, avx2, aes, erms, clmul, bmi1, bmi2, adx, avx512f, avx512dq, avx512cd, avx512bw, avx512vl, sha, fma, vzeroupper, avx512_vpopcntdq, avx512_vpclmulqdq, avx512_vaes, avx512_vnni, clflush, clflushopt, avx512_vbmi2, avx512_vbmi, hv, rdtscp, rdpid, fsrm, gfni, avx512_bitalg, f16c, avx512_ifma
Processor Information for the first 4 processors :
  Max Mhz: 1190, Current Mhz: 1190, Mhz Limit: 1190

Memory: 4k page, system-wide physical 3891M (320M free)
TotalPageFile size 15667M (AvailPageFile size 0M)
current process WorkingSet (physical memory assigned to process): 251M, peak: 251M
current process commit charge ("private bytes"): 427M, peak: 429M

vm_info: OpenJDK 64-Bit Server VM (21.0.10+7-LTS) for windows-amd64 JRE (21.0.10+7-LTS), built on 2026-01-20T00:00:00Z by "admin" with MS VC++ 17.12 (VS2022)

END.
