#
# There is insufficient memory for the Java Runtime Environment to continue.
# Native memory allocation (malloc) failed to allocate 1048576 bytes. Error detail: AllocateHeap
# Possible reasons:
#   The system is out of physical RAM or swap space
#   This process is running with CompressedOops enabled, and the Java Heap may be blocking the growth of the native heap
# Possible solutions:
#   Reduce memory load on the system
#   Increase physical memory or swap space
#   Check if swap backing store is full
#   Decrease Java heap size (-Xmx/-Xms)
#   Decrease number of Java threads
#   Decrease Java thread stack sizes (-Xss)
#   Set larger code cache with -XX:ReservedCodeCacheSize=
#   JVM is running with Unscaled Compressed Oops mode in which the Java heap is
#     placed in the first 4GB address space. The Java Heap base address is the
#     maximum limit for the native heap growth. Please use -XX:HeapBaseMinAddress
#     to set the Java Heap base and to place the Java Heap above 4GB virtual address.
# This output file may be truncated or incomplete.
#
#  Out of Memory Error (allocation.cpp:44), pid=10808, tid=13992
#
# JRE version: OpenJDK Runtime Environment Temurin-21.0.10+7 (21.0.10+7) (build 21.0.10+7-LTS)
# Java VM: OpenJDK 64-Bit Server VM Temurin-21.0.10+7 (21.0.10+7-LTS, mixed mode, sharing, tiered, compressed oops, compressed class ptrs, parallel gc, windows-amd64)
# No core dump will be written. Minidumps are not enabled by default on client versions of Windows
#

---------------  S U M M A R Y ------------

Command Line: --add-modules=ALL-SYSTEM --add-opens=java.base/java.util=ALL-UNNAMED --add-opens=java.base/java.lang=ALL-UNNAMED --add-opens=java.base/sun.nio.fs=ALL-UNNAMED -Declipse.application=org.eclipse.jdt.ls.core.id1 -Dosgi.bundles.defaultStartLevel=4 -Declipse.product=org.eclipse.jdt.ls.core.product -Djava.import.generatesMetadataFilesAtProjectRoot=false -DDetectVMInstallationsJob.disabled=true -Dfile.encoding=utf8 -XX:+UseParallelGC -XX:GCTimeRatio=4 -XX:AdaptiveSizePolicyWeight=90 -Dsun.zip.disableMemoryMapping=true -Xmx2G -Xms100m -Xlog:disable -javaagent:c:\Users\Swathi\.windsurf\extensions\redhat.java-1.53.0-win32-x64\lombok\lombok-1.18.39-4050.jar -XX:+HeapDumpOnOutOfMemoryError -XX:HeapDumpPath=c:\Users\Swathi\AppData\Roaming\Windsurf\User\workspaceStorage\17cebed599d5b7dc7390c2c8c682c7e6\redhat.java -Daether.dependencyCollector.impl=bf c:\Users\Swathi\.windsurf\extensions\redhat.java-1.53.0-win32-x64\server\plugins\org.eclipse.equinox.launcher_1.7.100.v20251111-0406.jar -configuration c:\Users\Swathi\AppData\Roaming\Windsurf\User\globalStorage\redhat.java\1.53.0\config_win -data c:\Users\Swathi\AppData\Roaming\Windsurf\User\workspaceStorage\17cebed599d5b7dc7390c2c8c682c7e6\redhat.java\jdt_ws --pipe=\\.\pipe\lsp-a6492ddc4204750d05b0ccacc74319b9-sock

Host: Intel(R) Core(TM) i3-1005G1 CPU @ 1.20GHz, 4 cores, 3G,  Windows 11 , 64 bit Build 26100 (10.0.26100.7920)
Time: Fri Mar 13 22:27:13 2026 India Standard Time elapsed time: 93.181408 seconds (0d 0h 1m 33s)

---------------  T H R E A D  ---------------

Current thread (0x0000017271f45ba0):  JavaThread "Attach Listener" daemon [_thread_in_vm, id=13992, stack(0x0000006ba2600000,0x0000006ba2700000) (1024K)]

Stack: [0x0000006ba2600000,0x0000006ba2700000]
Native frames: (J=compiled Java code, j=interpreted, Vv=VM code, C=native code)
V  [jvm.dll+0x6d7a39]
V  [jvm.dll+0x8b4b26]
V  [jvm.dll+0x8b70de]
V  [jvm.dll+0x8b77c3]
V  [jvm.dll+0x284346]
V  [jvm.dll+0xc1277]
V  [jvm.dll+0x6d82e9]
V  [jvm.dll+0x1334a6]
V  [jvm.dll+0x3f857e]
V  [jvm.dll+0x85f59d]
V  [jvm.dll+0x6d626d]
C  [ucrtbase.dll+0x37b0]
C  [KERNEL32.DLL+0x2e8d7]
C  [ntdll.dll+0x8c48c]


---------------  P R O C E S S  ---------------

Threads class SMR info:
_java_thread_list=0x000001727e758640, length=46, elements={
0x000001725983cd90, 0x0000017271f3bf10, 0x0000017271f3e7e0, 0x0000017271f42f30,
0x0000017271f45ba0, 0x0000017271f4d200, 0x0000017271f51160, 0x0000017271f53f00,
0x0000017271fc3a80, 0x000001727713e7d0, 0x000001727726e9d0, 0x00000172779c6010,
0x0000017277b62b80, 0x0000017277b32a40, 0x0000017277974590, 0x0000017277b06f90,
0x0000017277713170, 0x0000017277c64080, 0x0000017277c66150, 0x0000017277c64710,
0x0000017277c65ac0, 0x0000017277c64da0, 0x0000017277c66e70, 0x0000017277c67500,
0x00000172799b65c0, 0x00000172799b4b80, 0x00000172799b6c50, 0x00000172799b7970,
0x00000172799b44f0, 0x00000172799b58a0, 0x00000172799b5f30, 0x00000172799b8690,
0x00000172799b8000, 0x00000172799b5210, 0x00000172799b8d20, 0x00000172799b9a40,
0x00000172799bb480, 0x00000172799ba0d0, 0x00000172799ba760, 0x0000017279bdbcc0,
0x0000017279bd9bf0, 0x0000017279bda910, 0x0000017279bda280, 0x0000017279bdb630,
0x0000017279bd8ed0, 0x0000017279bdc9e0
}

Java Threads: ( => current thread )
  0x000001725983cd90 JavaThread "main"                              [_thread_blocked, id=7748, stack(0x0000006ba1f00000,0x0000006ba2000000) (1024K)]
  0x0000017271f3bf10 JavaThread "Reference Handler"          daemon [_thread_blocked, id=13096, stack(0x0000006ba2300000,0x0000006ba2400000) (1024K)]
  0x0000017271f3e7e0 JavaThread "Finalizer"                  daemon [_thread_blocked, id=14868, stack(0x0000006ba2400000,0x0000006ba2500000) (1024K)]
  0x0000017271f42f30 JavaThread "Signal Dispatcher"          daemon [_thread_blocked, id=10784, stack(0x0000006ba2500000,0x0000006ba2600000) (1024K)]
=>0x0000017271f45ba0 JavaThread "Attach Listener"            daemon [_thread_in_vm, id=13992, stack(0x0000006ba2600000,0x0000006ba2700000) (1024K)]
  0x0000017271f4d200 JavaThread "Service Thread"             daemon [_thread_blocked, id=11464, stack(0x0000006ba2700000,0x0000006ba2800000) (1024K)]
  0x0000017271f51160 JavaThread "Monitor Deflation Thread"   daemon [_thread_blocked, id=7764, stack(0x0000006ba2800000,0x0000006ba2900000) (1024K)]
  0x0000017271f53f00 JavaThread "C2 CompilerThread0"         daemon [_thread_blocked, id=10384, stack(0x0000006ba2900000,0x0000006ba2a00000) (1024K)]
  0x0000017271fc3a80 JavaThread "C1 CompilerThread0"         daemon [_thread_blocked, id=18312, stack(0x0000006ba2a00000,0x0000006ba2b00000) (1024K)]
  0x000001727713e7d0 JavaThread "Common-Cleaner"             daemon [_thread_blocked, id=11208, stack(0x0000006ba2b00000,0x0000006ba2c00000) (1024K)]
  0x000001727726e9d0 JavaThread "Notification Thread"        daemon [_thread_blocked, id=17520, stack(0x0000006ba2c00000,0x0000006ba2d00000) (1024K)]
  0x00000172779c6010 JavaThread "Active Thread: Equinox Container: 5169aa11-6a2a-4d81-acc3-f4c48c03c65c"        [_thread_blocked, id=5240, stack(0x0000006ba3000000,0x0000006ba3100000) (1024K)]
  0x0000017277b62b80 JavaThread "Refresh Thread: Equinox Container: 5169aa11-6a2a-4d81-acc3-f4c48c03c65c" daemon [_thread_blocked, id=5172, stack(0x0000006ba3100000,0x0000006ba3200000) (1024K)]
  0x0000017277b32a40 JavaThread "Framework Event Dispatcher: Equinox Container: 5169aa11-6a2a-4d81-acc3-f4c48c03c65c" daemon [_thread_blocked, id=10940, stack(0x0000006ba3200000,0x0000006ba3300000) (1024K)]
  0x0000017277974590 JavaThread "Start Level: Equinox Container: 5169aa11-6a2a-4d81-acc3-f4c48c03c65c" daemon [_thread_blocked, id=16880, stack(0x0000006ba3300000,0x0000006ba3400000) (1024K)]
  0x0000017277b06f90 JavaThread "Bundle File Closer"         daemon [_thread_blocked, id=4060, stack(0x0000006ba3400000,0x0000006ba3500000) (1024K)]
  0x0000017277713170 JavaThread "SCR Component Actor"        daemon [_thread_blocked, id=14340, stack(0x0000006ba3500000,0x0000006ba3600000) (1024K)]
  0x0000017277c64080 JavaThread "Worker-JM"                         [_thread_blocked, id=10228, stack(0x0000006ba3600000,0x0000006ba3700000) (1024K)]
  0x0000017277c66150 JavaThread "JNA Cleaner"                daemon [_thread_blocked, id=15712, stack(0x0000006ba3700000,0x0000006ba3800000) (1024K)]
  0x0000017277c64710 JavaThread "Worker-0"                          [_thread_blocked, id=17468, stack(0x0000006ba3800000,0x0000006ba3900000) (1024K)]
  0x0000017277c65ac0 JavaThread "Worker-1"                          [_thread_blocked, id=9672, stack(0x0000006ba3900000,0x0000006ba3a00000) (1024K)]
  0x0000017277c64da0 JavaThread "Worker-2"                          [_thread_blocked, id=1688, stack(0x0000006ba3a00000,0x0000006ba3b00000) (1024K)]
  0x0000017277c66e70 JavaThread "Worker-3"                          [_thread_blocked, id=11512, stack(0x0000006ba3b00000,0x0000006ba3c00000) (1024K)]
  0x0000017277c67500 JavaThread "Java indexing"              daemon [_thread_blocked, id=15184, stack(0x0000006ba3c00000,0x0000006ba3d00000) (1024K)]
  0x00000172799b65c0 JavaThread "Worker-4"                          [_thread_blocked, id=15812, stack(0x0000006ba3d00000,0x0000006ba3e00000) (1024K)]
  0x00000172799b4b80 JavaThread "Worker-5"                          [_thread_blocked, id=11268, stack(0x0000006ba4000000,0x0000006ba4100000) (1024K)]
  0x00000172799b6c50 JavaThread "Thread-1"                   daemon [_thread_in_native, id=17308, stack(0x0000006ba4100000,0x0000006ba4200000) (1024K)]
  0x00000172799b7970 JavaThread "Thread-2"                   daemon [_thread_in_native, id=3192, stack(0x0000006ba4200000,0x0000006ba4300000) (1024K)]
  0x00000172799b44f0 JavaThread "Thread-3"                   daemon [_thread_in_native, id=15660, stack(0x0000006ba4300000,0x0000006ba4400000) (1024K)]
  0x00000172799b58a0 JavaThread "Thread-4"                   daemon [_thread_in_native, id=8860, stack(0x0000006ba4400000,0x0000006ba4500000) (1024K)]
  0x00000172799b5f30 JavaThread "Thread-5"                   daemon [_thread_in_native, id=11964, stack(0x0000006ba4500000,0x0000006ba4600000) (1024K)]
  0x00000172799b8690 JavaThread "pool-2-thread-1"                   [_thread_blocked, id=1092, stack(0x0000006ba4600000,0x0000006ba4700000) (1024K)]
  0x00000172799b8000 JavaThread "WorkspaceEventsHandler"            [_thread_blocked, id=14376, stack(0x0000006ba4700000,0x0000006ba4800000) (1024K)]
  0x00000172799b5210 JavaThread "pool-1-thread-1"                   [_thread_blocked, id=5280, stack(0x0000006ba4800000,0x0000006ba4900000) (1024K)]
  0x00000172799b8d20 JavaThread "LocalFile Deleter"          daemon [_thread_blocked, id=15908, stack(0x0000006ba4900000,0x0000006ba4a00000) (1024K)]
  0x00000172799b9a40 JavaThread "LocalFile Deleter"          daemon [_thread_blocked, id=17724, stack(0x0000006ba4a00000,0x0000006ba4b00000) (1024K)]
  0x00000172799bb480 JavaThread "LocalFile Deleter"          daemon [_thread_blocked, id=16104, stack(0x0000006ba4b00000,0x0000006ba4c00000) (1024K)]
  0x00000172799ba0d0 JavaThread "LocalFile Deleter"          daemon [_thread_blocked, id=12696, stack(0x0000006ba4c00000,0x0000006ba4d00000) (1024K)]
  0x00000172799ba760 JavaThread "Compiler Source File Reader" daemon [_thread_blocked, id=17432, stack(0x0000006ba4d00000,0x0000006ba4e00000) (1024K)]
  0x0000017279bdbcc0 JavaThread "Compiler Source File Reader" daemon [_thread_blocked, id=17176, stack(0x0000006ba4e00000,0x0000006ba4f00000) (1024K)]
  0x0000017279bd9bf0 JavaThread "Compiler Processing Task"   daemon [_thread_blocked, id=4128, stack(0x0000006ba1d00000,0x0000006ba1e00000) (1024K)]
  0x0000017279bda910 JavaThread "Compiler Class File Writer" daemon [_thread_blocked, id=18308, stack(0x0000006ba4f00000,0x0000006ba5000000) (1024K)]
  0x0000017279bda280 JavaThread "Compiler Class File Writer" daemon [_thread_blocked, id=17300, stack(0x0000006ba5000000,0x0000006ba5100000) (1024K)]
  0x0000017279bdb630 JavaThread "ForkJoinPool.commonPool-worker-1" daemon [_thread_blocked, id=10444, stack(0x0000006ba5100000,0x0000006ba5200000) (1024K)]
  0x0000017279bd8ed0 JavaThread "ForkJoinPool.commonPool-worker-2" daemon [_thread_blocked, id=17824, stack(0x0000006ba5200000,0x0000006ba5300000) (1024K)]
  0x0000017279bdc9e0 JavaThread "ForkJoinPool.commonPool-worker-3" daemon [_thread_blocked, id=9652, stack(0x0000006ba5300000,0x0000006ba5400000) (1024K)]
Total: 46

Other Threads:
  0x00000172598fd0e0 VMThread "VM Thread"                           [id=9612, stack(0x0000006ba2200000,0x0000006ba2300000) (1024K)]
  0x00000172598a9cd0 WatcherThread "VM Periodic Task Thread"        [id=4296, stack(0x0000006ba2100000,0x0000006ba2200000) (1024K)]
  0x000001725985d5a0 WorkerThread "GC Thread#0"                     [id=18192, stack(0x0000006ba2000000,0x0000006ba2100000) (1024K)]
  0x00000172775488f0 WorkerThread "GC Thread#1"                     [id=12708, stack(0x0000006ba2d00000,0x0000006ba2e00000) (1024K)]
  0x000001727738c7c0 WorkerThread "GC Thread#2"                     [id=14108, stack(0x0000006ba2e00000,0x0000006ba2f00000) (1024K)]
  0x000001727738cb70 WorkerThread "GC Thread#3"                     [id=12792, stack(0x0000006ba2f00000,0x0000006ba3000000) (1024K)]
Total: 6

Threads with active compile tasks:
Total: 0

VM state: not at safepoint (normal execution)

VM Mutex/Monitor currently owned by a thread: None

Heap address: 0x0000000080000000, size: 2048 MB, Compressed Oops mode: 32-bit

CDS archive(s) mapped at: [0x0000017200000000-0x0000017200ba0000-0x0000017200ba0000), size 12189696, SharedBaseAddress: 0x0000017200000000, ArchiveRelocationMode: 1.
Compressed class space mapped at: 0x0000017201000000-0x0000017241000000, reserved size: 1073741824
Narrow klass base: 0x0000017200000000, Narrow klass shift: 0, Narrow klass range: 0x100000000

GC Precious Log:
 CardTable entry size: 512
 CPUs: 4 total, 4 available
 Memory: 3891M
 Large Page Support: Disabled
 NUMA Support: Disabled
 Compressed Oops: Enabled (32-bit)
 Alignments: Space 512K, Generation 512K, Heap 2M
 Heap Min Capacity: 100M
 Heap Initial Capacity: 100M
 Heap Max Capacity: 2G
 Pre-touch: Disabled
 Parallel Workers: 4

Heap:
 PSYoungGen      total 11264K, used 1422K [0x00000000d5580000, 0x00000000d6400000, 0x0000000100000000)
  eden space 6144K, 22% used [0x00000000d5580000,0x00000000d56d3a50,0x00000000d5b80000)
  from space 5120K, 1% used [0x00000000d5d00000,0x00000000d5d10000,0x00000000d6200000)
  to   space 1536K, 0% used [0x00000000d6280000,0x00000000d6280000,0x00000000d6400000)
 ParOldGen       total 147456K, used 147107K [0x0000000080000000, 0x0000000089000000, 0x00000000d5580000)
  object space 147456K, 99% used [0x0000000080000000,0x0000000088fa8f48,0x0000000089000000)
 Metaspace       used 69517K, committed 71040K, reserved 1114112K
  class space    used 7022K, committed 7680K, reserved 1048576K

Card table byte_map: [0x000001726d310000,0x000001726d720000] _byte_map_base: 0x000001726cf10000

Marking Bits: (ParMarkBitMap*) 0x00007ff9d2623450
 Begin Bits: [0x000001726d9d0000, 0x000001726f9d0000)
 End Bits:   [0x000001726f9d0000, 0x00000172719d0000)

Polling page: 0x000001725e100000

Metaspace:

Usage:
  Non-class:     61.03 MB used.
      Class:      6.86 MB used.
       Both:     67.89 MB used.

Virtual space:
  Non-class space:       64.00 MB reserved,      61.88 MB ( 97%) committed,  1 nodes.
      Class space:        1.00 GB reserved,       7.50 MB ( <1%) committed,  1 nodes.
             Both:        1.06 GB reserved,      69.38 MB (  6%) committed. 

Chunk freelists:
   Non-Class:  1.81 MB
       Class:  8.47 MB
        Both:  10.28 MB

MaxMetaspaceSize: unlimited
CompressedClassSpaceSize: 1.00 GB
Initial GC threshold: 21.00 MB
Current GC threshold: 97.31 MB
CDS: on
 - commit_granule_bytes: 65536.
 - commit_granule_words: 8192.
 - virtual_space_node_default_size: 8388608.
 - enlarge_chunks_in_place: 1.
 - use_allocation_guard: 0.


Internal statistics:

num_allocs_failed_limit: 9.
num_arena_births: 1350.
num_arena_deaths: 14.
num_vsnodes_births: 2.
num_vsnodes_deaths: 0.
num_space_committed: 1110.
num_space_uncommitted: 0.
num_chunks_returned_to_freelist: 23.
num_chunks_taken_from_freelist: 4865.
num_chunk_merges: 11.
num_chunk_splits: 2857.
num_chunks_enlarged: 1439.
num_inconsistent_stats: 0.

CodeHeap 'non-profiled nmethods': size=120000Kb used=11848Kb max_used=11848Kb free=108151Kb
 bounds [0x0000017265bf0000, 0x0000017266790000, 0x000001726d120000]
CodeHeap 'profiled nmethods': size=120000Kb used=37585Kb max_used=37585Kb free=82414Kb
 bounds [0x000001725e120000, 0x00000172605e0000, 0x0000017265650000]
CodeHeap 'non-nmethods': size=5760Kb used=1459Kb max_used=1527Kb free=4300Kb
 bounds [0x0000017265650000, 0x00000172658c0000, 0x0000017265bf0000]
CodeCache: size=245760Kb, used=50892Kb, max_used=50960Kb, free=194865Kb
 total_blobs=15118, nmethods=14353, adapters=669, full_count=0
Compilation: enabled, stopped_count=0, restarted_count=0

Compilation events (20 events):
Event: 72.910 Thread 0x0000017271f53f00 15153       4       org.eclipse.jdt.internal.core.JavaModel::getExternalTarget (85 bytes)
Event: 72.910 Thread 0x0000017271fc3a80 15154       3       org.eclipse.core.runtime.Path::equals (127 bytes)
Event: 72.910 Thread 0x0000017271fc3a80 nmethod 15154 0x00000172605d0110 code [0x00000172605d0340, 0x00000172605d0ab8]
Event: 72.912 Thread 0x0000017271fc3a80 15155       1       org.eclipse.jdt.internal.launching.RuntimeClasspathEntry::getClasspathProperty (5 bytes)
Event: 72.912 Thread 0x0000017271fc3a80 nmethod 15155 0x0000017266779210 code [0x00000172667793a0, 0x0000017266779468]
Event: 72.954 Thread 0x0000017271f53f00 nmethod 15153 0x0000017266779510 code [0x0000017266779820, 0x000001726677b7b0]
Event: 72.955 Thread 0x0000017271f53f00 15156       4       com.google.gson.stream.JsonWriter::string (171 bytes)
Event: 73.006 Thread 0x0000017271f53f00 nmethod 15156 0x000001726677cb10 code [0x000001726677cf40, 0x000001726677fa98]
Event: 73.031 Thread 0x0000017271fc3a80 15157       3       java.nio.Bits::tryReserveMemory (52 bytes)
Event: 73.032 Thread 0x0000017271fc3a80 nmethod 15157 0x00000172605d0c90 code [0x00000172605d0e80, 0x00000172605d11a8]
Event: 73.032 Thread 0x0000017271fc3a80 15158       3       jdk.internal.misc.Unsafe::setMemory (29 bytes)
Event: 73.033 Thread 0x0000017271fc3a80 nmethod 15158 0x00000172605d1310 code [0x00000172605d1560, 0x00000172605d1d18]
Event: 73.033 Thread 0x0000017271fc3a80 15159       3       jdk.internal.misc.Unsafe::setMemoryChecks (13 bytes)
Event: 73.033 Thread 0x0000017271fc3a80 nmethod 15159 0x00000172605d2110 code [0x00000172605d2360, 0x00000172605d2b50]
Event: 73.033 Thread 0x0000017271fc3a80 15160   !   3       com.google.gson.internal.bind.ReflectiveTypeAdapterFactory$Adapter::write (73 bytes)
Event: 73.033 Thread 0x0000017271f53f00 15161       4       java.lang.String::getBytes (25 bytes)
Event: 73.034 Thread 0x0000017271fc3a80 nmethod 15160 0x00000172605d2f10 code [0x00000172605d31e0, 0x00000172605d3f38]
Event: 73.037 Thread 0x0000017271f53f00 nmethod 15161 0x0000017266781610 code [0x00000172667817e0, 0x0000017266781cc0]
Event: 73.037 Thread 0x0000017271f53f00 15162       4       java.lang.Long::hashCode (8 bytes)
Event: 73.038 Thread 0x0000017271f53f00 nmethod 15162 0x0000017266782010 code [0x00000172667821a0, 0x0000017266782238]

GC Heap History (20 events):
Event: 68.862 GC heap before
{Heap before GC invocations=149 (full 3):
 PSYoungGen      total 7680K, used 7264K [0x00000000d5580000, 0x00000000d5e00000, 0x0000000100000000)
  eden space 6656K, 100% used [0x00000000d5580000,0x00000000d5c00000,0x00000000d5c00000)
  from space 1024K, 59% used [0x00000000d5c00000,0x00000000d5c98000,0x00000000d5d00000)
  to   space 1024K, 0% used [0x00000000d5d00000,0x00000000d5d00000,0x00000000d5e00000)
 ParOldGen       total 131584K, used 131457K [0x0000000080000000, 0x0000000088080000, 0x00000000d5580000)
  object space 131584K, 99% used [0x0000000080000000,0x0000000088060468,0x0000000088080000)
 Metaspace       used 69314K, committed 70848K, reserved 1114112K
  class space    used 7010K, committed 7680K, reserved 1048576K
}
Event: 68.864 GC heap after
{Heap after GC invocations=149 (full 3):
 PSYoungGen      total 7168K, used 320K [0x00000000d5580000, 0x00000000d5d80000, 0x0000000100000000)
  eden space 6656K, 0% used [0x00000000d5580000,0x00000000d5580000,0x00000000d5c00000)
  from space 512K, 62% used [0x00000000d5d00000,0x00000000d5d50000,0x00000000d5d80000)
  to   space 512K, 0% used [0x00000000d5c80000,0x00000000d5c80000,0x00000000d5d00000)
 ParOldGen       total 131584K, used 131545K [0x0000000080000000, 0x0000000088080000, 0x00000000d5580000)
  object space 131584K, 99% used [0x0000000080000000,0x0000000088076468,0x0000000088080000)
 Metaspace       used 69314K, committed 70848K, reserved 1114112K
  class space    used 7010K, committed 7680K, reserved 1048576K
}
Event: 69.001 GC heap before
{Heap before GC invocations=150 (full 3):
 PSYoungGen      total 7168K, used 6976K [0x00000000d5580000, 0x00000000d5d80000, 0x0000000100000000)
  eden space 6656K, 100% used [0x00000000d5580000,0x00000000d5c00000,0x00000000d5c00000)
  from space 512K, 62% used [0x00000000d5d00000,0x00000000d5d50000,0x00000000d5d80000)
  to   space 512K, 0% used [0x00000000d5c80000,0x00000000d5c80000,0x00000000d5d00000)
 ParOldGen       total 131584K, used 131545K [0x0000000080000000, 0x0000000088080000, 0x00000000d5580000)
  object space 131584K, 99% used [0x0000000080000000,0x0000000088076468,0x0000000088080000)
 Metaspace       used 69319K, committed 70848K, reserved 1114112K
  class space    used 7010K, committed 7680K, reserved 1048576K
}
Event: 69.005 GC heap after
{Heap after GC invocations=150 (full 3):
 PSYoungGen      total 7168K, used 512K [0x00000000d5580000, 0x00000000d6200000, 0x0000000100000000)
  eden space 6656K, 0% used [0x00000000d5580000,0x00000000d5580000,0x00000000d5c00000)
  from space 512K, 100% used [0x00000000d5c80000,0x00000000d5d00000,0x00000000d5d00000)
  to   space 3072K, 0% used [0x00000000d5f00000,0x00000000d5f00000,0x00000000d6200000)
 ParOldGen       total 133632K, used 133485K [0x0000000080000000, 0x0000000088280000, 0x00000000d5580000)
  object space 133632K, 99% used [0x0000000080000000,0x000000008825b538,0x0000000088280000)
 Metaspace       used 69319K, committed 70848K, reserved 1114112K
  class space    used 7010K, committed 7680K, reserved 1048576K
}
Event: 69.102 GC heap before
{Heap before GC invocations=151 (full 3):
 PSYoungGen      total 7168K, used 7168K [0x00000000d5580000, 0x00000000d6200000, 0x0000000100000000)
  eden space 6656K, 100% used [0x00000000d5580000,0x00000000d5c00000,0x00000000d5c00000)
  from space 512K, 100% used [0x00000000d5c80000,0x00000000d5d00000,0x00000000d5d00000)
  to   space 3072K, 0% used [0x00000000d5f00000,0x00000000d5f00000,0x00000000d6200000)
 ParOldGen       total 133632K, used 133485K [0x0000000080000000, 0x0000000088280000, 0x00000000d5580000)
  object space 133632K, 99% used [0x0000000080000000,0x000000008825b538,0x0000000088280000)
 Metaspace       used 69342K, committed 70912K, reserved 1114112K
  class space    used 7010K, committed 7680K, reserved 1048576K
}
Event: 69.106 GC heap after
{Heap after GC invocations=151 (full 3):
 PSYoungGen      total 9216K, used 2304K [0x00000000d5580000, 0x00000000d6180000, 0x0000000100000000)
  eden space 6656K, 0% used [0x00000000d5580000,0x00000000d5580000,0x00000000d5c00000)
  from space 2560K, 90% used [0x00000000d5f00000,0x00000000d6140010,0x00000000d6180000)
  to   space 2560K, 0% used [0x00000000d5c80000,0x00000000d5c80000,0x00000000d5f00000)
 ParOldGen       total 134144K, used 134008K [0x0000000080000000, 0x0000000088300000, 0x00000000d5580000)
  object space 134144K, 99% used [0x0000000080000000,0x00000000882de3e0,0x0000000088300000)
 Metaspace       used 69342K, committed 70912K, reserved 1114112K
  class space    used 7010K, committed 7680K, reserved 1048576K
}
Event: 69.281 GC heap before
{Heap before GC invocations=152 (full 3):
 PSYoungGen      total 9216K, used 8960K [0x00000000d5580000, 0x00000000d6180000, 0x0000000100000000)
  eden space 6656K, 100% used [0x00000000d5580000,0x00000000d5c00000,0x00000000d5c00000)
  from space 2560K, 90% used [0x00000000d5f00000,0x00000000d6140010,0x00000000d6180000)
  to   space 2560K, 0% used [0x00000000d5c80000,0x00000000d5c80000,0x00000000d5f00000)
 ParOldGen       total 134144K, used 134008K [0x0000000080000000, 0x0000000088300000, 0x00000000d5580000)
  object space 134144K, 99% used [0x0000000080000000,0x00000000882de3e0,0x0000000088300000)
 Metaspace       used 69343K, committed 70912K, reserved 1114112K
  class space    used 7010K, committed 7680K, reserved 1048576K
}
Event: 69.283 GC heap after
{Heap after GC invocations=152 (full 3):
 PSYoungGen      total 7168K, used 96K [0x00000000d5580000, 0x00000000d5f80000, 0x0000000100000000)
  eden space 6656K, 0% used [0x00000000d5580000,0x00000000d5580000,0x00000000d5c00000)
  from space 512K, 18% used [0x00000000d5c80000,0x00000000d5c98000,0x00000000d5d00000)
  to   space 1024K, 0% used [0x00000000d5e80000,0x00000000d5e80000,0x00000000d5f80000)
 ParOldGen       total 134656K, used 134275K [0x0000000080000000, 0x0000000088380000, 0x00000000d5580000)
  object space 134656K, 99% used [0x0000000080000000,0x0000000088320f48,0x0000000088380000)
 Metaspace       used 69343K, committed 70912K, reserved 1114112K
  class space    used 7010K, committed 7680K, reserved 1048576K
}
Event: 69.376 GC heap before
{Heap before GC invocations=153 (full 3):
 PSYoungGen      total 7168K, used 6752K [0x00000000d5580000, 0x00000000d5f80000, 0x0000000100000000)
  eden space 6656K, 100% used [0x00000000d5580000,0x00000000d5c00000,0x00000000d5c00000)
  from space 512K, 18% used [0x00000000d5c80000,0x00000000d5c98000,0x00000000d5d00000)
  to   space 1024K, 0% used [0x00000000d5e80000,0x00000000d5e80000,0x00000000d5f80000)
 ParOldGen       total 134656K, used 134275K [0x0000000080000000, 0x0000000088380000, 0x00000000d5580000)
  object space 134656K, 99% used [0x0000000080000000,0x0000000088320f48,0x0000000088380000)
 Metaspace       used 69346K, committed 70912K, reserved 1114112K
  class space    used 7010K, committed 7680K, reserved 1048576K
}
Event: 69.379 GC heap after
{Heap after GC invocations=153 (full 3):
 PSYoungGen      total 7168K, used 1024K [0x00000000d5580000, 0x00000000d6200000, 0x0000000100000000)
  eden space 6144K, 0% used [0x00000000d5580000,0x00000000d5580000,0x00000000d5b80000)
  from space 1024K, 100% used [0x00000000d5e80000,0x00000000d5f80000,0x00000000d5f80000)
  to   space 3072K, 0% used [0x00000000d5b80000,0x00000000d5b80000,0x00000000d5e80000)
 ParOldGen       total 135680K, used 135483K [0x0000000080000000, 0x0000000088480000, 0x00000000d5580000)
  object space 135680K, 99% used [0x0000000080000000,0x000000008844ef58,0x0000000088480000)
 Metaspace       used 69346K, committed 70912K, reserved 1114112K
  class space    used 7010K, committed 7680K, reserved 1048576K
}
Event: 69.446 GC heap before
{Heap before GC invocations=154 (full 3):
 PSYoungGen      total 7168K, used 7168K [0x00000000d5580000, 0x00000000d6200000, 0x0000000100000000)
  eden space 6144K, 100% used [0x00000000d5580000,0x00000000d5b80000,0x00000000d5b80000)
  from space 1024K, 100% used [0x00000000d5e80000,0x00000000d5f80000,0x00000000d5f80000)
  to   space 3072K, 0% used [0x00000000d5b80000,0x00000000d5b80000,0x00000000d5e80000)
 ParOldGen       total 135680K, used 135483K [0x0000000080000000, 0x0000000088480000, 0x00000000d5580000)
  object space 135680K, 99% used [0x0000000080000000,0x000000008844ef58,0x0000000088480000)
 Metaspace       used 69350K, committed 70912K, reserved 1114112K
  class space    used 7010K, committed 7680K, reserved 1048576K
}
Event: 69.453 GC heap after
{Heap after GC invocations=154 (full 3):
 PSYoungGen      total 8704K, used 2107K [0x00000000d5580000, 0x00000000d6080000, 0x0000000100000000)
  eden space 6144K, 0% used [0x00000000d5580000,0x00000000d5580000,0x00000000d5b80000)
  from space 2560K, 82% used [0x00000000d5b80000,0x00000000d5d8ec18,0x00000000d5e00000)
  to   space 2560K, 0% used [0x00000000d5e00000,0x00000000d5e00000,0x00000000d6080000)
 ParOldGen       total 136704K, used 136501K [0x0000000080000000, 0x0000000088580000, 0x00000000d5580000)
  object space 136704K, 99% used [0x0000000080000000,0x000000008854d5f8,0x0000000088580000)
 Metaspace       used 69350K, committed 70912K, reserved 1114112K
  class space    used 7010K, committed 7680K, reserved 1048576K
}
Event: 70.234 GC heap before
{Heap before GC invocations=155 (full 3):
 PSYoungGen      total 8704K, used 8251K [0x00000000d5580000, 0x00000000d6080000, 0x0000000100000000)
  eden space 6144K, 100% used [0x00000000d5580000,0x00000000d5b80000,0x00000000d5b80000)
  from space 2560K, 82% used [0x00000000d5b80000,0x00000000d5d8ec18,0x00000000d5e00000)
  to   space 2560K, 0% used [0x00000000d5e00000,0x00000000d5e00000,0x00000000d6080000)
 ParOldGen       total 136704K, used 136501K [0x0000000080000000, 0x0000000088580000, 0x00000000d5580000)
  object space 136704K, 99% used [0x0000000080000000,0x000000008854d5f8,0x0000000088580000)
 Metaspace       used 69422K, committed 70976K, reserved 1114112K
  class space    used 7019K, committed 7680K, reserved 1048576K
}
Event: 70.237 GC heap after
{Heap after GC invocations=155 (full 3):
 PSYoungGen      total 8192K, used 1676K [0x00000000d5580000, 0x00000000d6000000, 0x0000000100000000)
  eden space 6144K, 0% used [0x00000000d5580000,0x00000000d5580000,0x00000000d5b80000)
  from space 2048K, 81% used [0x00000000d5e00000,0x00000000d5fa3090,0x00000000d6000000)
  to   space 2048K, 0% used [0x00000000d5c00000,0x00000000d5c00000,0x00000000d5e00000)
 ParOldGen       total 137216K, used 136732K [0x0000000080000000, 0x0000000088600000, 0x00000000d5580000)
  object space 137216K, 99% used [0x0000000080000000,0x0000000088587210,0x0000000088600000)
 Metaspace       used 69422K, committed 70976K, reserved 1114112K
  class space    used 7019K, committed 7680K, reserved 1048576K
}
Event: 70.995 GC heap before
{Heap before GC invocations=156 (full 3):
 PSYoungGen      total 8192K, used 7820K [0x00000000d5580000, 0x00000000d6000000, 0x0000000100000000)
  eden space 6144K, 100% used [0x00000000d5580000,0x00000000d5b80000,0x00000000d5b80000)
  from space 2048K, 81% used [0x00000000d5e00000,0x00000000d5fa3090,0x00000000d6000000)
  to   space 2048K, 0% used [0x00000000d5c00000,0x00000000d5c00000,0x00000000d5e00000)
 ParOldGen       total 137216K, used 136732K [0x0000000080000000, 0x0000000088600000, 0x00000000d5580000)
  object space 137216K, 99% used [0x0000000080000000,0x0000000088587210,0x0000000088600000)
 Metaspace       used 69450K, committed 70976K, reserved 1114112K
  class space    used 7020K, committed 7680K, reserved 1048576K
}
Event: 71.003 GC heap after
{Heap after GC invocations=156 (full 3):
 PSYoungGen      total 8192K, used 2045K [0x00000000d5580000, 0x00000000d6b80000, 0x0000000100000000)
  eden space 6144K, 0% used [0x00000000d5580000,0x00000000d5580000,0x00000000d5b80000)
  from space 2048K, 99% used [0x00000000d5c00000,0x00000000d5dff498,0x00000000d5e00000)
  to   space 8192K, 0% used [0x00000000d6380000,0x00000000d6380000,0x00000000d6b80000)
 ParOldGen       total 142336K, used 141901K [0x0000000080000000, 0x0000000088b00000, 0x00000000d5580000)
  object space 142336K, 99% used [0x0000000080000000,0x0000000088a934d8,0x0000000088b00000)
 Metaspace       used 69450K, committed 70976K, reserved 1114112K
  class space    used 7020K, committed 7680K, reserved 1048576K
}
Event: 71.998 GC heap before
{Heap before GC invocations=157 (full 3):
 PSYoungGen      total 8192K, used 8189K [0x00000000d5580000, 0x00000000d6b80000, 0x0000000100000000)
  eden space 6144K, 99% used [0x00000000d5580000,0x00000000d5b7ffd8,0x00000000d5b80000)
  from space 2048K, 99% used [0x00000000d5c00000,0x00000000d5dff498,0x00000000d5e00000)
  to   space 8192K, 0% used [0x00000000d6380000,0x00000000d6380000,0x00000000d6b80000)
 ParOldGen       total 142336K, used 141901K [0x0000000080000000, 0x0000000088b00000, 0x00000000d5580000)
  object space 142336K, 99% used [0x0000000080000000,0x0000000088a934d8,0x0000000088b00000)
 Metaspace       used 69470K, committed 70976K, reserved 1114112K
  class space    used 7021K, committed 7680K, reserved 1048576K
}
Event: 72.003 GC heap after
{Heap after GC invocations=157 (full 3):
 PSYoungGen      total 9728K, used 3200K [0x00000000d5580000, 0x00000000d6700000, 0x0000000100000000)
  eden space 6144K, 0% used [0x00000000d5580000,0x00000000d5580000,0x00000000d5b80000)
  from space 3584K, 89% used [0x00000000d6380000,0x00000000d66a0000,0x00000000d6700000)
  to   space 5120K, 0% used [0x00000000d5d00000,0x00000000d5d00000,0x00000000d6200000)
 ParOldGen       total 144384K, used 143979K [0x0000000080000000, 0x0000000088d00000, 0x00000000d5580000)
  object space 144384K, 99% used [0x0000000080000000,0x0000000088c9acd0,0x0000000088d00000)
 Metaspace       used 69470K, committed 70976K, reserved 1114112K
  class space    used 7021K, committed 7680K, reserved 1048576K
}
Event: 72.591 GC heap before
{Heap before GC invocations=158 (full 3):
 PSYoungGen      total 9728K, used 9344K [0x00000000d5580000, 0x00000000d6700000, 0x0000000100000000)
  eden space 6144K, 100% used [0x00000000d5580000,0x00000000d5b80000,0x00000000d5b80000)
  from space 3584K, 89% used [0x00000000d6380000,0x00000000d66a0000,0x00000000d6700000)
  to   space 5120K, 0% used [0x00000000d5d00000,0x00000000d5d00000,0x00000000d6200000)
 ParOldGen       total 144384K, used 143979K [0x0000000080000000, 0x0000000088d00000, 0x00000000d5580000)
  object space 144384K, 99% used [0x0000000080000000,0x0000000088c9acd0,0x0000000088d00000)
 Metaspace       used 69498K, committed 71040K, reserved 1114112K
  class space    used 7021K, committed 7680K, reserved 1048576K
}
Event: 72.595 GC heap after
{Heap after GC invocations=158 (full 3):
 PSYoungGen      total 11264K, used 64K [0x00000000d5580000, 0x00000000d6400000, 0x0000000100000000)
  eden space 6144K, 0% used [0x00000000d5580000,0x00000000d5580000,0x00000000d5b80000)
  from space 5120K, 1% used [0x00000000d5d00000,0x00000000d5d10000,0x00000000d6200000)
  to   space 1536K, 0% used [0x00000000d6280000,0x00000000d6280000,0x00000000d6400000)
 ParOldGen       total 147456K, used 147107K [0x0000000080000000, 0x0000000089000000, 0x00000000d5580000)
  object space 147456K, 99% used [0x0000000080000000,0x0000000088fa8f48,0x0000000089000000)
 Metaspace       used 69498K, committed 71040K, reserved 1114112K
  class space    used 7021K, committed 7680K, reserved 1048576K
}

Dll operation events (10 events):
Event: 0.052 Loaded shared library c:\Users\Swathi\.windsurf\extensions\redhat.java-1.53.0-win32-x64\jre\21.0.10-win32-x86_64\bin\java.dll
Event: 0.365 Loaded shared library c:\Users\Swathi\.windsurf\extensions\redhat.java-1.53.0-win32-x64\jre\21.0.10-win32-x86_64\bin\zip.dll
Event: 0.398 Loaded shared library C:\Users\Swathi\.windsurf\extensions\redhat.java-1.53.0-win32-x64\jre\21.0.10-win32-x86_64\bin\instrument.dll
Event: 0.405 Loaded shared library C:\Users\Swathi\.windsurf\extensions\redhat.java-1.53.0-win32-x64\jre\21.0.10-win32-x86_64\bin\net.dll
Event: 0.409 Loaded shared library C:\Users\Swathi\.windsurf\extensions\redhat.java-1.53.0-win32-x64\jre\21.0.10-win32-x86_64\bin\nio.dll
Event: 0.414 Loaded shared library C:\Users\Swathi\.windsurf\extensions\redhat.java-1.53.0-win32-x64\jre\21.0.10-win32-x86_64\bin\zip.dll
Event: 0.442 Loaded shared library C:\Users\Swathi\.windsurf\extensions\redhat.java-1.53.0-win32-x64\jre\21.0.10-win32-x86_64\bin\jimage.dll
Event: 0.571 Loaded shared library c:\Users\Swathi\.windsurf\extensions\redhat.java-1.53.0-win32-x64\jre\21.0.10-win32-x86_64\bin\verify.dll
Event: 4.888 Loaded shared library C:\Users\Swathi\AppData\Roaming\Windsurf\User\globalStorage\redhat.java\1.53.0\config_win\org.eclipse.equinox.launcher\org.eclipse.equinox.launcher.win32.win32.x86_64_1.3.0.v20260203-2149\eclipse_11919.dll
Event: 11.316 Loaded shared library C:\Users\Swathi\AppData\Local\Temp\jna--1805844232\jna838513257577263018.dll

Deoptimization events (20 events):
Event: 71.697 Thread 0x0000017279bd8ed0 DEOPT PACKING pc=0x000001726665f144 sp=0x0000006ba52fe5c0
Event: 71.697 Thread 0x0000017279bd8ed0 DEOPT UNPACKING pc=0x00000172656a6da2 sp=0x0000006ba52fe5a8 mode 2
Event: 71.698 Thread 0x0000017279bd8ed0 Uncommon trap: trap_request=0xffffff45 fr.pc=0x0000017265e67d78 relative=0x0000000000000298
Event: 71.698 Thread 0x0000017279bd8ed0 Uncommon trap: reason=unstable_if action=reinterpret pc=0x0000017265e67d78 method=org.eclipse.core.runtime.Path.computeFlags(Ljava/lang/String;Z)I @ 93 c2
Event: 71.698 Thread 0x0000017279bd8ed0 DEOPT PACKING pc=0x0000017265e67d78 sp=0x0000006ba52fe810
Event: 71.698 Thread 0x0000017279bd8ed0 DEOPT UNPACKING pc=0x00000172656a6da2 sp=0x0000006ba52fe7a0 mode 2
Event: 71.698 Thread 0x0000017279bd8ed0 Uncommon trap: trap_request=0xffffff45 fr.pc=0x0000017265fbf1c4 relative=0x0000000000000544
Event: 71.698 Thread 0x0000017279bd8ed0 Uncommon trap: reason=unstable_if action=reinterpret pc=0x0000017265fbf1c4 method=org.eclipse.core.runtime.Path.computeSegmentCount(Ljava/lang/String;)I @ 78 c2
Event: 71.698 Thread 0x0000017279bd8ed0 DEOPT PACKING pc=0x0000017265fbf1c4 sp=0x0000006ba52fe770
Event: 71.698 Thread 0x0000017279bd8ed0 DEOPT UNPACKING pc=0x00000172656a6da2 sp=0x0000006ba52fe708 mode 2
Event: 71.707 Thread 0x0000017279bd8ed0 Uncommon trap: trap_request=0xffffff45 fr.pc=0x0000017265fbe510 relative=0x00000000000001f0
Event: 71.707 Thread 0x0000017279bd8ed0 Uncommon trap: reason=unstable_if action=reinterpret pc=0x0000017265fbe510 method=org.eclipse.core.runtime.Path.computeLength()I @ 92 c2
Event: 71.707 Thread 0x0000017279bd8ed0 DEOPT PACKING pc=0x0000017265fbe510 sp=0x0000006ba52fe880
Event: 71.707 Thread 0x0000017279bd8ed0 DEOPT UNPACKING pc=0x00000172656a6da2 sp=0x0000006ba52fe810 mode 2
Event: 71.707 Thread 0x0000017279bd8ed0 Uncommon trap: trap_request=0xffffff45 fr.pc=0x000001726613db40 relative=0x00000000000007e0
Event: 71.707 Thread 0x0000017279bd8ed0 Uncommon trap: reason=unstable_if action=reinterpret pc=0x000001726613db40 method=java.net.URI.percentNormalizedComparison(Ljava/lang/String;Ljava/lang/String;Z)I @ 44 c2
Event: 71.707 Thread 0x0000017279bd8ed0 DEOPT PACKING pc=0x000001726613db40 sp=0x0000006ba52fe950
Event: 71.707 Thread 0x0000017279bd8ed0 DEOPT UNPACKING pc=0x00000172656a6da2 sp=0x0000006ba52fe8c8 mode 2
Event: 72.929 Thread 0x0000017279bdb630 DEOPT PACKING pc=0x000001725ec78620 sp=0x0000006ba51fe390
Event: 72.929 Thread 0x0000017279bdb630 DEOPT UNPACKING pc=0x00000172656a78e2 sp=0x0000006ba51fd898 mode 3

Classes loaded (20 events):
Event: 54.840 Loading class java/util/concurrent/CompletableFuture$Signaller
Event: 54.841 Loading class java/util/concurrent/CompletableFuture$Signaller done
Event: 55.674 Loading class java/nio/charset/CharacterCodingException
Event: 55.675 Loading class java/nio/charset/CharacterCodingException done
Event: 55.676 Loading class java/io/SequenceInputStream
Event: 55.676 Loading class java/io/SequenceInputStream done
Event: 57.390 Loading class java/util/concurrent/CompletableFuture$UniApply
Event: 57.391 Loading class java/util/concurrent/CompletableFuture$UniCompletion
Event: 57.392 Loading class java/util/concurrent/CompletableFuture$UniCompletion done
Event: 57.392 Loading class java/util/concurrent/CompletableFuture$UniApply done
Event: 57.397 Loading class java/util/concurrent/CompletableFuture$UniAccept
Event: 57.397 Loading class java/util/concurrent/CompletableFuture$UniAccept done
Event: 57.397 Loading class java/util/concurrent/CompletableFuture$UniExceptionally
Event: 57.398 Loading class java/util/concurrent/CompletableFuture$UniExceptionally done
Event: 57.655 Loading class java/util/Hashtable$KeySet
Event: 57.676 Loading class java/util/Hashtable$KeySet done
Event: 58.174 Loading class java/lang/UnsupportedClassVersionError
Event: 58.189 Loading class java/lang/UnsupportedClassVersionError done
Event: 60.842 Loading class java/lang/invoke/MethodHandleImpl$CountingWrapper$1
Event: 60.894 Loading class java/lang/invoke/MethodHandleImpl$CountingWrapper$1 done

Classes unloaded (7 events):
Event: 13.637 Thread 0x00000172598fd0e0 Unloading class 0x00000172011a5000 'java/lang/invoke/LambdaForm$MH+0x00000172011a5000'
Event: 13.637 Thread 0x00000172598fd0e0 Unloading class 0x00000172011a4c00 'java/lang/invoke/LambdaForm$MH+0x00000172011a4c00'
Event: 13.637 Thread 0x00000172598fd0e0 Unloading class 0x00000172011a4800 'java/lang/invoke/LambdaForm$MH+0x00000172011a4800'
Event: 13.637 Thread 0x00000172598fd0e0 Unloading class 0x00000172011a4400 'java/lang/invoke/LambdaForm$MH+0x00000172011a4400'
Event: 13.637 Thread 0x00000172598fd0e0 Unloading class 0x00000172011a4000 'java/lang/invoke/LambdaForm$BMH+0x00000172011a4000'
Event: 13.637 Thread 0x00000172598fd0e0 Unloading class 0x00000172011a3c00 'java/lang/invoke/LambdaForm$DMH+0x00000172011a3c00'
Event: 13.637 Thread 0x00000172598fd0e0 Unloading class 0x00000172011a2800 'java/lang/invoke/LambdaForm$DMH+0x00000172011a2800'

Classes redefined (0 events):
No events

Internal exceptions (20 events):
Event: 71.792 Thread 0x0000017279bdb630 Exception <a 'sun/nio/fs/WindowsException'{0x00000000d58ef178}> (0x00000000d58ef178) 
thrown [s\src\hotspot\share\prims\jni.cpp, line 520]
Event: 71.792 Thread 0x0000017279bdb630 Exception <a 'sun/nio/fs/WindowsException'{0x00000000d58efa58}> (0x00000000d58efa58) 
thrown [s\src\hotspot\share\prims\jni.cpp, line 520]
Event: 71.793 Thread 0x0000017279bdb630 Exception <a 'sun/nio/fs/WindowsException'{0x00000000d58f1018}> (0x00000000d58f1018) 
thrown [s\src\hotspot\share\prims\jni.cpp, line 520]
Event: 71.793 Thread 0x0000017279bdb630 Exception <a 'sun/nio/fs/WindowsException'{0x00000000d58f1b48}> (0x00000000d58f1b48) 
thrown [s\src\hotspot\share\prims\jni.cpp, line 520]
Event: 71.816 Thread 0x0000017279bdb630 Exception <a 'sun/nio/fs/WindowsException'{0x00000000d58f3ae0}> (0x00000000d58f3ae0) 
thrown [s\src\hotspot\share\prims\jni.cpp, line 520]
Event: 71.817 Thread 0x0000017279bdb630 Exception <a 'sun/nio/fs/WindowsException'{0x00000000d58f4530}> (0x00000000d58f4530) 
thrown [s\src\hotspot\share\prims\jni.cpp, line 520]
Event: 71.817 Thread 0x0000017279bdb630 Exception <a 'sun/nio/fs/WindowsException'{0x00000000d58f5ba8}> (0x00000000d58f5ba8) 
thrown [s\src\hotspot\share\prims\jni.cpp, line 520]
Event: 71.818 Thread 0x0000017279bdb630 Exception <a 'sun/nio/fs/WindowsException'{0x00000000d58f6488}> (0x00000000d58f6488) 
thrown [s\src\hotspot\share\prims\jni.cpp, line 520]
Event: 71.819 Thread 0x0000017279bdb630 Exception <a 'sun/nio/fs/WindowsException'{0x00000000d58f7a38}> (0x00000000d58f7a38) 
thrown [s\src\hotspot\share\prims\jni.cpp, line 520]
Event: 71.819 Thread 0x0000017279bdb630 Exception <a 'sun/nio/fs/WindowsException'{0x00000000d58f8568}> (0x00000000d58f8568) 
thrown [s\src\hotspot\share\prims\jni.cpp, line 520]
Event: 71.848 Thread 0x0000017279bdb630 Exception <a 'sun/nio/fs/WindowsException'{0x00000000d591a8e0}> (0x00000000d591a8e0) 
thrown [s\src\hotspot\share\prims\jni.cpp, line 520]
Event: 71.848 Thread 0x0000017279bdb630 Exception <a 'sun/nio/fs/WindowsException'{0x00000000d591b6a0}> (0x00000000d591b6a0) 
thrown [s\src\hotspot\share\prims\jni.cpp, line 520]
Event: 71.849 Thread 0x0000017279bdb630 Exception <a 'sun/nio/fs/WindowsException'{0x00000000d591c9f0}> (0x00000000d591c9f0) 
thrown [s\src\hotspot\share\prims\jni.cpp, line 520]
Event: 71.849 Thread 0x0000017279bdb630 Exception <a 'sun/nio/fs/WindowsException'{0x00000000d591d548}> (0x00000000d591d548) 
thrown [s\src\hotspot\share\prims\jni.cpp, line 520]
Event: 71.850 Thread 0x0000017279bdb630 Exception <a 'sun/nio/fs/WindowsException'{0x00000000d591e8b0}> (0x00000000d591e8b0) 
thrown [s\src\hotspot\share\prims\jni.cpp, line 520]
Event: 71.851 Thread 0x0000017279bdb630 Exception <a 'sun/nio/fs/WindowsException'{0x00000000d591f620}> (0x00000000d591f620) 
thrown [s\src\hotspot\share\prims\jni.cpp, line 520]
Event: 71.853 Thread 0x0000017279bdb630 Exception <a 'sun/nio/fs/WindowsException'{0x00000000d59208d0}> (0x00000000d59208d0) 
thrown [s\src\hotspot\share\prims\jni.cpp, line 520]
Event: 71.853 Thread 0x0000017279bdb630 Exception <a 'sun/nio/fs/WindowsException'{0x00000000d5921400}> (0x00000000d5921400) 
thrown [s\src\hotspot\share\prims\jni.cpp, line 520]
Event: 71.855 Thread 0x0000017279bdb630 Exception <a 'sun/nio/fs/WindowsException'{0x00000000d5922998}> (0x00000000d5922998) 
thrown [s\src\hotspot\share\prims\jni.cpp, line 520]
Event: 71.855 Thread 0x0000017279bdb630 Exception <a 'sun/nio/fs/WindowsException'{0x00000000d5923278}> (0x00000000d5923278) 
thrown [s\src\hotspot\share\prims\jni.cpp, line 520]

ZGC Phase Switch (0 events):
No events

VM Operations (20 events):
Event: 69.102 Executing safepoint VM operation: ParallelGCFailedAllocation (Allocation Failure)
Event: 69.106 Executing safepoint VM operation: ParallelGCFailedAllocation (Allocation Failure) done
Event: 69.281 Executing safepoint VM operation: ParallelGCFailedAllocation (Allocation Failure)
Event: 69.284 Executing safepoint VM operation: ParallelGCFailedAllocation (Allocation Failure) done
Event: 69.376 Executing safepoint VM operation: ParallelGCFailedAllocation (Allocation Failure)
Event: 69.379 Executing safepoint VM operation: ParallelGCFailedAllocation (Allocation Failure) done
Event: 69.446 Executing safepoint VM operation: ParallelGCFailedAllocation (Allocation Failure)
Event: 69.453 Executing safepoint VM operation: ParallelGCFailedAllocation (Allocation Failure) done
Event: 70.234 Executing safepoint VM operation: ParallelGCFailedAllocation (Allocation Failure)
Event: 70.237 Executing safepoint VM operation: ParallelGCFailedAllocation (Allocation Failure) done
Event: 70.995 Executing safepoint VM operation: ParallelGCFailedAllocation (Allocation Failure)
Event: 71.003 Executing safepoint VM operation: ParallelGCFailedAllocation (Allocation Failure) done
Event: 71.971 Executing safepoint VM operation: ParallelGCFailedAllocation (Allocation Failure)
Event: 72.003 Executing safepoint VM operation: ParallelGCFailedAllocation (Allocation Failure) done
Event: 72.591 Executing safepoint VM operation: ParallelGCFailedAllocation (Allocation Failure)
Event: 72.595 Executing safepoint VM operation: ParallelGCFailedAllocation (Allocation Failure) done
Event: 72.929 Executing non-safepoint VM operation: HandshakeAllThreads (Deoptimize)
Event: 72.929 Executing non-safepoint VM operation: HandshakeAllThreads (Deoptimize) done
Event: 73.931 Executing safepoint VM operation: Cleanup
Event: 73.931 Executing safepoint VM operation: Cleanup done

Memory protections (0 events):
No events

Nmethod flushes (20 events):
Event: 41.236 Thread 0x00000172598fd0e0 flushing  nmethod 0x000001725ea72810
Event: 41.236 Thread 0x00000172598fd0e0 flushing  nmethod 0x000001725ea73e10
Event: 41.236 Thread 0x00000172598fd0e0 flushing  nmethod 0x000001725ea74e10
Event: 41.236 Thread 0x00000172598fd0e0 flushing  nmethod 0x000001725ea7d610
Event: 41.236 Thread 0x00000172598fd0e0 flushing  nmethod 0x000001725ea7da10
Event: 41.236 Thread 0x00000172598fd0e0 flushing  nmethod 0x000001725ea7de90
Event: 41.236 Thread 0x00000172598fd0e0 flushing  nmethod 0x000001725ea87890
Event: 41.236 Thread 0x00000172598fd0e0 flushing  nmethod 0x000001725ea87e10
Event: 41.236 Thread 0x00000172598fd0e0 flushing  nmethod 0x000001725ea88a10
Event: 41.236 Thread 0x00000172598fd0e0 flushing  nmethod 0x000001725ea90290
Event: 41.236 Thread 0x00000172598fd0e0 flushing  nmethod 0x000001725ea9e110
Event: 41.236 Thread 0x00000172598fd0e0 flushing  nmethod 0x000001725eaa9390
Event: 41.236 Thread 0x00000172598fd0e0 flushing  nmethod 0x000001725eab5010
Event: 41.236 Thread 0x00000172598fd0e0 flushing  nmethod 0x000001725eb47790
Event: 41.236 Thread 0x00000172598fd0e0 flushing  nmethod 0x000001725eb52390
Event: 41.236 Thread 0x00000172598fd0e0 flushing  nmethod 0x000001725eb5d810
Event: 41.236 Thread 0x00000172598fd0e0 flushing  nmethod 0x000001725eb8a110
Event: 41.236 Thread 0x00000172598fd0e0 flushing  nmethod 0x000001725eb8ae10
Event: 41.236 Thread 0x00000172598fd0e0 flushing osr nmethod 0x000001725eb95710
Event: 41.236 Thread 0x00000172598fd0e0 flushing  nmethod 0x000001725eba4a90

Events (20 events):
Event: 50.248 Thread 0x0000017279bdeab0 Thread exited: 0x0000017279bdeab0
Event: 50.250 Thread 0x0000017279bdf140 Thread exited: 0x0000017279bdf140
Event: 50.250 Thread 0x0000017279bdb630 Thread exited: 0x0000017279bdb630
Event: 50.255 Thread 0x0000017279bddd90 Thread exited: 0x0000017279bddd90
Event: 50.263 Thread 0x0000017279bd8ed0 Thread exited: 0x0000017279bd8ed0
Event: 51.725 Thread 0x0000017277c65ac0 Thread added: 0x0000017279bdb630
Event: 51.728 Thread 0x0000017277c65ac0 Thread added: 0x0000017279bd8ed0
Event: 51.729 Thread 0x0000017277c65ac0 Thread added: 0x0000017279bdeab0
Event: 51.729 Thread 0x0000017277c65ac0 Thread added: 0x0000017279bdc9e0
Event: 51.731 Thread 0x0000017277c65ac0 Thread added: 0x0000017279bddd90
Event: 51.897 Thread 0x0000017279bddd90 Thread exited: 0x0000017279bddd90
Event: 51.897 Thread 0x0000017279bdb630 Thread exited: 0x0000017279bdb630
Event: 51.898 Thread 0x0000017279bdc9e0 Thread exited: 0x0000017279bdc9e0
Event: 51.898 Thread 0x0000017279bd8ed0 Thread exited: 0x0000017279bd8ed0
Event: 51.898 Thread 0x0000017279bdeab0 Thread exited: 0x0000017279bdeab0
Event: 57.397 Thread 0x00000172799b5210 Thread added: 0x0000017279bdb630
Event: 57.409 Thread 0x00000172799b5210 Thread added: 0x0000017279bd8ed0
Event: 57.419 Thread 0x00000172799b5210 Thread added: 0x0000017279bdc9e0
Event: 62.293 Thread 0x0000017271fc3a80 Thread added: 0x000001727a469080
Event: 70.782 Thread 0x000001727a469080 Thread exited: 0x000001727a469080


Dynamic libraries:
0x00007ff602560000 - 0x00007ff60256e000 	c:\Users\Swathi\.windsurf\extensions\redhat.java-1.53.0-win32-x64\jre\21.0.10-win32-x86_64\bin\java.exe
0x00007ffa3ae80000 - 0x00007ffa3b0e7000 	C:\WINDOWS\SYSTEM32\ntdll.dll
0x00007ffa3a3a0000 - 0x00007ffa3a469000 	C:\WINDOWS\System32\KERNEL32.DLL
0x00007ffa377f0000 - 0x00007ffa37be1000 	C:\WINDOWS\System32\KERNELBASE.dll
0x00007ffa37d50000 - 0x00007ffa37e9b000 	C:\WINDOWS\System32\ucrtbase.dll
0x00007ffa27e90000 - 0x00007ffa27ea8000 	c:\Users\Swathi\.windsurf\extensions\redhat.java-1.53.0-win32-x64\jre\21.0.10-win32-x86_64\bin\jli.dll
0x00007ffa38ff0000 - 0x00007ffa391b5000 	C:\WINDOWS\System32\USER32.dll
0x00007ffa37bf0000 - 0x00007ffa37c17000 	C:\WINDOWS\System32\win32u.dll
0x00007ffa3abd0000 - 0x00007ffa3abfb000 	C:\WINDOWS\System32\GDI32.dll
0x00007ffa37c20000 - 0x00007ffa37d4b000 	C:\WINDOWS\System32\gdi32full.dll
0x00007ffa37ea0000 - 0x00007ffa37f43000 	C:\WINDOWS\System32\msvcp_win.dll
0x00007ffa27de0000 - 0x00007ffa27dfe000 	c:\Users\Swathi\.windsurf\extensions\redhat.java-1.53.0-win32-x64\jre\21.0.10-win32-x86_64\bin\VCRUNTIME140.dll
0x00007ffa28880000 - 0x00007ffa28b13000 	C:\WINDOWS\WinSxS\amd64_microsoft.windows.common-controls_6595b64144ccf1df_6.0.26100.8037_none_3e092faae333b53b\COMCTL32.dll
0x00007ffa3a5c0000 - 0x00007ffa3a669000 	C:\WINDOWS\System32\msvcrt.dll
0x00007ffa3acd0000 - 0x00007ffa3ad01000 	C:\WINDOWS\System32\IMM32.DLL
0x00007ffa28520000 - 0x00007ffa2852c000 	c:\Users\Swathi\.windsurf\extensions\redhat.java-1.53.0-win32-x64\jre\21.0.10-win32-x86_64\bin\vcruntime140_1.dll
0x00007ffa07620000 - 0x00007ffa076ad000 	c:\Users\Swathi\.windsurf\extensions\redhat.java-1.53.0-win32-x64\jre\21.0.10-win32-x86_64\bin\msvcp140.dll
0x00007ff9d1960000 - 0x00007ff9d2701000 	c:\Users\Swathi\.windsurf\extensions\redhat.java-1.53.0-win32-x64\jre\21.0.10-win32-x86_64\bin\server\jvm.dll
0x00007ffa3a470000 - 0x00007ffa3a52b000 	C:\WINDOWS\System32\ADVAPI32.dll
0x00007ffa38f30000 - 0x00007ffa38fd7000 	C:\WINDOWS\System32\sechost.dll
0x00007ffa38c20000 - 0x00007ffa38d38000 	C:\WINDOWS\System32\RPCRT4.dll
0x00007ffa3ad40000 - 0x00007ffa3adb4000 	C:\WINDOWS\System32\WS2_32.dll
0x00007ffa375e0000 - 0x00007ffa3763e000 	C:\WINDOWS\SYSTEM32\POWRPROF.dll
0x00007ffa27520000 - 0x00007ffa27555000 	C:\WINDOWS\SYSTEM32\WINMM.dll
0x00007ffa2bd20000 - 0x00007ffa2bd2b000 	C:\WINDOWS\SYSTEM32\VERSION.dll
0x00007ffa375c0000 - 0x00007ffa375d4000 	C:\WINDOWS\SYSTEM32\UMPDC.dll
0x00007ffa364d0000 - 0x00007ffa364eb000 	C:\WINDOWS\SYSTEM32\kernel.appcore.dll
0x00007ffa27ab0000 - 0x00007ffa27aba000 	c:\Users\Swathi\.windsurf\extensions\redhat.java-1.53.0-win32-x64\jre\21.0.10-win32-x86_64\bin\jimage.dll
0x00007ffa35660000 - 0x00007ffa358a2000 	C:\WINDOWS\SYSTEM32\DBGHELP.DLL
0x00007ffa3a670000 - 0x00007ffa3a9f2000 	C:\WINDOWS\System32\combase.dll
0x00007ffa39980000 - 0x00007ffa39a57000 	C:\WINDOWS\System32\OLEAUT32.dll
0x00007ffa20370000 - 0x00007ffa203ab000 	C:\WINDOWS\SYSTEM32\dbgcore.DLL
0x00007ffa38b70000 - 0x00007ffa38c15000 	C:\WINDOWS\System32\bcryptPrimitives.dll
0x00007ffa32a50000 - 0x00007ffa32a5f000 	c:\Users\Swathi\.windsurf\extensions\redhat.java-1.53.0-win32-x64\jre\21.0.10-win32-x86_64\bin\instrument.dll
0x00007ffa26af0000 - 0x00007ffa26b10000 	c:\Users\Swathi\.windsurf\extensions\redhat.java-1.53.0-win32-x64\jre\21.0.10-win32-x86_64\bin\java.dll
0x00007ffa39b60000 - 0x00007ffa3a2bf000 	C:\WINDOWS\System32\SHELL32.dll
0x00007ffa38a00000 - 0x00007ffa38b6a000 	C:\WINDOWS\System32\wintypes.dll
0x00007ffa37f50000 - 0x00007ffa387b4000 	C:\WINDOWS\System32\windows.storage.dll
0x00007ffa39a60000 - 0x00007ffa39b57000 	C:\WINDOWS\System32\SHCORE.dll
0x00007ffa3ab60000 - 0x00007ffa3abc7000 	C:\WINDOWS\System32\shlwapi.dll
0x00007ffa37680000 - 0x00007ffa376a9000 	C:\WINDOWS\SYSTEM32\profapi.dll
0x00007ffa0dd80000 - 0x00007ffa0dd98000 	c:\Users\Swathi\.windsurf\extensions\redhat.java-1.53.0-win32-x64\jre\21.0.10-win32-x86_64\bin\zip.dll
0x00007ffa32a40000 - 0x00007ffa32a50000 	C:\Users\Swathi\.windsurf\extensions\redhat.java-1.53.0-win32-x64\jre\21.0.10-win32-x86_64\bin\net.dll
0x00007ffa2bb80000 - 0x00007ffa2bca7000 	C:\WINDOWS\SYSTEM32\WINHTTP.dll
0x00007ffa36a60000 - 0x00007ffa36acb000 	C:\WINDOWS\system32\mswsock.dll
0x00007ffa28450000 - 0x00007ffa28466000 	C:\Users\Swathi\.windsurf\extensions\redhat.java-1.53.0-win32-x64\jre\21.0.10-win32-x86_64\bin\nio.dll
0x00007ffa2c760000 - 0x00007ffa2c770000 	c:\Users\Swathi\.windsurf\extensions\redhat.java-1.53.0-win32-x64\jre\21.0.10-win32-x86_64\bin\verify.dll
0x00007ffa283a0000 - 0x00007ffa283e5000 	C:\Users\Swathi\AppData\Roaming\Windsurf\User\globalStorage\redhat.java\1.53.0\config_win\org.eclipse.equinox.launcher\org.eclipse.equinox.launcher.win32.win32.x86_64_1.3.0.v20260203-2149\eclipse_11919.dll
0x00007ffa39680000 - 0x00007ffa39815000 	C:\WINDOWS\System32\ole32.dll
0x00007ffa36d40000 - 0x00007ffa36d5b000 	C:\WINDOWS\SYSTEM32\CRYPTSP.dll
0x00007ffa36430000 - 0x00007ffa36469000 	C:\WINDOWS\system32\rsaenh.dll
0x00007ffa36b10000 - 0x00007ffa36b42000 	C:\WINDOWS\SYSTEM32\USERENV.dll
0x00007ffa37650000 - 0x00007ffa3767a000 	C:\WINDOWS\SYSTEM32\bcrypt.dll
0x00007ffa36d60000 - 0x00007ffa36d6c000 	C:\WINDOWS\SYSTEM32\CRYPTBASE.dll
0x00007ffa35f00000 - 0x00007ffa35f33000 	C:\WINDOWS\SYSTEM32\IPHLPAPI.DLL
0x00007ffa3ad10000 - 0x00007ffa3ad1a000 	C:\WINDOWS\System32\NSI.dll
0x00007ffa28350000 - 0x00007ffa28399000 	C:\Users\Swathi\AppData\Local\Temp\jna--1805844232\jna838513257577263018.dll
0x00007ffa38d40000 - 0x00007ffa38d48000 	C:\WINDOWS\System32\PSAPI.DLL
0x00007ffa2be50000 - 0x00007ffa2be6d000 	C:\WINDOWS\SYSTEM32\dhcpcsvc6.DLL
0x00007ffa2be20000 - 0x00007ffa2be43000 	C:\WINDOWS\SYSTEM32\dhcpcsvc.DLL
0x00007ffa36610000 - 0x00007ffa36646000 	C:\WINDOWS\SYSTEM32\ntmarta.dll

JVMTI agents:
c:\Users\Swathi\.windsurf\extensions\redhat.java-1.53.0-win32-x64\lombok\lombok-1.18.39-4050.jar path:c:\Users\Swathi\.windsurf\extensions\redhat.java-1.53.0-win32-x64\jre\21.0.10-win32-x86_64\bin\instrument.dll, loaded, initialized, instrumentlib options:none

dbghelp: loaded successfully - version: 4.0.5 - missing functions: none
symbol engine: initialized successfully - sym options: 0x614 - pdb path: .;c:\Users\Swathi\.windsurf\extensions\redhat.java-1.53.0-win32-x64\jre\21.0.10-win32-x86_64\bin;C:\WINDOWS\SYSTEM32;C:\WINDOWS\WinSxS\amd64_microsoft.windows.common-controls_6595b64144ccf1df_6.0.26100.8037_none_3e092faae333b53b;c:\Users\Swathi\.windsurf\extensions\redhat.java-1.53.0-win32-x64\jre\21.0.10-win32-x86_64\bin\server;C:\Users\Swathi\AppData\Roaming\Windsurf\User\globalStorage\redhat.java\1.53.0\config_win\org.eclipse.equinox.launcher\org.eclipse.equinox.launcher.win32.win32.x86_64_1.3.0.v20260203-2149;C:\Users\Swathi\AppData\Local\Temp\jna--1805844232

VM Arguments:
jvm_args: --add-modules=ALL-SYSTEM --add-opens=java.base/java.util=ALL-UNNAMED --add-opens=java.base/java.lang=ALL-UNNAMED --add-opens=java.base/sun.nio.fs=ALL-UNNAMED -Declipse.application=org.eclipse.jdt.ls.core.id1 -Dosgi.bundles.defaultStartLevel=4 -Declipse.product=org.eclipse.jdt.ls.core.product -Djava.import.generatesMetadataFilesAtProjectRoot=false -DDetectVMInstallationsJob.disabled=true -Dfile.encoding=utf8 -XX:+UseParallelGC -XX:GCTimeRatio=4 -XX:AdaptiveSizePolicyWeight=90 -Dsun.zip.disableMemoryMapping=true -Xmx2G -Xms100m -Xlog:disable -javaagent:c:\Users\Swathi\.windsurf\extensions\redhat.java-1.53.0-win32-x64\lombok\lombok-1.18.39-4050.jar -XX:+HeapDumpOnOutOfMemoryError -XX:HeapDumpPath=c:\Users\Swathi\AppData\Roaming\Windsurf\User\workspaceStorage\17cebed599d5b7dc7390c2c8c682c7e6\redhat.java -Daether.dependencyCollector.impl=bf 
java_command: c:\Users\Swathi\.windsurf\extensions\redhat.java-1.53.0-win32-x64\server\plugins\org.eclipse.equinox.launcher_1.7.100.v20251111-0406.jar -configuration c:\Users\Swathi\AppData\Roaming\Windsurf\User\globalStorage\redhat.java\1.53.0\config_win -data c:\Users\Swathi\AppData\Roaming\Windsurf\User\workspaceStorage\17cebed599d5b7dc7390c2c8c682c7e6\redhat.java\jdt_ws --pipe=\\.\pipe\lsp-a6492ddc4204750d05b0ccacc74319b9-sock
java_class_path (initial): c:\Users\Swathi\.windsurf\extensions\redhat.java-1.53.0-win32-x64\server\plugins\org.eclipse.equinox.launcher_1.7.100.v20251111-0406.jar
Launcher Type: SUN_STANDARD

[Global flags]
    uintx AdaptiveSizePolicyWeight                 = 90                                        {product} {command line}
     intx CICompilerCount                          = 3                                         {product} {ergonomic}
    uintx GCTimeRatio                              = 4                                         {product} {command line}
     bool HeapDumpOnOutOfMemoryError               = true                                   {manageable} {command line}
    ccstr HeapDumpPath                             = c:\Users\Swathi\AppData\Roaming\Windsurf\User\workspaceStorage\17cebed599d5b7dc7390c2c8c682c7e6\redhat.java         {manageable} {command line}
   size_t InitialHeapSize                          = 104857600                                 {product} {command line}
   size_t MaxHeapSize                              = 2147483648                                {product} {command line}
   size_t MaxNewSize                               = 715653120                                 {product} {ergonomic}
   size_t MinHeapDeltaBytes                        = 524288                                    {product} {ergonomic}
   size_t MinHeapSize                              = 104857600                                 {product} {command line}
   size_t NewSize                                  = 34603008                                  {product} {ergonomic}
    uintx NonNMethodCodeHeapSize                   = 5832780                                {pd product} {ergonomic}
    uintx NonProfiledCodeHeapSize                  = 122912730                              {pd product} {ergonomic}
   size_t OldSize                                  = 70254592                                  {product} {ergonomic}
    uintx ProfiledCodeHeapSize                     = 122912730                              {pd product} {ergonomic}
    uintx ReservedCodeCacheSize                    = 251658240                              {pd product} {ergonomic}
     bool SegmentedCodeCache                       = true                                      {product} {ergonomic}
   size_t SoftMaxHeapSize                          = 2147483648                             {manageable} {ergonomic}
     bool UseCompressedOops                        = true                           {product lp64_product} {ergonomic}
     bool UseLargePagesIndividualAllocation        = false                                  {pd product} {ergonomic}
     bool UseParallelGC                            = true                                      {product} {command line}

Logging:
Log output configuration:
 #0: stdout all=off uptime,level,tags foldmultilines=false
 #1: stderr all=off uptime,level,tags foldmultilines=false

Release file:
JAVA_VERSION="21.0.10" 
MODULES="java.base java.compiler java.datatransfer java.xml java.prefs java.desktop java.instrument java.logging java.management java.security.sasl java.naming java.rmi java.management.rmi java.net.http java.scripting java.security.jgss java.transaction.xa java.sql java.sql.rowset java.xml.crypto java.se java.smartcardio jdk.accessibility jdk.internal.jvmstat jdk.attach jdk.charsets jdk.internal.opt jdk.zipfs jdk.compiler jdk.crypto.ec jdk.crypto.cryptoki jdk.crypto.mscapi jdk.dynalink jdk.internal.ed jdk.editpad jdk.hotspot.agent jdk.httpserver jdk.internal.le jdk.internal.vm.ci jdk.internal.vm.compiler jdk.internal.vm.compiler.management jdk.jartool jdk.javadoc jdk.jcmd jdk.management jdk.management.agent jdk.jconsole jdk.jdeps jdk.jdwp.agent jdk.jdi jdk.jfr jdk.jshell jdk.jsobject jdk.jstatd jdk.localedata jdk.management.jfr jdk.naming.dns jdk.naming.rmi jdk.net jdk.nio.mapmode jdk.random jdk.sctp jdk.security.auth jdk.security.jgss jdk.unsupported jdk.unsupported.desktop jdk.xml.dom" 

Environment Variables:
PATH=C:\Program Files\Common Files\Oracle\Java\javapath;C:\Python313\Scripts\;C:\Python313\;C:\WINDOWS\system32;C:\WINDOWS;C:\WINDOWS\System32\Wbem;C:\WINDOWS\System32\WindowsPowerShell\v1.0\;C:\WINDOWS\System32\OpenSSH\;C:\ProgramData\chocolatey\bin;C:\Users\Swathi\AppData\Local\nvm;C:\nvm4w\nodejs;C:\Program Files\MySQL\MySQL Server 8.0\bin;C:\Program Files\Git\cmd;C:\Users\Swathi\AppData\Local\Microsoft\WindowsApps;C:\Users\Swathi\AppData\Local\Programs\Microsoft VS Code\bin;C:\Users\Swathi\AppData\Roaming\npm;C:\Users\Swathi\AppData\Local\nvm;C:\nvm4w\nodejs;C:\Users\Swathi\AppData\Local\Programs\Windsurf\bin;C:\Users\Swathi\AppData\Local\Programs\cursor\resources\app\bin
USERNAME=Swathi
OS=Windows_NT
PROCESSOR_IDENTIFIER=Intel64 Family 6 Model 126 Stepping 5, GenuineIntel
TMP=C:\Users\Swathi\AppData\Local\Temp
TEMP=C:\Users\Swathi\AppData\Local\Temp




Periodic native trim disabled

---------------  S Y S T E M  ---------------

OS:
 Windows 11 , 64 bit Build 26100 (10.0.26100.7920)
OS uptime: 0 days 4:11 hours
Hyper-V role detected

CPU: total 4 (initial active 4) (2 cores per cpu, 2 threads per core) family 6 model 126 stepping 5 microcode 0xa6, cx8, cmov, fxsr, ht, mmx, 3dnowpref, sse, sse2, sse3, ssse3, sse4.1, sse4.2, popcnt, lzcnt, tsc, tscinvbit, avx, avx2, aes, erms, clmul, bmi1, bmi2, adx, avx512f, avx512dq, avx512cd, avx512bw, avx512vl, sha, fma, vzeroupper, avx512_vpopcntdq, avx512_vpclmulqdq, avx512_vaes, avx512_vnni, clflush, clflushopt, avx512_vbmi2, avx512_vbmi, hv, rdtscp, rdpid, fsrm, gfni, avx512_bitalg, f16c, avx512_ifma
Processor Information for the first 4 processors :
  Max Mhz: 1190, Current Mhz: 1190, Mhz Limit: 1190

Memory: 4k page, system-wide physical 3891M (147M free)
TotalPageFile size 15667M (AvailPageFile size 589M)
current process WorkingSet (physical memory assigned to process): 7M, peak: 278M
current process commit charge ("private bytes"): 428M, peak: 468M

vm_info: OpenJDK 64-Bit Server VM (21.0.10+7-LTS) for windows-amd64 JRE (21.0.10+7-LTS), built on 2026-01-20T00:00:00Z by "admin" with MS VC++ 17.12 (VS2022)

END.
