#
# There is insufficient memory for the Java Runtime Environment to continue.
# Native memory allocation (malloc) failed to allocate 1048576 bytes. Error detail: AllocateHeap
# Possible reasons:
#   The system is out of physical RAM or swap space
#   This process is running with CompressedOops enabled, and the Java Heap may be blocking the growth of the native heap
# Possible solutions:
#   Reduce memory load on the system
#   Increase physical memory or swap space
#   Check if swap backing store is full
#   Decrease Java heap size (-Xmx/-Xms)
#   Decrease number of Java threads
#   Decrease Java thread stack sizes (-Xss)
#   Set larger code cache with -XX:ReservedCodeCacheSize=
#   JVM is running with Unscaled Compressed Oops mode in which the Java heap is
#     placed in the first 4GB address space. The Java Heap base address is the
#     maximum limit for the native heap growth. Please use -XX:HeapBaseMinAddress
#     to set the Java Heap base and to place the Java Heap above 4GB virtual address.
# This output file may be truncated or incomplete.
#
#  Out of Memory Error (allocation.cpp:44), pid=12200, tid=9644
#
# JRE version: OpenJDK Runtime Environment Temurin-21.0.10+7 (21.0.10+7) (build 21.0.10+7-LTS)
# Java VM: OpenJDK 64-Bit Server VM Temurin-21.0.10+7 (21.0.10+7-LTS, mixed mode, sharing, tiered, compressed oops, compressed class ptrs, parallel gc, windows-amd64)
# No core dump will be written. Minidumps are not enabled by default on client versions of Windows
#

---------------  S U M M A R Y ------------

Command Line: --add-modules=ALL-SYSTEM --add-opens=java.base/java.util=ALL-UNNAMED --add-opens=java.base/java.lang=ALL-UNNAMED --add-opens=java.base/sun.nio.fs=ALL-UNNAMED -Declipse.application=org.eclipse.jdt.ls.core.id1 -Dosgi.bundles.defaultStartLevel=4 -Declipse.product=org.eclipse.jdt.ls.core.product -Djava.import.generatesMetadataFilesAtProjectRoot=false -DDetectVMInstallationsJob.disabled=true -Dfile.encoding=utf8 -XX:+UseParallelGC -XX:GCTimeRatio=4 -XX:AdaptiveSizePolicyWeight=90 -Dsun.zip.disableMemoryMapping=true -Xmx2G -Xms100m -Xlog:disable -javaagent:c:\Users\Swathi\.windsurf\extensions\redhat.java-1.53.0-win32-x64\lombok\lombok-1.18.39-4050.jar -XX:+HeapDumpOnOutOfMemoryError -XX:HeapDumpPath=c:\Users\Swathi\AppData\Roaming\Windsurf\User\workspaceStorage\17cebed599d5b7dc7390c2c8c682c7e6\redhat.java -Daether.dependencyCollector.impl=bf c:\Users\Swathi\.windsurf\extensions\redhat.java-1.53.0-win32-x64\server\plugins\org.eclipse.equinox.launcher_1.7.100.v20251111-0406.jar -configuration c:\Users\Swathi\AppData\Roaming\Windsurf\User\globalStorage\redhat.java\1.53.0\config_win -data c:\Users\Swathi\AppData\Roaming\Windsurf\User\workspaceStorage\17cebed599d5b7dc7390c2c8c682c7e6\redhat.java\jdt_ws --pipe=\\.\pipe\lsp-30fd9df7f10dc36e11330ee6aacd1653-sock

Host: Intel(R) Core(TM) i3-1005G1 CPU @ 1.20GHz, 4 cores, 3G,  Windows 11 , 64 bit Build 26100 (10.0.26100.7920)
Time: Fri Mar 13 15:12:36 2026 India Standard Time elapsed time: 1288.138585 seconds (0d 0h 21m 28s)

---------------  T H R E A D  ---------------

Current thread (0x000002bb6a594370):  JavaThread "Attach Listener" daemon [_thread_in_vm, id=9644, stack(0x000000ef6ac00000,0x000000ef6ad00000) (1024K)]

Stack: [0x000000ef6ac00000,0x000000ef6ad00000]
Native frames: (J=compiled Java code, j=interpreted, Vv=VM code, C=native code)
V  [jvm.dll+0x6d7a39]
V  [jvm.dll+0x8b4b26]
V  [jvm.dll+0x8b70de]
V  [jvm.dll+0x8b77c3]
V  [jvm.dll+0x284346]
V  [jvm.dll+0xc1277]
V  [jvm.dll+0x6d82e9]
V  [jvm.dll+0x1334a6]
V  [jvm.dll+0x3f857e]
V  [jvm.dll+0x85f59d]
V  [jvm.dll+0x6d626d]
C  [ucrtbase.dll+0x37b0]
C  [KERNEL32.DLL+0x2e8d7]
C  [ntdll.dll+0x8c48c]


---------------  P R O C E S S  ---------------

Threads class SMR info:
_java_thread_list=0x000002bb7f425e30, length=31, elements={
0x000002bb6a69c2d0, 0x000002bb6a58c6f0, 0x000002bb6a58f6d0, 0x000002bb6a591700,
0x000002bb6a594370, 0x000002bb6a596de0, 0x000002bb6a597840, 0x000002bb6a59aa90,
0x000002bb6a610960, 0x000002bb7dd3ff60, 0x000002bb7de93110, 0x000002bb7e347e30,
0x000002bb7dc36870, 0x000002bb7e3cac30, 0x000002bb7e3cb2a0, 0x000002bb7ea0a0d0,
0x000002bb7dee6bc0, 0x000002bb7ed60490, 0x000002bb7ed5f770, 0x000002bb7f195610,
0x000002bb7f195ca0, 0x000002bb7f196330, 0x000002bb7f199e40, 0x000002bb7f19a4d0,
0x000002bb7f1976e0, 0x000002bb7f197050, 0x000002bb7f1997b0, 0x000002bb7f19ab60,
0x000002bb4a99bd30, 0x000002bb4a997b90, 0x000002bb4a9988b0
}

Java Threads: ( => current thread )
  0x000002bb6a69c2d0 JavaThread "main"                              [_thread_blocked, id=18948, stack(0x000000ef6a400000,0x000000ef6a500000) (1024K)]
  0x000002bb6a58c6f0 JavaThread "Reference Handler"          daemon [_thread_blocked, id=19812, stack(0x000000ef6a900000,0x000000ef6aa00000) (1024K)]
  0x000002bb6a58f6d0 JavaThread "Finalizer"                  daemon [_thread_blocked, id=7060, stack(0x000000ef6aa00000,0x000000ef6ab00000) (1024K)]
  0x000002bb6a591700 JavaThread "Signal Dispatcher"          daemon [_thread_blocked, id=7068, stack(0x000000ef6ab00000,0x000000ef6ac00000) (1024K)]
=>0x000002bb6a594370 JavaThread "Attach Listener"            daemon [_thread_in_vm, id=9644, stack(0x000000ef6ac00000,0x000000ef6ad00000) (1024K)]
  0x000002bb6a596de0 JavaThread "Service Thread"             daemon [_thread_blocked, id=20860, stack(0x000000ef6ad00000,0x000000ef6ae00000) (1024K)]
  0x000002bb6a597840 JavaThread "Monitor Deflation Thread"   daemon [_thread_blocked, id=7064, stack(0x000000ef6ae00000,0x000000ef6af00000) (1024K)]
  0x000002bb6a59aa90 JavaThread "C2 CompilerThread0"         daemon [_thread_blocked, id=6120, stack(0x000000ef6af00000,0x000000ef6b000000) (1024K)]
  0x000002bb6a610960 JavaThread "C1 CompilerThread0"         daemon [_thread_blocked, id=9064, stack(0x000000ef6b000000,0x000000ef6b100000) (1024K)]
  0x000002bb7dd3ff60 JavaThread "Common-Cleaner"             daemon [_thread_blocked, id=12556, stack(0x000000ef6b100000,0x000000ef6b200000) (1024K)]
  0x000002bb7de93110 JavaThread "Notification Thread"        daemon [_thread_blocked, id=19560, stack(0x000000ef6b200000,0x000000ef6b300000) (1024K)]
  0x000002bb7e347e30 JavaThread "Active Thread: Equinox Container: c1461026-b8c4-45b3-a148-107588447cd0"        [_thread_blocked, id=21324, stack(0x000000ef6b600000,0x000000ef6b700000) (1024K)]
  0x000002bb7dc36870 JavaThread "Refresh Thread: Equinox Container: c1461026-b8c4-45b3-a148-107588447cd0" daemon [_thread_blocked, id=17148, stack(0x000000ef6b700000,0x000000ef6b800000) (1024K)]
  0x000002bb7e3cac30 JavaThread "Framework Event Dispatcher: Equinox Container: c1461026-b8c4-45b3-a148-107588447cd0" daemon [_thread_blocked, id=10064, stack(0x000000ef6b800000,0x000000ef6b900000) (1024K)]
  0x000002bb7e3cb2a0 JavaThread "Start Level: Equinox Container: c1461026-b8c4-45b3-a148-107588447cd0" daemon [_thread_blocked, id=10816, stack(0x000000ef6b900000,0x000000ef6ba00000) (1024K)]
  0x000002bb7ea0a0d0 JavaThread "Bundle File Closer"         daemon [_thread_blocked, id=12084, stack(0x000000ef6ba00000,0x000000ef6bb00000) (1024K)]
  0x000002bb7dee6bc0 JavaThread "SCR Component Actor"        daemon [_thread_blocked, id=9740, stack(0x000000ef6bb00000,0x000000ef6bc00000) (1024K)]
  0x000002bb7ed60490 JavaThread "Worker-JM"                         [_thread_blocked, id=21048, stack(0x000000ef6bc00000,0x000000ef6bd00000) (1024K)]
  0x000002bb7ed5f770 JavaThread "JNA Cleaner"                daemon [_thread_blocked, id=1572, stack(0x000000ef6bd00000,0x000000ef6be00000) (1024K)]
  0x000002bb7f195610 JavaThread "Java indexing"              daemon [_thread_blocked, id=17792, stack(0x000000ef6c300000,0x000000ef6c400000) (1024K)]
  0x000002bb7f195ca0 JavaThread "Thread-1"                   daemon [_thread_in_native, id=20132, stack(0x000000ef6c700000,0x000000ef6c800000) (1024K)]
  0x000002bb7f196330 JavaThread "Thread-2"                   daemon [_thread_in_native, id=10168, stack(0x000000ef6c800000,0x000000ef6c900000) (1024K)]
  0x000002bb7f199e40 JavaThread "Thread-3"                   daemon [_thread_in_native, id=7592, stack(0x000000ef6c900000,0x000000ef6ca00000) (1024K)]
  0x000002bb7f19a4d0 JavaThread "Thread-4"                   daemon [_thread_in_native, id=12252, stack(0x000000ef6ca00000,0x000000ef6cb00000) (1024K)]
  0x000002bb7f1976e0 JavaThread "Thread-5"                   daemon [_thread_in_native, id=11268, stack(0x000000ef6cb00000,0x000000ef6cc00000) (1024K)]
  0x000002bb7f197050 JavaThread "pool-2-thread-1"                   [_thread_blocked, id=5240, stack(0x000000ef6cc00000,0x000000ef6cd00000) (1024K)]
  0x000002bb7f1997b0 JavaThread "WorkspaceEventsHandler"            [_thread_blocked, id=6152, stack(0x000000ef6ce00000,0x000000ef6cf00000) (1024K)]
  0x000002bb7f19ab60 JavaThread "pool-1-thread-1"                   [_thread_blocked, id=19912, stack(0x000000ef6cf00000,0x000000ef6d000000) (1024K)]
  0x000002bb4a99bd30 JavaThread "Cleaner-0"                  daemon [_thread_blocked, id=18932, stack(0x000000ef6a500000,0x000000ef6a600000) (1024K)]
  0x000002bb4a997b90 JavaThread "Worker-6"                          [_thread_blocked, id=16596, stack(0x000000ef6a300000,0x000000ef6a400000) (1024K)]
  0x000002bb4a9988b0 JavaThread "Worker-8"                          [_thread_blocked, id=13492, stack(0x000000ef6bf00000,0x000000ef6c000000) (1024K)]
Total: 31

Other Threads:
  0x000002bb6a75c080 VMThread "VM Thread"                           [id=18996, stack(0x000000ef6a800000,0x000000ef6a900000) (1024K)]
  0x000002bb6a70a3a0 WatcherThread "VM Periodic Task Thread"        [id=18224, stack(0x000000ef6a700000,0x000000ef6a800000) (1024K)]
  0x000002bb6a6bad30 WorkerThread "GC Thread#0"                     [id=4700, stack(0x000000ef6a600000,0x000000ef6a700000) (1024K)]
  0x000002bb7e3f2010 WorkerThread "GC Thread#1"                     [id=2808, stack(0x000000ef6b300000,0x000000ef6b400000) (1024K)]
  0x000002bb7e090ba0 WorkerThread "GC Thread#2"                     [id=16440, stack(0x000000ef6b400000,0x000000ef6b500000) (1024K)]
  0x000002bb7e090f50 WorkerThread "GC Thread#3"                     [id=4760, stack(0x000000ef6b500000,0x000000ef6b600000) (1024K)]
Total: 6

Threads with active compile tasks:
Total: 0

VM state: not at safepoint (normal execution)

VM Mutex/Monitor currently owned by a thread: None

Heap address: 0x0000000080000000, size: 2048 MB, Compressed Oops mode: 32-bit

CDS archive(s) mapped at: [0x000002bb04000000-0x000002bb04ba0000-0x000002bb04ba0000), size 12189696, SharedBaseAddress: 0x000002bb04000000, ArchiveRelocationMode: 1.
Compressed class space mapped at: 0x000002bb05000000-0x000002bb45000000, reserved size: 1073741824
Narrow klass base: 0x000002bb04000000, Narrow klass shift: 0, Narrow klass range: 0x100000000

GC Precious Log:
 CardTable entry size: 512
 CPUs: 4 total, 4 available
 Memory: 3891M
 Large Page Support: Disabled
 NUMA Support: Disabled
 Compressed Oops: Enabled (32-bit)
 Alignments: Space 512K, Generation 512K, Heap 2M
 Heap Min Capacity: 100M
 Heap Initial Capacity: 100M
 Heap Max Capacity: 2G
 Pre-touch: Disabled
 Parallel Workers: 4

Heap:
 PSYoungGen      total 2048K, used 785K [0x00000000d5580000, 0x00000000d5800000, 0x0000000100000000)
  eden space 1536K, 34% used [0x00000000d5580000,0x00000000d5604730,0x00000000d5700000)
  from space 512K, 50% used [0x00000000d5700000,0x00000000d5740000,0x00000000d5780000)
  to   space 512K, 0% used [0x00000000d5780000,0x00000000d5780000,0x00000000d5800000)
 ParOldGen       total 1037824K, used 1037673K [0x0000000080000000, 0x00000000bf580000, 0x00000000d5580000)
  object space 1037824K, 99% used [0x0000000080000000,0x00000000bf55a600,0x00000000bf580000)
 Metaspace       used 72745K, committed 74240K, reserved 1179648K
  class space    used 7317K, committed 7936K, reserved 1048576K

Card table byte_map: [0x000002bb6a040000,0x000002bb6a450000] _byte_map_base: 0x000002bb69c40000

Marking Bits: (ParMarkBitMap*) 0x00007ffd9ab23450
 Begin Bits: [0x000002bb00000000, 0x000002bb02000000)
 End Bits:   [0x000002bb02000000, 0x000002bb04000000)

Polling page: 0x000002bb68510000

Metaspace:

Usage:
  Non-class:     63.89 MB used.
      Class:      7.15 MB used.
       Both:     71.04 MB used.

Virtual space:
  Non-class space:      128.00 MB reserved,      64.75 MB ( 51%) committed,  2 nodes.
      Class space:        1.00 GB reserved,       7.75 MB ( <1%) committed,  1 nodes.
             Both:        1.12 GB reserved,      72.50 MB (  6%) committed. 

Chunk freelists:
   Non-Class:  14.79 MB
       Class:  8.20 MB
        Both:  22.98 MB

MaxMetaspaceSize: unlimited
CompressedClassSpaceSize: 1.00 GB
Initial GC threshold: 21.00 MB
Current GC threshold: 97.31 MB
CDS: on
 - commit_granule_bytes: 65536.
 - commit_granule_words: 8192.
 - virtual_space_node_default_size: 8388608.
 - enlarge_chunks_in_place: 1.
 - use_allocation_guard: 0.


Internal statistics:

num_allocs_failed_limit: 9.
num_arena_births: 1404.
num_arena_deaths: 14.
num_vsnodes_births: 3.
num_vsnodes_deaths: 0.
num_space_committed: 1160.
num_space_uncommitted: 0.
num_chunks_returned_to_freelist: 23.
num_chunks_taken_from_freelist: 4964.
num_chunk_merges: 11.
num_chunk_splits: 2988.
num_chunks_enlarged: 1621.
num_inconsistent_stats: 0.

CodeHeap 'non-profiled nmethods': size=120000Kb used=13860Kb max_used=13860Kb free=106139Kb
 bounds [0x000002bb75370000, 0x000002bb76100000, 0x000002bb7c8a0000]
CodeHeap 'profiled nmethods': size=120000Kb used=37600Kb max_used=37600Kb free=82399Kb
 bounds [0x000002bb6d8a0000, 0x000002bb6fd60000, 0x000002bb74dd0000]
CodeHeap 'non-nmethods': size=5760Kb used=1476Kb max_used=1552Kb free=4283Kb
 bounds [0x000002bb74dd0000, 0x000002bb75040000, 0x000002bb75370000]
CodeCache: size=245760Kb, used=52936Kb, max_used=53012Kb, free=192821Kb
 total_blobs=16033, nmethods=15247, adapters=689, full_count=0
Compilation: enabled, stopped_count=0, restarted_count=0

Compilation events (20 events):
Event: 1039.395 Thread 0x000002bb6a610960 16093       3       java.io.BufferedWriter::<init> (12 bytes)
Event: 1039.396 Thread 0x000002bb6a610960 nmethod 16093 0x000002bb6fd4d910 code [0x000002bb6fd4dae0, 0x000002bb6fd4df28]
Event: 1039.397 Thread 0x000002bb6a610960 16094       3       org.eclipse.jdt.internal.core.builder.BuildNotifier::subTask (59 bytes)
Event: 1039.403 Thread 0x000002bb6a610960 nmethod 16094 0x000002bb6fd4e090 code [0x000002bb6fd4e4a0, 0x000002bb6fd504c8]
Event: 1039.403 Thread 0x000002bb6a610960 16095       3       org.eclipse.jdt.internal.core.builder.BuildNotifier::problemsMessage (397 bytes)
Event: 1039.406 Thread 0x000002bb6a610960 nmethod 16095 0x000002bb6fd51010 code [0x000002bb6fd514e0, 0x000002bb6fd52eb8]
Event: 1080.131 Thread 0x000002bb6a610960 16096       3       java.util.concurrent.ScheduledThreadPoolExecutor$ScheduledFutureTask::isPeriodic (15 bytes)
Event: 1080.137 Thread 0x000002bb6a610960 nmethod 16096 0x000002bb6fd53790 code [0x000002bb6fd53920, 0x000002bb6fd53a88]
Event: 1122.918 Thread 0x000002bb6a610960 16098   !   3       java.util.concurrent.ScheduledThreadPoolExecutor$DelayedWorkQueue::take (203 bytes)
Event: 1123.012 Thread 0x000002bb6a610960 nmethod 16098 0x000002bb6fd53b10 code [0x000002bb6fd53ee0, 0x000002bb6fd55780]
Event: 1130.195 Thread 0x000002bb6a610960 16099       3       java.util.concurrent.ScheduledThreadPoolExecutor::triggerTime (22 bytes)
Event: 1130.198 Thread 0x000002bb6a610960 nmethod 16099 0x000002bb6fd56290 code [0x000002bb6fd56440, 0x000002bb6fd56620]
Event: 1130.199 Thread 0x000002bb6a610960 16100       3       java.util.concurrent.ScheduledThreadPoolExecutor$DelayedWorkQueue::add (9 bytes)
Event: 1130.203 Thread 0x000002bb6a610960 nmethod 16100 0x000002bb6fd56710 code [0x000002bb6fd568e0, 0x000002bb6fd56bb8]
Event: 1130.203 Thread 0x000002bb6a610960 16101       3       java.util.concurrent.ScheduledThreadPoolExecutor$DelayedWorkQueue::add (6 bytes)
Event: 1130.203 Thread 0x000002bb6a610960 nmethod 16101 0x000002bb6fd56c90 code [0x000002bb6fd56e40, 0x000002bb6fd56f98]
Event: 1150.236 Thread 0x000002bb6a610960 16102       3       java.util.concurrent.ScheduledThreadPoolExecutor$ScheduledFutureTask::run (57 bytes)
Event: 1150.251 Thread 0x000002bb6a610960 nmethod 16102 0x000002bb6fd57090 code [0x000002bb6fd572c0, 0x000002bb6fd57830]
Event: 1157.635 Thread 0x000002bb6a610960 16103       3       java.util.concurrent.locks.AbstractQueuedSynchronizer$ConditionObject::unlinkCancelledWaiters (91 bytes)
Event: 1157.641 Thread 0x000002bb6a610960 nmethod 16103 0x000002bb6fd57a10 code [0x000002bb6fd57bc0, 0x000002bb6fd57f50]

GC Heap History (20 events):
Event: 907.155 GC heap before
{Heap before GC invocations=803 (full 3):
 PSYoungGen      total 1536K, used 1312K [0x00000000d5580000, 0x00000000d5780000, 0x0000000100000000)
  eden space 1024K, 100% used [0x00000000d5580000,0x00000000d5680000,0x00000000d5680000)
  from space 512K, 56% used [0x00000000d5680000,0x00000000d56c8000,0x00000000d5700000)
  to   space 512K, 0% used [0x00000000d5700000,0x00000000d5700000,0x00000000d5780000)
 ParOldGen       total 1035776K, used 1035387K [0x0000000080000000, 0x00000000bf380000, 0x00000000d5580000)
  object space 1035776K, 99% used [0x0000000080000000,0x00000000bf31ec50,0x00000000bf380000)
 Metaspace       used 72701K, committed 74240K, reserved 1179648K
  class space    used 7317K, committed 7936K, reserved 1048576K
}
Event: 907.159 GC heap after
{Heap after GC invocations=803 (full 3):
 PSYoungGen      total 1536K, used 224K [0x00000000d5580000, 0x00000000d5780000, 0x0000000100000000)
  eden space 1024K, 0% used [0x00000000d5580000,0x00000000d5580000,0x00000000d5680000)
  from space 512K, 43% used [0x00000000d5700000,0x00000000d5738000,0x00000000d5780000)
  to   space 512K, 0% used [0x00000000d5680000,0x00000000d5680000,0x00000000d5700000)
 ParOldGen       total 1035776K, used 1035600K [0x0000000080000000, 0x00000000bf380000, 0x00000000d5580000)
  object space 1035776K, 99% used [0x0000000080000000,0x00000000bf3540d0,0x00000000bf380000)
 Metaspace       used 72701K, committed 74240K, reserved 1179648K
  class space    used 7317K, committed 7936K, reserved 1048576K
}
Event: 907.188 GC heap before
{Heap before GC invocations=804 (full 3):
 PSYoungGen      total 1536K, used 1248K [0x00000000d5580000, 0x00000000d5780000, 0x0000000100000000)
  eden space 1024K, 100% used [0x00000000d5580000,0x00000000d5680000,0x00000000d5680000)
  from space 512K, 43% used [0x00000000d5700000,0x00000000d5738000,0x00000000d5780000)
  to   space 512K, 0% used [0x00000000d5680000,0x00000000d5680000,0x00000000d5700000)
 ParOldGen       total 1035776K, used 1035600K [0x0000000080000000, 0x00000000bf380000, 0x00000000d5580000)
  object space 1035776K, 99% used [0x0000000080000000,0x00000000bf3540d0,0x00000000bf380000)
 Metaspace       used 72705K, committed 74240K, reserved 1179648K
  class space    used 7317K, committed 7936K, reserved 1048576K
}
Event: 907.192 GC heap after
{Heap after GC invocations=804 (full 3):
 PSYoungGen      total 1536K, used 224K [0x00000000d5580000, 0x00000000d5780000, 0x0000000100000000)
  eden space 1024K, 0% used [0x00000000d5580000,0x00000000d5580000,0x00000000d5680000)
  from space 512K, 43% used [0x00000000d5680000,0x00000000d56b8000,0x00000000d5700000)
  to   space 512K, 0% used [0x00000000d5700000,0x00000000d5700000,0x00000000d5780000)
 ParOldGen       total 1035776K, used 1035736K [0x0000000080000000, 0x00000000bf380000, 0x00000000d5580000)
  object space 1035776K, 99% used [0x0000000080000000,0x00000000bf3760d0,0x00000000bf380000)
 Metaspace       used 72705K, committed 74240K, reserved 1179648K
  class space    used 7317K, committed 7936K, reserved 1048576K
}
Event: 907.236 GC heap before
{Heap before GC invocations=805 (full 3):
 PSYoungGen      total 1536K, used 1248K [0x00000000d5580000, 0x00000000d5780000, 0x0000000100000000)
  eden space 1024K, 100% used [0x00000000d5580000,0x00000000d5680000,0x00000000d5680000)
  from space 512K, 43% used [0x00000000d5680000,0x00000000d56b8000,0x00000000d5700000)
  to   space 512K, 0% used [0x00000000d5700000,0x00000000d5700000,0x00000000d5780000)
 ParOldGen       total 1035776K, used 1035736K [0x0000000080000000, 0x00000000bf380000, 0x00000000d5580000)
  object space 1035776K, 99% used [0x0000000080000000,0x00000000bf3760d0,0x00000000bf380000)
 Metaspace       used 72706K, committed 74240K, reserved 1179648K
  class space    used 7317K, committed 7936K, reserved 1048576K
}
Event: 907.239 GC heap after
{Heap after GC invocations=805 (full 3):
 PSYoungGen      total 1536K, used 250K [0x00000000d5580000, 0x00000000d5780000, 0x0000000100000000)
  eden space 1024K, 0% used [0x00000000d5580000,0x00000000d5580000,0x00000000d5680000)
  from space 512K, 48% used [0x00000000d5700000,0x00000000d573e900,0x00000000d5780000)
  to   space 512K, 0% used [0x00000000d5680000,0x00000000d5680000,0x00000000d5700000)
 ParOldGen       total 1036288K, used 1035902K [0x0000000080000000, 0x00000000bf400000, 0x00000000d5580000)
  object space 1036288K, 99% used [0x0000000080000000,0x00000000bf39f850,0x00000000bf400000)
 Metaspace       used 72706K, committed 74240K, reserved 1179648K
  class space    used 7317K, committed 7936K, reserved 1048576K
}
Event: 907.246 GC heap before
{Heap before GC invocations=806 (full 3):
 PSYoungGen      total 1536K, used 1274K [0x00000000d5580000, 0x00000000d5780000, 0x0000000100000000)
  eden space 1024K, 100% used [0x00000000d5580000,0x00000000d5680000,0x00000000d5680000)
  from space 512K, 48% used [0x00000000d5700000,0x00000000d573e900,0x00000000d5780000)
  to   space 512K, 0% used [0x00000000d5680000,0x00000000d5680000,0x00000000d5700000)
 ParOldGen       total 1036288K, used 1035902K [0x0000000080000000, 0x00000000bf400000, 0x00000000d5580000)
  object space 1036288K, 99% used [0x0000000080000000,0x00000000bf39f850,0x00000000bf400000)
 Metaspace       used 72706K, committed 74240K, reserved 1179648K
  class space    used 7317K, committed 7936K, reserved 1048576K
}
Event: 907.250 GC heap after
{Heap after GC invocations=806 (full 3):
 PSYoungGen      total 1536K, used 288K [0x00000000d5580000, 0x00000000d5780000, 0x0000000100000000)
  eden space 1024K, 0% used [0x00000000d5580000,0x00000000d5580000,0x00000000d5680000)
  from space 512K, 56% used [0x00000000d5680000,0x00000000d56c8000,0x00000000d5700000)
  to   space 512K, 0% used [0x00000000d5700000,0x00000000d5700000,0x00000000d5780000)
 ParOldGen       total 1036288K, used 1036095K [0x0000000080000000, 0x00000000bf400000, 0x00000000d5580000)
  object space 1036288K, 99% used [0x0000000080000000,0x00000000bf3cff28,0x00000000bf400000)
 Metaspace       used 72706K, committed 74240K, reserved 1179648K
  class space    used 7317K, committed 7936K, reserved 1048576K
}
Event: 907.263 GC heap before
{Heap before GC invocations=807 (full 3):
 PSYoungGen      total 1536K, used 1312K [0x00000000d5580000, 0x00000000d5780000, 0x0000000100000000)
  eden space 1024K, 100% used [0x00000000d5580000,0x00000000d5680000,0x00000000d5680000)
  from space 512K, 56% used [0x00000000d5680000,0x00000000d56c8000,0x00000000d5700000)
  to   space 512K, 0% used [0x00000000d5700000,0x00000000d5700000,0x00000000d5780000)
 ParOldGen       total 1036288K, used 1036095K [0x0000000080000000, 0x00000000bf400000, 0x00000000d5580000)
  object space 1036288K, 99% used [0x0000000080000000,0x00000000bf3cff28,0x00000000bf400000)
 Metaspace       used 72706K, committed 74240K, reserved 1179648K
  class space    used 7317K, committed 7936K, reserved 1048576K
}
Event: 907.268 GC heap after
{Heap after GC invocations=807 (full 3):
 PSYoungGen      total 1536K, used 320K [0x00000000d5580000, 0x00000000d5800000, 0x0000000100000000)
  eden space 1024K, 0% used [0x00000000d5580000,0x00000000d5580000,0x00000000d5680000)
  from space 512K, 62% used [0x00000000d5700000,0x00000000d5750000,0x00000000d5780000)
  to   space 512K, 0% used [0x00000000d5680000,0x00000000d5680000,0x00000000d5700000)
 ParOldGen       total 1036800K, used 1036383K [0x0000000080000000, 0x00000000bf480000, 0x00000000d5580000)
  object space 1036800K, 99% used [0x0000000080000000,0x00000000bf417f28,0x00000000bf480000)
 Metaspace       used 72706K, committed 74240K, reserved 1179648K
  class space    used 7317K, committed 7936K, reserved 1048576K
}
Event: 907.324 GC heap before
{Heap before GC invocations=808 (full 3):
 PSYoungGen      total 1536K, used 1344K [0x00000000d5580000, 0x00000000d5800000, 0x0000000100000000)
  eden space 1024K, 100% used [0x00000000d5580000,0x00000000d5680000,0x00000000d5680000)
  from space 512K, 62% used [0x00000000d5700000,0x00000000d5750000,0x00000000d5780000)
  to   space 512K, 0% used [0x00000000d5680000,0x00000000d5680000,0x00000000d5700000)
 ParOldGen       total 1036800K, used 1036383K [0x0000000080000000, 0x00000000bf480000, 0x00000000d5580000)
  object space 1036800K, 99% used [0x0000000080000000,0x00000000bf417f28,0x00000000bf480000)
 Metaspace       used 72708K, committed 74240K, reserved 1179648K
  class space    used 7317K, committed 7936K, reserved 1048576K
}
Event: 907.326 GC heap after
{Heap after GC invocations=808 (full 3):
 PSYoungGen      total 1536K, used 404K [0x00000000d5580000, 0x00000000d5780000, 0x0000000100000000)
  eden space 1024K, 0% used [0x00000000d5580000,0x00000000d5580000,0x00000000d5680000)
  from space 512K, 79% used [0x00000000d5680000,0x00000000d56e5200,0x00000000d5700000)
  to   space 512K, 0% used [0x00000000d5700000,0x00000000d5700000,0x00000000d5780000)
 ParOldGen       total 1036800K, used 1036615K [0x0000000080000000, 0x00000000bf480000, 0x00000000d5580000)
  object space 1036800K, 99% used [0x0000000080000000,0x00000000bf451f28,0x00000000bf480000)
 Metaspace       used 72708K, committed 74240K, reserved 1179648K
  class space    used 7317K, committed 7936K, reserved 1048576K
}
Event: 907.338 GC heap before
{Heap before GC invocations=809 (full 3):
 PSYoungGen      total 1536K, used 1428K [0x00000000d5580000, 0x00000000d5780000, 0x0000000100000000)
  eden space 1024K, 100% used [0x00000000d5580000,0x00000000d5680000,0x00000000d5680000)
  from space 512K, 79% used [0x00000000d5680000,0x00000000d56e5200,0x00000000d5700000)
  to   space 512K, 0% used [0x00000000d5700000,0x00000000d5700000,0x00000000d5780000)
 ParOldGen       total 1036800K, used 1036615K [0x0000000080000000, 0x00000000bf480000, 0x00000000d5580000)
  object space 1036800K, 99% used [0x0000000080000000,0x00000000bf451f28,0x00000000bf480000)
 Metaspace       used 72708K, committed 74240K, reserved 1179648K
  class space    used 7317K, committed 7936K, reserved 1048576K
}
Event: 907.342 GC heap after
{Heap after GC invocations=809 (full 3):
 PSYoungGen      total 1536K, used 304K [0x00000000d5580000, 0x00000000d5780000, 0x0000000100000000)
  eden space 1024K, 0% used [0x00000000d5580000,0x00000000d5580000,0x00000000d5680000)
  from space 512K, 59% used [0x00000000d5700000,0x00000000d574c010,0x00000000d5780000)
  to   space 512K, 0% used [0x00000000d5680000,0x00000000d5680000,0x00000000d5700000)
 ParOldGen       total 1037312K, used 1036972K [0x0000000080000000, 0x00000000bf500000, 0x00000000d5580000)
  object space 1037312K, 99% used [0x0000000080000000,0x00000000bf4ab128,0x00000000bf500000)
 Metaspace       used 72708K, committed 74240K, reserved 1179648K
  class space    used 7317K, committed 7936K, reserved 1048576K
}
Event: 907.346 GC heap before
{Heap before GC invocations=810 (full 3):
 PSYoungGen      total 1536K, used 1328K [0x00000000d5580000, 0x00000000d5780000, 0x0000000100000000)
  eden space 1024K, 100% used [0x00000000d5580000,0x00000000d5680000,0x00000000d5680000)
  from space 512K, 59% used [0x00000000d5700000,0x00000000d574c010,0x00000000d5780000)
  to   space 512K, 0% used [0x00000000d5680000,0x00000000d5680000,0x00000000d5700000)
 ParOldGen       total 1037312K, used 1036972K [0x0000000080000000, 0x00000000bf500000, 0x00000000d5580000)
  object space 1037312K, 99% used [0x0000000080000000,0x00000000bf4ab128,0x00000000bf500000)
 Metaspace       used 72708K, committed 74240K, reserved 1179648K
  class space    used 7317K, committed 7936K, reserved 1048576K
}
Event: 907.348 GC heap after
{Heap after GC invocations=810 (full 3):
 PSYoungGen      total 1536K, used 128K [0x00000000d5580000, 0x00000000d5800000, 0x0000000100000000)
  eden space 1024K, 0% used [0x00000000d5580000,0x00000000d5580000,0x00000000d5680000)
  from space 512K, 25% used [0x00000000d5680000,0x00000000d56a0000,0x00000000d5700000)
  to   space 512K, 0% used [0x00000000d5780000,0x00000000d5780000,0x00000000d5800000)
 ParOldGen       total 1037312K, used 1037265K [0x0000000080000000, 0x00000000bf500000, 0x00000000d5580000)
  object space 1037312K, 99% used [0x0000000080000000,0x00000000bf4f4600,0x00000000bf500000)
 Metaspace       used 72708K, committed 74240K, reserved 1179648K
  class space    used 7317K, committed 7936K, reserved 1048576K
}
Event: 907.377 GC heap before
{Heap before GC invocations=811 (full 3):
 PSYoungGen      total 1536K, used 1152K [0x00000000d5580000, 0x00000000d5800000, 0x0000000100000000)
  eden space 1024K, 100% used [0x00000000d5580000,0x00000000d5680000,0x00000000d5680000)
  from space 512K, 25% used [0x00000000d5680000,0x00000000d56a0000,0x00000000d5700000)
  to   space 512K, 0% used [0x00000000d5780000,0x00000000d5780000,0x00000000d5800000)
 ParOldGen       total 1037312K, used 1037265K [0x0000000080000000, 0x00000000bf500000, 0x00000000d5580000)
  object space 1037312K, 99% used [0x0000000080000000,0x00000000bf4f4600,0x00000000bf500000)
 Metaspace       used 72711K, committed 74240K, reserved 1179648K
  class space    used 7317K, committed 7936K, reserved 1048576K
}
Event: 907.380 GC heap after
{Heap after GC invocations=811 (full 3):
 PSYoungGen      total 2048K, used 416K [0x00000000d5580000, 0x00000000d5800000, 0x0000000100000000)
  eden space 1536K, 0% used [0x00000000d5580000,0x00000000d5580000,0x00000000d5700000)
  from space 512K, 81% used [0x00000000d5780000,0x00000000d57e8000,0x00000000d5800000)
  to   space 512K, 0% used [0x00000000d5700000,0x00000000d5700000,0x00000000d5780000)
 ParOldGen       total 1037824K, used 1037337K [0x0000000080000000, 0x00000000bf580000, 0x00000000d5580000)
  object space 1037824K, 99% used [0x0000000080000000,0x00000000bf506600,0x00000000bf580000)
 Metaspace       used 72711K, committed 74240K, reserved 1179648K
  class space    used 7317K, committed 7936K, reserved 1048576K
}
Event: 1039.138 GC heap before
{Heap before GC invocations=812 (full 3):
 PSYoungGen      total 2048K, used 1951K [0x00000000d5580000, 0x00000000d5800000, 0x0000000100000000)
  eden space 1536K, 99% used [0x00000000d5580000,0x00000000d56ffff8,0x00000000d5700000)
  from space 512K, 81% used [0x00000000d5780000,0x00000000d57e8000,0x00000000d5800000)
  to   space 512K, 0% used [0x00000000d5700000,0x00000000d5700000,0x00000000d5780000)
 ParOldGen       total 1037824K, used 1037337K [0x0000000080000000, 0x00000000bf580000, 0x00000000d5580000)
  object space 1037824K, 99% used [0x0000000080000000,0x00000000bf506600,0x00000000bf580000)
 Metaspace       used 72726K, committed 74240K, reserved 1179648K
  class space    used 7317K, committed 7936K, reserved 1048576K
}
Event: 1039.357 GC heap after
{Heap after GC invocations=812 (full 3):
 PSYoungGen      total 2048K, used 256K [0x00000000d5580000, 0x00000000d5800000, 0x0000000100000000)
  eden space 1536K, 0% used [0x00000000d5580000,0x00000000d5580000,0x00000000d5700000)
  from space 512K, 50% used [0x00000000d5700000,0x00000000d5740000,0x00000000d5780000)
  to   space 512K, 0% used [0x00000000d5780000,0x00000000d5780000,0x00000000d5800000)
 ParOldGen       total 1037824K, used 1037673K [0x0000000080000000, 0x00000000bf580000, 0x00000000d5580000)
  object space 1037824K, 99% used [0x0000000080000000,0x00000000bf55a600,0x00000000bf580000)
 Metaspace       used 72726K, committed 74240K, reserved 1179648K
  class space    used 7317K, committed 7936K, reserved 1048576K
}

Dll operation events (10 events):
Event: 0.114 Loaded shared library c:\Users\Swathi\.windsurf\extensions\redhat.java-1.53.0-win32-x64\jre\21.0.10-win32-x86_64\bin\java.dll
Event: 2.035 Loaded shared library c:\Users\Swathi\.windsurf\extensions\redhat.java-1.53.0-win32-x64\jre\21.0.10-win32-x86_64\bin\zip.dll
Event: 3.058 Loaded shared library C:\Users\Swathi\.windsurf\extensions\redhat.java-1.53.0-win32-x64\jre\21.0.10-win32-x86_64\bin\instrument.dll
Event: 3.066 Loaded shared library C:\Users\Swathi\.windsurf\extensions\redhat.java-1.53.0-win32-x64\jre\21.0.10-win32-x86_64\bin\net.dll
Event: 3.073 Loaded shared library C:\Users\Swathi\.windsurf\extensions\redhat.java-1.53.0-win32-x64\jre\21.0.10-win32-x86_64\bin\nio.dll
Event: 3.323 Loaded shared library C:\Users\Swathi\.windsurf\extensions\redhat.java-1.53.0-win32-x64\jre\21.0.10-win32-x86_64\bin\zip.dll
Event: 3.848 Loaded shared library C:\Users\Swathi\.windsurf\extensions\redhat.java-1.53.0-win32-x64\jre\21.0.10-win32-x86_64\bin\jimage.dll
Event: 4.930 Loaded shared library c:\Users\Swathi\.windsurf\extensions\redhat.java-1.53.0-win32-x64\jre\21.0.10-win32-x86_64\bin\verify.dll
Event: 10.710 Loaded shared library C:\Users\Swathi\AppData\Roaming\Windsurf\User\globalStorage\redhat.java\1.53.0\config_win\org.eclipse.equinox.launcher\org.eclipse.equinox.launcher.win32.win32.x86_64_1.3.0.v20260203-2149\eclipse_11919.dll
Event: 15.999 Loaded shared library C:\Users\Swathi\AppData\Local\Temp\jna--1805844232\jna10803983519320437035.dll

Deoptimization events (20 events):
Event: 905.145 Thread 0x000002bb4a9988b0 DEOPT PACKING pc=0x000002bb6f091ee9 sp=0x000000ef6bffd110
Event: 905.145 Thread 0x000002bb4a9988b0 DEOPT UNPACKING pc=0x000002bb74e278e2 sp=0x000000ef6bffc590 mode 0
Event: 905.277 Thread 0x000002bb4a9988b0 Uncommon trap: trap_request=0xffffffbe fr.pc=0x000002bb76082310 relative=0x0000000000001230
Event: 905.277 Thread 0x000002bb4a9988b0 Uncommon trap: reason=profile_predicate action=maybe_recompile pc=0x000002bb76082310 method=org.eclipse.core.internal.localstore.UnifiedTree.addChildren(Lorg/eclipse/core/internal/localstore/UnifiedTreeNode;)V @ 421 c2
Event: 905.277 Thread 0x000002bb4a9988b0 DEOPT PACKING pc=0x000002bb76082310 sp=0x000000ef6bffe2e0
Event: 905.277 Thread 0x000002bb4a9988b0 DEOPT UNPACKING pc=0x000002bb74e26da2 sp=0x000000ef6bffe278 mode 2
Event: 905.279 Thread 0x000002bb4a9988b0 Uncommon trap: trap_request=0xffffffbe fr.pc=0x000002bb76082310 relative=0x0000000000001230
Event: 905.279 Thread 0x000002bb4a9988b0 Uncommon trap: reason=profile_predicate action=maybe_recompile pc=0x000002bb76082310 method=org.eclipse.core.internal.localstore.UnifiedTree.addChildren(Lorg/eclipse/core/internal/localstore/UnifiedTreeNode;)V @ 421 c2
Event: 905.279 Thread 0x000002bb4a9988b0 DEOPT PACKING pc=0x000002bb76082310 sp=0x000000ef6bffe2e0
Event: 905.279 Thread 0x000002bb4a9988b0 DEOPT UNPACKING pc=0x000002bb74e26da2 sp=0x000000ef6bffe278 mode 2
Event: 906.515 Thread 0x000002bb7f195610 DEOPT PACKING pc=0x000002bb6f90a39a sp=0x000000ef6c3fef60
Event: 906.515 Thread 0x000002bb7f195610 DEOPT UNPACKING pc=0x000002bb74e278e2 sp=0x000000ef6c3fe400 mode 0
Event: 906.535 Thread 0x000002bb7f195610 Uncommon trap: trap_request=0xffffff6e fr.pc=0x000002bb760c8870 relative=0x0000000000000830
Event: 906.535 Thread 0x000002bb7f195610 Uncommon trap: reason=loop_limit_check action=maybe_recompile pc=0x000002bb760c8870 method=org.eclipse.jdt.internal.core.util.SimpleWordSet.rehash()V @ 44 c2
Event: 906.535 Thread 0x000002bb7f195610 DEOPT PACKING pc=0x000002bb760c8870 sp=0x000000ef6c3fea00
Event: 906.536 Thread 0x000002bb7f195610 DEOPT UNPACKING pc=0x000002bb74e26da2 sp=0x000000ef6c3fe9a0 mode 2
Event: 907.288 Thread 0x000002bb4a997b90 Uncommon trap: trap_request=0xffffffcc fr.pc=0x000002bb760bcc3c relative=0x00000000000065dc
Event: 907.288 Thread 0x000002bb4a997b90 Uncommon trap: reason=intrinsic_or_type_checked_inlining action=make_not_entrant pc=0x000002bb760bcc3c method=org.eclipse.jdt.internal.compiler.lookup.BoundSet$ThreeSets.flattenInto([Lorg/eclipse/jdt/internal/compiler/lookup/TypeBound;I)I @ 104 c2
Event: 907.288 Thread 0x000002bb4a997b90 DEOPT PACKING pc=0x000002bb760bcc3c sp=0x000000ef6a3fd630
Event: 907.288 Thread 0x000002bb4a997b90 DEOPT UNPACKING pc=0x000002bb74e26da2 sp=0x000000ef6a3fd4c0 mode 2

Classes loaded (20 events):
Event: 321.019 Loading class java/util/function/LongFunction
Event: 321.024 Loading class java/util/function/LongFunction done
Event: 321.038 Loading class java/util/stream/Nodes$ConcNode
Event: 321.049 Loading class java/util/stream/Nodes$AbstractConcNode
Event: 321.055 Loading class java/util/stream/Nodes$AbstractConcNode done
Event: 321.055 Loading class java/util/stream/Nodes$ConcNode done
Event: 321.402 Loading class java/io/ObjectOutputStream$BlockDataOutputStream
Event: 321.410 Loading class java/io/ObjectOutputStream$BlockDataOutputStream done
Event: 321.410 Loading class java/io/ObjectOutputStream$HandleTable
Event: 321.414 Loading class java/io/ObjectOutputStream$HandleTable done
Event: 321.415 Loading class java/io/ObjectOutputStream$ReplaceTable
Event: 321.417 Loading class java/io/ObjectOutputStream$ReplaceTable done
Event: 405.484 Loading class java/nio/BufferMismatch
Event: 405.487 Loading class java/nio/BufferMismatch done
Event: 805.789 Loading class java/util/stream/ReduceOps$5
Event: 805.818 Loading class java/util/stream/ReduceOps$5 done
Event: 805.829 Loading class java/util/stream/ReduceOps$CountingSink$OfRef
Event: 805.836 Loading class java/util/stream/ReduceOps$CountingSink
Event: 805.843 Loading class java/util/stream/ReduceOps$CountingSink done
Event: 805.846 Loading class java/util/stream/ReduceOps$CountingSink$OfRef done

Classes unloaded (7 events):
Event: 17.806 Thread 0x000002bb6a75c080 Unloading class 0x000002bb051a3000 'java/lang/invoke/LambdaForm$MH+0x000002bb051a3000'
Event: 17.806 Thread 0x000002bb6a75c080 Unloading class 0x000002bb051a2c00 'java/lang/invoke/LambdaForm$MH+0x000002bb051a2c00'
Event: 17.806 Thread 0x000002bb6a75c080 Unloading class 0x000002bb051a2800 'java/lang/invoke/LambdaForm$MH+0x000002bb051a2800'
Event: 17.806 Thread 0x000002bb6a75c080 Unloading class 0x000002bb051a2400 'java/lang/invoke/LambdaForm$MH+0x000002bb051a2400'
Event: 17.806 Thread 0x000002bb6a75c080 Unloading class 0x000002bb051a2000 'java/lang/invoke/LambdaForm$BMH+0x000002bb051a2000'
Event: 17.806 Thread 0x000002bb6a75c080 Unloading class 0x000002bb051a1c00 'java/lang/invoke/LambdaForm$DMH+0x000002bb051a1c00'
Event: 17.806 Thread 0x000002bb6a75c080 Unloading class 0x000002bb051a0800 'java/lang/invoke/LambdaForm$DMH+0x000002bb051a0800'

Classes redefined (0 events):
No events

Internal exceptions (20 events):
Event: 708.051 Thread 0x000002bb4a9967e0 Exception <a 'sun/nio/fs/WindowsException'{0x00000000d560de90}> (0x00000000d560de90) 
thrown [s\src\hotspot\share\prims\jni.cpp, line 520]
Event: 708.237 Thread 0x000002bb4a9967e0 Implicit null exception at 0x000002bb75f5825d to 0x000002bb75f58998
Event: 710.414 Thread 0x000002bb7f195610 Exception <a 'sun/nio/fs/WindowsException'{0x00000000d55d0d40}> (0x00000000d55d0d40) 
thrown [s\src\hotspot\share\prims\jni.cpp, line 520]
Event: 741.191 Thread 0x000002bb7f195610 Exception <a 'sun/nio/fs/WindowsException'{0x00000000d5596f48}> (0x00000000d5596f48) 
thrown [s\src\hotspot\share\prims\jni.cpp, line 520]
Event: 743.766 Thread 0x000002bb7f195610 Exception <a 'sun/nio/fs/WindowsException'{0x00000000d566d2b0}> (0x00000000d566d2b0) 
thrown [s\src\hotspot\share\prims\jni.cpp, line 520]
Event: 767.057 Thread 0x000002bb7f195610 Exception <a 'sun/nio/fs/WindowsException'{0x00000000d55e1cf8}> (0x00000000d55e1cf8) 
thrown [s\src\hotspot\share\prims\jni.cpp, line 520]
Event: 770.263 Thread 0x000002bb4a9995d0 Exception <a 'java/lang/NoSuchMethodError'{0x00000000d56782b8}: 'void java.lang.invoke.DirectMethodHandle$Holder.invokeVirtual(java.lang.Object, java.lang.Object, java.lang.Object, java.lang.Object, java.lang.Object)'> (0x00000000d56782b8) 
thrown [s\src\hotspot\share\interpreter\linkResolver.cpp, line 773]
Event: 770.263 Thread 0x000002bb4a99d0e0 Exception <a 'java/lang/NoSuchMethodError'{0x00000000d5679908}: 'void java.lang.invoke.DirectMethodHandle$Holder.invokeVirtual(java.lang.Object, java.lang.Object, java.lang.Object, java.lang.Object, java.lang.Object)'> (0x00000000d5679908) 
thrown [s\src\hotspot\share\interpreter\linkResolver.cpp, line 773]
Event: 772.297 Thread 0x000002bb7f195610 Exception <a 'sun/nio/fs/WindowsException'{0x00000000d566c970}> (0x00000000d566c970) 
thrown [s\src\hotspot\share\prims\jni.cpp, line 520]
Event: 772.358 Thread 0x000002bb7f195610 Implicit null exception at 0x000002bb75d9a8ab to 0x000002bb75d9af1c
Event: 801.234 Thread 0x000002bb7f19ab60 Exception <a 'java/lang/IncompatibleClassChangeError'{0x00000000d573d660}: Found class java.lang.Object, but interface was expected> (0x00000000d573d660) 
thrown [s\src\hotspot\share\interpreter\linkResolver.cpp, line 840]
Event: 801.241 Thread 0x000002bb7f19ab60 Exception <a 'java/lang/IncompatibleClassChangeError'{0x00000000d573fe18}: Found class java.lang.Object, but interface was expected> (0x00000000d573fe18) 
thrown [s\src\hotspot\share\interpreter\linkResolver.cpp, line 840]
Event: 806.457 Thread 0x000002bb7f195610 Exception <a 'sun/nio/fs/WindowsException'{0x00000000d55a11b0}> (0x00000000d55a11b0) 
thrown [s\src\hotspot\share\prims\jni.cpp, line 520]
Event: 808.687 Thread 0x000002bb7f195610 Exception <a 'sun/nio/fs/WindowsException'{0x00000000d5916298}> (0x00000000d5916298) 
thrown [s\src\hotspot\share\prims\jni.cpp, line 520]
Event: 869.732 Thread 0x000002bb7f195610 Exception <a 'sun/nio/fs/WindowsException'{0x00000000d568a5a0}> (0x00000000d568a5a0) 
thrown [s\src\hotspot\share\prims\jni.cpp, line 520]
Event: 871.965 Thread 0x000002bb7f195610 Exception <a 'sun/nio/fs/WindowsException'{0x00000000d558dda0}> (0x00000000d558dda0) 
thrown [s\src\hotspot\share\prims\jni.cpp, line 520]
Event: 901.668 Thread 0x000002bb7f195610 Exception <a 'sun/nio/fs/WindowsException'{0x00000000d559d398}> (0x00000000d559d398) 
thrown [s\src\hotspot\share\prims\jni.cpp, line 520]
Event: 906.297 Thread 0x000002bb7f195610 Exception <a 'sun/nio/fs/WindowsException'{0x00000000d55e05c0}> (0x00000000d55e05c0) 
thrown [s\src\hotspot\share\prims\jni.cpp, line 520]
Event: 1038.631 Thread 0x000002bb4a997b90 Exception <a 'sun/nio/fs/WindowsException'{0x00000000d5651918}> (0x00000000d5651918) 
thrown [s\src\hotspot\share\prims\jni.cpp, line 520]
Event: 1038.635 Thread 0x000002bb4a997b90 Exception <a 'sun/nio/fs/WindowsException'{0x00000000d5652430}> (0x00000000d5652430) 
thrown [s\src\hotspot\share\prims\jni.cpp, line 520]

ZGC Phase Switch (0 events):
No events

VM Operations (20 events):
Event: 962.919 Executing non-safepoint VM operation: HandshakeAllThreads (HandshakeForDeflation)
Event: 962.942 Executing non-safepoint VM operation: HandshakeAllThreads (HandshakeForDeflation) done
Event: 962.944 Executing non-safepoint VM operation: RendezvousGCThreads
Event: 962.947 Executing non-safepoint VM operation: RendezvousGCThreads done
Event: 1038.631 Executing safepoint VM operation: Cleanup
Event: 1038.632 Executing safepoint VM operation: Cleanup done
Event: 1039.137 Executing safepoint VM operation: ParallelGCFailedAllocation (Allocation Failure)
Event: 1039.357 Executing safepoint VM operation: ParallelGCFailedAllocation (Allocation Failure) done
Event: 1083.070 Executing non-safepoint VM operation: HandshakeAllThreads (HandshakeForDeflation)
Event: 1083.075 Executing non-safepoint VM operation: HandshakeAllThreads (HandshakeForDeflation) done
Event: 1083.075 Executing non-safepoint VM operation: RendezvousGCThreads
Event: 1083.075 Executing non-safepoint VM operation: RendezvousGCThreads done
Event: 1217.656 Executing safepoint VM operation: Cleanup
Event: 1217.715 Executing safepoint VM operation: Cleanup done
Event: 1218.726 Executing safepoint VM operation: Cleanup
Event: 1218.728 Executing safepoint VM operation: Cleanup done
Event: 1263.273 Executing non-safepoint VM operation: HandshakeAllThreads (HandshakeForDeflation)
Event: 1263.282 Executing non-safepoint VM operation: HandshakeAllThreads (HandshakeForDeflation) done
Event: 1263.283 Executing non-safepoint VM operation: RendezvousGCThreads
Event: 1263.284 Executing non-safepoint VM operation: RendezvousGCThreads done

Memory protections (0 events):
No events

Nmethod flushes (20 events):
Event: 47.413 Thread 0x000002bb6a75c080 flushing  nmethod 0x000002bb6e21c490
Event: 47.413 Thread 0x000002bb6a75c080 flushing  nmethod 0x000002bb6e222990
Event: 47.413 Thread 0x000002bb6a75c080 flushing  nmethod 0x000002bb6e223990
Event: 47.413 Thread 0x000002bb6a75c080 flushing  nmethod 0x000002bb6e224f90
Event: 47.413 Thread 0x000002bb6a75c080 flushing  nmethod 0x000002bb6e226410
Event: 47.413 Thread 0x000002bb6a75c080 flushing  nmethod 0x000002bb6e234e10
Event: 47.413 Thread 0x000002bb6a75c080 flushing  nmethod 0x000002bb6e245f10
Event: 47.413 Thread 0x000002bb6a75c080 flushing  nmethod 0x000002bb6e248510
Event: 47.413 Thread 0x000002bb6a75c080 flushing osr nmethod 0x000002bb6e281210
Event: 47.413 Thread 0x000002bb6a75c080 flushing  nmethod 0x000002bb6e2a5810
Event: 47.413 Thread 0x000002bb6a75c080 flushing  nmethod 0x000002bb6e2a8310
Event: 47.413 Thread 0x000002bb6a75c080 flushing  nmethod 0x000002bb6e2a9d10
Event: 47.413 Thread 0x000002bb6a75c080 flushing  nmethod 0x000002bb6e2bb790
Event: 47.413 Thread 0x000002bb6a75c080 flushing  nmethod 0x000002bb6e2c1a90
Event: 47.413 Thread 0x000002bb6a75c080 flushing  nmethod 0x000002bb6e2e5610
Event: 47.413 Thread 0x000002bb6a75c080 flushing  nmethod 0x000002bb6e2e8e10
Event: 47.413 Thread 0x000002bb6a75c080 flushing  nmethod 0x000002bb6e30ed10
Event: 47.413 Thread 0x000002bb6a75c080 flushing  nmethod 0x000002bb6e364c10
Event: 47.413 Thread 0x000002bb6a75c080 flushing  nmethod 0x000002bb6e367890
Event: 47.413 Thread 0x000002bb6a75c080 flushing osr nmethod 0x000002bb6e373390

Events (20 events):
Event: 708.058 Thread 0x000002bb4a9967e0 Thread added: 0x000002bb4a99a980
Event: 708.065 Thread 0x000002bb4a99a980 Thread exited: 0x000002bb4a99a980
Event: 742.138 Thread 0x000002bb7ed62bf0 Thread added: 0x000002bb4a99d0e0
Event: 803.308 Thread 0x000002bb7f19ab60 Thread added: 0x000002bb4a99d770
Event: 812.779 Thread 0x000002bb4a99d770 Thread added: 0x000002bb7f19b1f0
Event: 868.931 Thread 0x000002bb4a9995d0 Thread exited: 0x000002bb4a9995d0
Event: 869.201 Thread 0x000002bb4a9967e0 Thread exited: 0x000002bb4a9967e0
Event: 869.554 Thread 0x000002bb7f199120 Thread exited: 0x000002bb7f199120
Event: 870.893 Thread 0x000002bb7ed62bf0 Thread added: 0x000002bb7f197d70
Event: 872.945 Thread 0x000002bb4a99d770 Thread exited: 0x000002bb4a99d770
Event: 963.650 Thread 0x000002bb7f19b1f0 Thread exited: 0x000002bb7f19b1f0
Event: 964.127 Thread 0x000002bb7f197d70 Thread exited: 0x000002bb7f197d70
Event: 966.847 Thread 0x000002bb4a99d0e0 Thread exited: 0x000002bb4a99d0e0
Event: 966.896 Thread 0x000002bb7ed62bf0 Thread exited: 0x000002bb7ed62bf0
Event: 1038.574 Thread 0x000002bb4a997b90 Thread added: 0x000002bb7f198a90
Event: 1038.586 Thread 0x000002bb7f198a90 Thread exited: 0x000002bb7f198a90
Event: 1038.646 Thread 0x000002bb4a997b90 Thread added: 0x000002bb7f198a90
Event: 1038.648 Thread 0x000002bb7f198a90 Thread exited: 0x000002bb7f198a90
Event: 1201.751 Thread 0x000002bb4a998f40 Thread exited: 0x000002bb4a998f40
Event: 1203.360 Thread 0x000002bb4a996150 Thread exited: 0x000002bb4a996150


Dynamic libraries:
0x00007ff6259a0000 - 0x00007ff6259ae000 	c:\Users\Swathi\.windsurf\extensions\redhat.java-1.53.0-win32-x64\jre\21.0.10-win32-x86_64\bin\java.exe
0x00007ffe45dc0000 - 0x00007ffe46027000 	C:\WINDOWS\SYSTEM32\ntdll.dll
0x00007ffe44cc0000 - 0x00007ffe44d89000 	C:\WINDOWS\System32\KERNEL32.DLL
0x00007ffe42a30000 - 0x00007ffe42e21000 	C:\WINDOWS\System32\KERNELBASE.dll
0x00007ffe43950000 - 0x00007ffe43a9b000 	C:\WINDOWS\System32\ucrtbase.dll
0x00007ffe305c0000 - 0x00007ffe305d8000 	c:\Users\Swathi\.windsurf\extensions\redhat.java-1.53.0-win32-x64\jre\21.0.10-win32-x86_64\bin\jli.dll
0x00007ffe45200000 - 0x00007ffe453c5000 	C:\WINDOWS\System32\USER32.dll
0x00007ffe43aa0000 - 0x00007ffe43ac7000 	C:\WINDOWS\System32\win32u.dll
0x00007ffe457c0000 - 0x00007ffe457eb000 	C:\WINDOWS\System32\GDI32.dll
0x00007ffe42e30000 - 0x00007ffe42f5a000 	C:\WINDOWS\System32\gdi32full.dll
0x00007ffe426a0000 - 0x00007ffe42743000 	C:\WINDOWS\System32\msvcp_win.dll
0x00007ffe14d20000 - 0x00007ffe14d3e000 	c:\Users\Swathi\.windsurf\extensions\redhat.java-1.53.0-win32-x64\jre\21.0.10-win32-x86_64\bin\VCRUNTIME140.dll
0x00007ffe342c0000 - 0x00007ffe34553000 	C:\WINDOWS\WinSxS\amd64_microsoft.windows.common-controls_6595b64144ccf1df_6.0.26100.7922_none_3e089e1ee3342171\COMCTL32.dll
0x00007ffe442b0000 - 0x00007ffe44359000 	C:\WINDOWS\System32\msvcrt.dll
0x00007ffe45d00000 - 0x00007ffe45d31000 	C:\WINDOWS\System32\IMM32.DLL
0x00007ffe28370000 - 0x00007ffe2837c000 	c:\Users\Swathi\.windsurf\extensions\redhat.java-1.53.0-win32-x64\jre\21.0.10-win32-x86_64\bin\vcruntime140_1.dll
0x00007ffdc3e90000 - 0x00007ffdc3f1d000 	c:\Users\Swathi\.windsurf\extensions\redhat.java-1.53.0-win32-x64\jre\21.0.10-win32-x86_64\bin\msvcp140.dll
0x00007ffd99e60000 - 0x00007ffd9ac01000 	c:\Users\Swathi\.windsurf\extensions\redhat.java-1.53.0-win32-x64\jre\21.0.10-win32-x86_64\bin\server\jvm.dll
0x00007ffe44ad0000 - 0x00007ffe44b8b000 	C:\WINDOWS\System32\ADVAPI32.dll
0x00007ffe44b90000 - 0x00007ffe44c37000 	C:\WINDOWS\System32\sechost.dll
0x00007ffe44ef0000 - 0x00007ffe45008000 	C:\WINDOWS\System32\RPCRT4.dll
0x00007ffe45c80000 - 0x00007ffe45cf4000 	C:\WINDOWS\System32\WS2_32.dll
0x00007ffe42520000 - 0x00007ffe4257e000 	C:\WINDOWS\SYSTEM32\POWRPROF.dll
0x00007ffe30e70000 - 0x00007ffe30ea5000 	C:\WINDOWS\SYSTEM32\WINMM.dll
0x00007ffe34d90000 - 0x00007ffe34d9b000 	C:\WINDOWS\SYSTEM32\VERSION.dll
0x00007ffe42500000 - 0x00007ffe42514000 	C:\WINDOWS\SYSTEM32\UMPDC.dll
0x00007ffe41410000 - 0x00007ffe4142b000 	C:\WINDOWS\SYSTEM32\kernel.appcore.dll
0x00007ffe211e0000 - 0x00007ffe211ea000 	c:\Users\Swathi\.windsurf\extensions\redhat.java-1.53.0-win32-x64\jre\21.0.10-win32-x86_64\bin\jimage.dll
0x00007ffe40560000 - 0x00007ffe407a2000 	C:\WINDOWS\SYSTEM32\DBGHELP.DLL
0x00007ffe458f0000 - 0x00007ffe45c72000 	C:\WINDOWS\System32\combase.dll
0x00007ffe456b0000 - 0x00007ffe45787000 	C:\WINDOWS\System32\OLEAUT32.dll
0x00007ffe2c680000 - 0x00007ffe2c6bb000 	C:\WINDOWS\SYSTEM32\dbgcore.DLL
0x00007ffe42980000 - 0x00007ffe42a25000 	C:\WINDOWS\System32\bcryptPrimitives.dll
0x00007ffe20b80000 - 0x00007ffe20b8f000 	c:\Users\Swathi\.windsurf\extensions\redhat.java-1.53.0-win32-x64\jre\21.0.10-win32-x86_64\bin\instrument.dll
0x00007ffe0b600000 - 0x00007ffe0b620000 	c:\Users\Swathi\.windsurf\extensions\redhat.java-1.53.0-win32-x64\jre\21.0.10-win32-x86_64\bin\java.dll
0x00007ffe44360000 - 0x00007ffe44abf000 	C:\WINDOWS\System32\SHELL32.dll
0x00007ffe42750000 - 0x00007ffe428ba000 	C:\WINDOWS\System32\wintypes.dll
0x00007ffe430e0000 - 0x00007ffe43944000 	C:\WINDOWS\System32\windows.storage.dll
0x00007ffe457f0000 - 0x00007ffe458e7000 	C:\WINDOWS\System32\SHCORE.dll
0x00007ffe44d90000 - 0x00007ffe44df7000 	C:\WINDOWS\System32\shlwapi.dll
0x00007ffe425c0000 - 0x00007ffe425e9000 	C:\WINDOWS\SYSTEM32\profapi.dll
0x00007ffdfecd0000 - 0x00007ffdfece8000 	c:\Users\Swathi\.windsurf\extensions\redhat.java-1.53.0-win32-x64\jre\21.0.10-win32-x86_64\bin\zip.dll
0x00007ffe30840000 - 0x00007ffe30850000 	C:\Users\Swathi\.windsurf\extensions\redhat.java-1.53.0-win32-x64\jre\21.0.10-win32-x86_64\bin\net.dll
0x00007ffe37fe0000 - 0x00007ffe38107000 	C:\WINDOWS\SYSTEM32\WINHTTP.dll
0x00007ffe419a0000 - 0x00007ffe41a0b000 	C:\WINDOWS\system32\mswsock.dll
0x00007ffe014e0000 - 0x00007ffe014f6000 	C:\Users\Swathi\.windsurf\extensions\redhat.java-1.53.0-win32-x64\jre\21.0.10-win32-x86_64\bin\nio.dll
0x00007ffe20980000 - 0x00007ffe20990000 	c:\Users\Swathi\.windsurf\extensions\redhat.java-1.53.0-win32-x64\jre\21.0.10-win32-x86_64\bin\verify.dll
0x00007ffdc4af0000 - 0x00007ffdc4b35000 	C:\Users\Swathi\AppData\Roaming\Windsurf\User\globalStorage\redhat.java\1.53.0\config_win\org.eclipse.equinox.launcher\org.eclipse.equinox.launcher.win32.win32.x86_64_1.3.0.v20260203-2149\eclipse_11919.dll
0x00007ffe45510000 - 0x00007ffe456a5000 	C:\WINDOWS\System32\ole32.dll
0x00007ffe41c80000 - 0x00007ffe41c9b000 	C:\WINDOWS\SYSTEM32\CRYPTSP.dll
0x00007ffe41370000 - 0x00007ffe413a9000 	C:\WINDOWS\system32\rsaenh.dll
0x00007ffe41a50000 - 0x00007ffe41a82000 	C:\WINDOWS\SYSTEM32\USERENV.dll
0x00007ffe42590000 - 0x00007ffe425ba000 	C:\WINDOWS\SYSTEM32\bcrypt.dll
0x00007ffe41ca0000 - 0x00007ffe41cac000 	C:\WINDOWS\SYSTEM32\CRYPTBASE.dll
0x00007ffe40e40000 - 0x00007ffe40e73000 	C:\WINDOWS\SYSTEM32\IPHLPAPI.DLL
0x00007ffe45d40000 - 0x00007ffe45d4a000 	C:\WINDOWS\System32\NSI.dll
0x00007ffdc4c40000 - 0x00007ffdc4c89000 	C:\Users\Swathi\AppData\Local\Temp\jna--1805844232\jna10803983519320437035.dll
0x00007ffe441a0000 - 0x00007ffe441a8000 	C:\WINDOWS\System32\PSAPI.DLL
0x00007ffe3cca0000 - 0x00007ffe3ccbd000 	C:\WINDOWS\SYSTEM32\dhcpcsvc6.DLL
0x00007ffe3b590000 - 0x00007ffe3b5b3000 	C:\WINDOWS\SYSTEM32\dhcpcsvc.DLL
0x00007ffe41550000 - 0x00007ffe41586000 	C:\WINDOWS\SYSTEM32\ntmarta.dll

JVMTI agents:
c:\Users\Swathi\.windsurf\extensions\redhat.java-1.53.0-win32-x64\lombok\lombok-1.18.39-4050.jar path:c:\Users\Swathi\.windsurf\extensions\redhat.java-1.53.0-win32-x64\jre\21.0.10-win32-x86_64\bin\instrument.dll, loaded, initialized, instrumentlib options:none

dbghelp: loaded successfully - version: 4.0.5 - missing functions: none
symbol engine: initialized successfully - sym options: 0x614 - pdb path: .;c:\Users\Swathi\.windsurf\extensions\redhat.java-1.53.0-win32-x64\jre\21.0.10-win32-x86_64\bin;C:\WINDOWS\SYSTEM32;C:\WINDOWS\WinSxS\amd64_microsoft.windows.common-controls_6595b64144ccf1df_6.0.26100.7922_none_3e089e1ee3342171;c:\Users\Swathi\.windsurf\extensions\redhat.java-1.53.0-win32-x64\jre\21.0.10-win32-x86_64\bin\server;C:\Users\Swathi\AppData\Roaming\Windsurf\User\globalStorage\redhat.java\1.53.0\config_win\org.eclipse.equinox.launcher\org.eclipse.equinox.launcher.win32.win32.x86_64_1.3.0.v20260203-2149;C:\Users\Swathi\AppData\Local\Temp\jna--1805844232

VM Arguments:
jvm_args: --add-modules=ALL-SYSTEM --add-opens=java.base/java.util=ALL-UNNAMED --add-opens=java.base/java.lang=ALL-UNNAMED --add-opens=java.base/sun.nio.fs=ALL-UNNAMED -Declipse.application=org.eclipse.jdt.ls.core.id1 -Dosgi.bundles.defaultStartLevel=4 -Declipse.product=org.eclipse.jdt.ls.core.product -Djava.import.generatesMetadataFilesAtProjectRoot=false -DDetectVMInstallationsJob.disabled=true -Dfile.encoding=utf8 -XX:+UseParallelGC -XX:GCTimeRatio=4 -XX:AdaptiveSizePolicyWeight=90 -Dsun.zip.disableMemoryMapping=true -Xmx2G -Xms100m -Xlog:disable -javaagent:c:\Users\Swathi\.windsurf\extensions\redhat.java-1.53.0-win32-x64\lombok\lombok-1.18.39-4050.jar -XX:+HeapDumpOnOutOfMemoryError -XX:HeapDumpPath=c:\Users\Swathi\AppData\Roaming\Windsurf\User\workspaceStorage\17cebed599d5b7dc7390c2c8c682c7e6\redhat.java -Daether.dependencyCollector.impl=bf 
java_command: c:\Users\Swathi\.windsurf\extensions\redhat.java-1.53.0-win32-x64\server\plugins\org.eclipse.equinox.launcher_1.7.100.v20251111-0406.jar -configuration c:\Users\Swathi\AppData\Roaming\Windsurf\User\globalStorage\redhat.java\1.53.0\config_win -data c:\Users\Swathi\AppData\Roaming\Windsurf\User\workspaceStorage\17cebed599d5b7dc7390c2c8c682c7e6\redhat.java\jdt_ws --pipe=\\.\pipe\lsp-30fd9df7f10dc36e11330ee6aacd1653-sock
java_class_path (initial): c:\Users\Swathi\.windsurf\extensions\redhat.java-1.53.0-win32-x64\server\plugins\org.eclipse.equinox.launcher_1.7.100.v20251111-0406.jar
Launcher Type: SUN_STANDARD

[Global flags]
    uintx AdaptiveSizePolicyWeight                 = 90                                        {product} {command line}
     intx CICompilerCount                          = 3                                         {product} {ergonomic}
    uintx GCTimeRatio                              = 4                                         {product} {command line}
     bool HeapDumpOnOutOfMemoryError               = true                                   {manageable} {command line}
    ccstr HeapDumpPath                             = c:\Users\Swathi\AppData\Roaming\Windsurf\User\workspaceStorage\17cebed599d5b7dc7390c2c8c682c7e6\redhat.java         {manageable} {command line}
   size_t InitialHeapSize                          = 104857600                                 {product} {command line}
   size_t MaxHeapSize                              = 2147483648                                {product} {command line}
   size_t MaxNewSize                               = 715653120                                 {product} {ergonomic}
   size_t MinHeapDeltaBytes                        = 524288                                    {product} {ergonomic}
   size_t MinHeapSize                              = 104857600                                 {product} {command line}
   size_t NewSize                                  = 34603008                                  {product} {ergonomic}
    uintx NonNMethodCodeHeapSize                   = 5832780                                {pd product} {ergonomic}
    uintx NonProfiledCodeHeapSize                  = 122912730                              {pd product} {ergonomic}
   size_t OldSize                                  = 70254592                                  {product} {ergonomic}
    uintx ProfiledCodeHeapSize                     = 122912730                              {pd product} {ergonomic}
    uintx ReservedCodeCacheSize                    = 251658240                              {pd product} {ergonomic}
     bool SegmentedCodeCache                       = true                                      {product} {ergonomic}
   size_t SoftMaxHeapSize                          = 2147483648                             {manageable} {ergonomic}
     bool UseCompressedOops                        = true                           {product lp64_product} {ergonomic}
     bool UseLargePagesIndividualAllocation        = false                                  {pd product} {ergonomic}
     bool UseParallelGC                            = true                                      {product} {command line}

Logging:
Log output configuration:
 #0: stdout all=off uptime,level,tags foldmultilines=false
 #1: stderr all=off uptime,level,tags foldmultilines=false

Release file:
JAVA_VERSION="21.0.10" 
MODULES="java.base java.compiler java.datatransfer java.xml java.prefs java.desktop java.instrument java.logging java.management java.security.sasl java.naming java.rmi java.management.rmi java.net.http java.scripting java.security.jgss java.transaction.xa java.sql java.sql.rowset java.xml.crypto java.se java.smartcardio jdk.accessibility jdk.internal.jvmstat jdk.attach jdk.charsets jdk.internal.opt jdk.zipfs jdk.compiler jdk.crypto.ec jdk.crypto.cryptoki jdk.crypto.mscapi jdk.dynalink jdk.internal.ed jdk.editpad jdk.hotspot.agent jdk.httpserver jdk.internal.le jdk.internal.vm.ci jdk.internal.vm.compiler jdk.internal.vm.compiler.management jdk.jartool jdk.javadoc jdk.jcmd jdk.management jdk.management.agent jdk.jconsole jdk.jdeps jdk.jdwp.agent jdk.jdi jdk.jfr jdk.jshell jdk.jsobject jdk.jstatd jdk.localedata jdk.management.jfr jdk.naming.dns jdk.naming.rmi jdk.net jdk.nio.mapmode jdk.random jdk.sctp jdk.security.auth jdk.security.jgss jdk.unsupported jdk.unsupported.desktop jdk.xml.dom" 

Environment Variables:
PATH=C:\Program Files\Common Files\Oracle\Java\javapath;C:\Python313\Scripts\;C:\Python313\;C:\WINDOWS\system32;C:\WINDOWS;C:\WINDOWS\System32\Wbem;C:\WINDOWS\System32\WindowsPowerShell\v1.0\;C:\WINDOWS\System32\OpenSSH\;C:\ProgramData\chocolatey\bin;C:\Users\Swathi\AppData\Local\nvm;C:\nvm4w\nodejs;C:\Program Files\MySQL\MySQL Server 8.0\bin;C:\Program Files\Git\cmd;C:\Users\Swathi\AppData\Local\Microsoft\WindowsApps;C:\Users\Swathi\AppData\Local\Programs\Microsoft VS Code\bin;C:\Users\Swathi\AppData\Roaming\npm;C:\Users\Swathi\AppData\Local\nvm;C:\nvm4w\nodejs;C:\Users\Swathi\AppData\Local\Programs\Windsurf\bin;C:\Users\Swathi\AppData\Local\Programs\cursor\resources\app\bin
USERNAME=Swathi
OS=Windows_NT
PROCESSOR_IDENTIFIER=Intel64 Family 6 Model 126 Stepping 5, GenuineIntel
TMP=C:\Users\Swathi\AppData\Local\Temp
TEMP=C:\Users\Swathi\AppData\Local\Temp




Periodic native trim disabled

---------------  S Y S T E M  ---------------

OS:
 Windows 11 , 64 bit Build 26100 (10.0.26100.7920)
OS uptime: 1 days 21:40 hours
Hyper-V role detected

CPU: total 4 (initial active 4) (2 cores per cpu, 2 threads per core) family 6 model 126 stepping 5 microcode 0xa6, cx8, cmov, fxsr, ht, mmx, 3dnowpref, sse, sse2, sse3, ssse3, sse4.1, sse4.2, popcnt, lzcnt, tsc, tscinvbit, avx, avx2, aes, erms, clmul, bmi1, bmi2, adx, avx512f, avx512dq, avx512cd, avx512bw, avx512vl, sha, fma, vzeroupper, avx512_vpopcntdq, avx512_vpclmulqdq, avx512_vaes, avx512_vnni, clflush, clflushopt, avx512_vbmi2, avx512_vbmi, hv, rdtscp, rdpid, fsrm, gfni, avx512_bitalg, f16c, avx512_ifma
Processor Information for the first 4 processors :
  Max Mhz: 1190, Current Mhz: 1190, Mhz Limit: 1190

Memory: 4k page, system-wide physical 3891M (241M free)
TotalPageFile size 15667M (AvailPageFile size 5M)
current process WorkingSet (physical memory assigned to process): 8M, peak: 267M
current process commit charge ("private bytes"): 1322M, peak: 1326M

vm_info: OpenJDK 64-Bit Server VM (21.0.10+7-LTS) for windows-amd64 JRE (21.0.10+7-LTS), built on 2026-01-20T00:00:00Z by "admin" with MS VC++ 17.12 (VS2022)

END.
