#
# There is insufficient memory for the Java Runtime Environment to continue.
# Native memory allocation (malloc) failed to allocate 1421456 bytes. Error detail: Chunk::new
# Possible reasons:
#   The system is out of physical RAM or swap space
#   This process is running with CompressedOops enabled, and the Java Heap may be blocking the growth of the native heap
# Possible solutions:
#   Reduce memory load on the system
#   Increase physical memory or swap space
#   Check if swap backing store is full
#   Decrease Java heap size (-Xmx/-Xms)
#   Decrease number of Java threads
#   Decrease Java thread stack sizes (-Xss)
#   Set larger code cache with -XX:ReservedCodeCacheSize=
#   JVM is running with Unscaled Compressed Oops mode in which the Java heap is
#     placed in the first 4GB address space. The Java Heap base address is the
#     maximum limit for the native heap growth. Please use -XX:HeapBaseMinAddress
#     to set the Java Heap base and to place the Java Heap above 4GB virtual address.
# This output file may be truncated or incomplete.
#
#  Out of Memory Error (arena.cpp:162), pid=7340, tid=13824
#
# JRE version: Java(TM) SE Runtime Environment (24.0.2+12) (build 24.0.2+12-54)
# Java VM: Java HotSpot(TM) 64-Bit Server VM (24.0.2+12-54, mixed mode, sharing, tiered, compressed oops, compressed class ptrs, g1 gc, windows-amd64)
# No core dump will be written. Minidumps are not enabled by default on client versions of Windows
#

---------------  S U M M A R Y ------------

Command Line: --enable-native-access=ALL-UNNAMED -Dclassworlds.conf=C:\Users\Swathi\.m2\wrapper\dists\apache-maven-3.9.12\59fe215c0ad6947fea90184bf7add084544567b927287592651fda3782e0e798\bin\m2.conf -Dmaven.home=C:\Users\Swathi\.m2\wrapper\dists\apache-maven-3.9.12\59fe215c0ad6947fea90184bf7add084544567b927287592651fda3782e0e798 -Dlibrary.jansi.path=C:\Users\Swathi\.m2\wrapper\dists\apache-maven-3.9.12\59fe215c0ad6947fea90184bf7add084544567b927287592651fda3782e0e798\lib\jansi-native -Dmaven.multiModuleProjectDirectory=F:\projedts copy\DIGITAL-CAFE-BACKEND org.codehaus.plexus.classworlds.launcher.Launcher spring-boot:run

Host: Intel(R) Core(TM) i3-1005G1 CPU @ 1.20GHz, 4 cores, 3G,  Windows 11 , 64 bit Build 26100 (10.0.26100.7920)
Time: Fri Mar 13 23:18:43 2026 India Standard Time elapsed time: 19.878254 seconds (0d 0h 0m 19s)

---------------  T H R E A D  ---------------

Current thread (0x000001a0c1138300):  JavaThread "C2 CompilerThread0" daemon [_thread_in_native, id=13824, stack(0x0000008f6f200000,0x0000008f6f300000) (1024K)]


Current CompileTask:
C2:19878 5445   !   4       jdk.internal.loader.BuiltinClassLoader::loadClassOrNull (143 bytes)

Stack: [0x0000008f6f200000,0x0000008f6f300000]
Native frames: (J=compiled Java code, j=interpreted, Vv=VM code, C=native code)
V  [jvm.dll+0x730829]  (no source info available)
V  [jvm.dll+0x8d9da3]  (no source info available)
V  [jvm.dll+0x8dc28d]  (no source info available)
V  [jvm.dll+0x8dc903]  (no source info available)
V  [jvm.dll+0x2a9f56]  (no source info available)
V  [jvm.dll+0xced7f]  (no source info available)
V  [jvm.dll+0xcefdf]  (no source info available)
V  [jvm.dll+0x3f3642]  (no source info available)
V  [jvm.dll+0x3c0040]  (no source info available)
V  [jvm.dll+0x3bf4ca]  (no source info available)
V  [jvm.dll+0x26f637]  (no source info available)
V  [jvm.dll+0x26e8ff]  (no source info available)
V  [jvm.dll+0x1e9c90]  (no source info available)
V  [jvm.dll+0x27e0cb]  (no source info available)
V  [jvm.dll+0x27c36a]  (no source info available)
V  [jvm.dll+0x42f396]  (no source info available)
V  [jvm.dll+0x87d9eb]  (no source info available)
V  [jvm.dll+0x72ef45]  (no source info available)
C  [ucrtbase.dll+0x37b0]  (no source info available)
C  [KERNEL32.DLL+0x2e8d7]  (no source info available)
C  [ntdll.dll+0x8c48c]  (no source info available)

Lock stack of current Java thread (top to bottom):


---------------  P R O C E S S  ---------------

Threads class SMR info:
_java_thread_list=0x000001a0c1ecc8b0, length=12, elements={
0x000001a0d610b7d0, 0x000001a0c112c3f0, 0x000001a0c1130d20, 0x000001a0c1134040,
0x000001a0c1137580, 0x000001a0c11352b0, 0x000001a0c1136220, 0x000001a0c1138300,
0x000001a0c1141cd0, 0x000001a0c12869d0, 0x000001a0c1296180, 0x000001a0c1c67e80
}

Java Threads: ( => current thread )
  0x000001a0d610b7d0 JavaThread "main"                              [_thread_in_vm, id=12484, stack(0x0000008f6e400000,0x0000008f6e500000) (1024K)]
  0x000001a0c112c3f0 JavaThread "Reference Handler"          daemon [_thread_blocked, id=18284, stack(0x0000008f6ec00000,0x0000008f6ed00000) (1024K)]
  0x000001a0c1130d20 JavaThread "Finalizer"                  daemon [_thread_blocked, id=15248, stack(0x0000008f6ed00000,0x0000008f6ee00000) (1024K)]
  0x000001a0c1134040 JavaThread "Signal Dispatcher"          daemon [_thread_blocked, id=14488, stack(0x0000008f6ee00000,0x0000008f6ef00000) (1024K)]
  0x000001a0c1137580 JavaThread "Attach Listener"            daemon [_thread_blocked, id=1576, stack(0x0000008f6ef00000,0x0000008f6f000000) (1024K)]
  0x000001a0c11352b0 JavaThread "Service Thread"             daemon [_thread_blocked, id=13588, stack(0x0000008f6f000000,0x0000008f6f100000) (1024K)]
  0x000001a0c1136220 JavaThread "Monitor Deflation Thread"   daemon [_thread_blocked, id=5216, stack(0x0000008f6f100000,0x0000008f6f200000) (1024K)]
=>0x000001a0c1138300 JavaThread "C2 CompilerThread0"         daemon [_thread_in_native, id=13824, stack(0x0000008f6f200000,0x0000008f6f300000) (1024K)]
  0x000001a0c1141cd0 JavaThread "C1 CompilerThread0"         daemon [_thread_blocked, id=9416, stack(0x0000008f6f300000,0x0000008f6f400000) (1024K)]
  0x000001a0c12869d0 JavaThread "Notification Thread"        daemon [_thread_blocked, id=10752, stack(0x0000008f6f400000,0x0000008f6f500000) (1024K)]
  0x000001a0c1296180 JavaThread "Common-Cleaner"             daemon [_thread_blocked, id=10772, stack(0x0000008f6f500000,0x0000008f6f600000) (1024K)]
  0x000001a0c1c67e80 JavaThread "Thread-1"                   daemon [_thread_blocked, id=11444, stack(0x0000008f6fa00000,0x0000008f6fb00000) (1024K)]
Total: 12

Other Threads:
  0x000001a0d61cacc0 VMThread "VM Thread"                           [id=11472, stack(0x0000008f6eb00000,0x0000008f6ec00000) (1024K)]
  0x000001a0c111d520 WatcherThread "VM Periodic Task Thread"        [id=3648, stack(0x0000008f6ea00000,0x0000008f6eb00000) (1024K)]
  0x000001a0d6145460 WorkerThread "GC Thread#0"                     [id=18132, stack(0x0000008f6e500000,0x0000008f6e600000) (1024K)]
  0x000001a0c1f1c4c0 WorkerThread "GC Thread#1"                     [id=13728, stack(0x0000008f6f700000,0x0000008f6f800000) (1024K)]
  0x000001a0c1f13960 WorkerThread "GC Thread#2"                     [id=16628, stack(0x0000008f6f800000,0x0000008f6f900000) (1024K)]
  0x000001a0c1f13d10 WorkerThread "GC Thread#3"                     [id=11488, stack(0x0000008f6f900000,0x0000008f6fa00000) (1024K)]
  0x000001a0d614fce0 ConcurrentGCThread "G1 Main Marker"            [id=12248, stack(0x0000008f6e600000,0x0000008f6e700000) (1024K)]
  0x000001a0d6152e60 WorkerThread "G1 Conc#0"                       [id=15200, stack(0x0000008f6e700000,0x0000008f6e800000) (1024K)]
  0x000001a0d61a8610 ConcurrentGCThread "G1 Refine#0"               [id=18116, stack(0x0000008f6e800000,0x0000008f6e900000) (1024K)]
  0x000001a0d61a9fe0 ConcurrentGCThread "G1 Service"                [id=13812, stack(0x0000008f6e900000,0x0000008f6ea00000) (1024K)]
Total: 10

Threads with active compile tasks:
C2 CompilerThread0  20218 5445   !   4       jdk.internal.loader.BuiltinClassLoader::loadClassOrNull (143 bytes)
Total: 1

VM state: not at safepoint (normal execution)

VM Mutex/Monitor currently owned by a thread: None

Heap address: 0x00000000c3200000, size: 974 MB, Compressed Oops mode: 32-bit

CDS archive(s) mapped at: [0x000001a080000000-0x000001a080d40000-0x000001a080d40000), size 13893632, SharedBaseAddress: 0x000001a080000000, ArchiveRelocationMode: 1.
Compressed class space mapped at: 0x000001a081000000-0x000001a0c1000000, reserved size: 1073741824
UseCompressedClassPointers 1, UseCompactObjectHeaders 0
Narrow klass pointer bits 32, Max shift 3
Narrow klass base: 0x000001a080000000, Narrow klass shift: 0
Encoding Range: [0x000001a080000000 - 0x000001a180000000), (4294967296 bytes)
Klass Range:    [0x000001a080000000 - 0x000001a0c1000000), (1090519040 bytes)
Klass ID Range:  [8 - 1090519033) (1090519025)

GC Precious Log:
 CardTable entry size: 512
 Card Set container configuration: InlinePtr #cards 5 size 8 Array Of Cards #cards 10 size 36 Howl #buckets 4 coarsen threshold 1843 Howl Bitmap #cards 512 size 80 coarsen threshold 460 Card regions per heap region 1 cards per card region 2048
 CPUs: 4 total, 4 available
 Memory: 3891M
 Large Page Support: Disabled
 NUMA Support: Disabled
 Compressed Oops: Enabled (32-bit)
 Heap Region Size: 1M
 Heap Min Capacity: 8M
 Heap Initial Capacity: 62M
 Heap Max Capacity: 974M
 Pre-touch: Disabled
 Parallel Workers: 4
 Concurrent Workers: 1
 Concurrent Refinement Workers: 4
 Periodic GC: Disabled

Heap:
 garbage-first heap   total reserved 997376K, committed 87040K, used 38870K [0x00000000c3200000, 0x0000000100000000)
  region size 1024K, 19 young (19456K), 3 survivors (3072K)
 Metaspace       used 22367K, committed 22784K, reserved 1114112K
  class space    used 2184K, committed 2368K, reserved 1048576K

Heap Regions: E=young(eden), S=young(survivor), O=old, HS=humongous(starts), HC=humongous(continues), CS=collection set, F=free, TAMS=top-at-mark-start, PB=parsable bottom
|   0|0x00000000c3200000, 0x00000000c3300000, 0x00000000c3300000|100%| O|  |TAMS 0x00000000c3200000| PB 0x00000000c3200000| Untracked |  0
|   1|0x00000000c3300000, 0x00000000c3400000, 0x00000000c3400000|100%| O|  |TAMS 0x00000000c3300000| PB 0x00000000c3300000| Untracked |  0
|   2|0x00000000c3400000, 0x00000000c3500000, 0x00000000c3500000|100%| O|  |TAMS 0x00000000c3400000| PB 0x00000000c3400000| Untracked |  0
|   3|0x00000000c3500000, 0x00000000c3600000, 0x00000000c3600000|100%| O|  |TAMS 0x00000000c3500000| PB 0x00000000c3500000| Untracked |  0
|   4|0x00000000c3600000, 0x00000000c3700000, 0x00000000c3700000|100%| O|  |TAMS 0x00000000c3600000| PB 0x00000000c3600000| Untracked |  0
|   5|0x00000000c3700000, 0x00000000c3800000, 0x00000000c3800000|100%| O|  |TAMS 0x00000000c3700000| PB 0x00000000c3700000| Untracked |  0
|   6|0x00000000c3800000, 0x00000000c3900000, 0x00000000c3900000|100%| O|  |TAMS 0x00000000c3800000| PB 0x00000000c3800000| Untracked |  0
|   7|0x00000000c3900000, 0x00000000c3a00000, 0x00000000c3a00000|100%| O|  |TAMS 0x00000000c3900000| PB 0x00000000c3900000| Untracked |  0
|   8|0x00000000c3a00000, 0x00000000c3b00000, 0x00000000c3b00000|100%| O|  |TAMS 0x00000000c3a00000| PB 0x00000000c3a00000| Untracked |  0
|   9|0x00000000c3b00000, 0x00000000c3c00000, 0x00000000c3c00000|100%| O|  |TAMS 0x00000000c3b00000| PB 0x00000000c3b00000| Untracked |  0
|  10|0x00000000c3c00000, 0x00000000c3d00000, 0x00000000c3d00000|100%| O|  |TAMS 0x00000000c3c00000| PB 0x00000000c3c00000| Untracked |  0
|  11|0x00000000c3d00000, 0x00000000c3e00000, 0x00000000c3e00000|100%| O|  |TAMS 0x00000000c3d00000| PB 0x00000000c3d00000| Untracked |  0
|  12|0x00000000c3e00000, 0x00000000c3f00000, 0x00000000c3f00000|100%| O|  |TAMS 0x00000000c3e00000| PB 0x00000000c3e00000| Untracked |  0
|  13|0x00000000c3f00000, 0x00000000c4000000, 0x00000000c4000000|100%|HS|  |TAMS 0x00000000c3f00000| PB 0x00000000c3f00000| Complete |  0
|  14|0x00000000c4000000, 0x00000000c4100000, 0x00000000c4100000|100%|HC|  |TAMS 0x00000000c4000000| PB 0x00000000c4000000| Complete |  0
|  15|0x00000000c4100000, 0x00000000c4200000, 0x00000000c4200000|100%|HS|  |TAMS 0x00000000c4100000| PB 0x00000000c4100000| Complete |  0
|  16|0x00000000c4200000, 0x00000000c4300000, 0x00000000c4300000|100%|HC|  |TAMS 0x00000000c4200000| PB 0x00000000c4200000| Complete |  0
|  17|0x00000000c4300000, 0x00000000c4300000, 0x00000000c4400000|  0%| F|  |TAMS 0x00000000c4300000| PB 0x00000000c4300000| Untracked |  0
|  18|0x00000000c4400000, 0x00000000c4400000, 0x00000000c4500000|  0%| F|  |TAMS 0x00000000c4400000| PB 0x00000000c4400000| Untracked |  0
|  19|0x00000000c4500000, 0x00000000c4500000, 0x00000000c4600000|  0%| F|  |TAMS 0x00000000c4500000| PB 0x00000000c4500000| Untracked |  0
|  20|0x00000000c4600000, 0x00000000c4600000, 0x00000000c4700000|  0%| F|  |TAMS 0x00000000c4600000| PB 0x00000000c4600000| Untracked |  0
|  21|0x00000000c4700000, 0x00000000c4700000, 0x00000000c4800000|  0%| F|  |TAMS 0x00000000c4700000| PB 0x00000000c4700000| Untracked |  0
|  22|0x00000000c4800000, 0x00000000c4800000, 0x00000000c4900000|  0%| F|  |TAMS 0x00000000c4800000| PB 0x00000000c4800000| Untracked |  0
|  23|0x00000000c4900000, 0x00000000c4900000, 0x00000000c4a00000|  0%| F|  |TAMS 0x00000000c4900000| PB 0x00000000c4900000| Untracked |  0
|  24|0x00000000c4a00000, 0x00000000c4a00000, 0x00000000c4b00000|  0%| F|  |TAMS 0x00000000c4a00000| PB 0x00000000c4a00000| Untracked |  0
|  25|0x00000000c4b00000, 0x00000000c4b00000, 0x00000000c4c00000|  0%| F|  |TAMS 0x00000000c4b00000| PB 0x00000000c4b00000| Untracked |  0
|  26|0x00000000c4c00000, 0x00000000c4c00000, 0x00000000c4d00000|  0%| F|  |TAMS 0x00000000c4c00000| PB 0x00000000c4c00000| Untracked |  0
|  27|0x00000000c4d00000, 0x00000000c4d00000, 0x00000000c4e00000|  0%| F|  |TAMS 0x00000000c4d00000| PB 0x00000000c4d00000| Untracked |  0
|  28|0x00000000c4e00000, 0x00000000c4e00000, 0x00000000c4f00000|  0%| F|  |TAMS 0x00000000c4e00000| PB 0x00000000c4e00000| Untracked |  0
|  29|0x00000000c4f00000, 0x00000000c4f00000, 0x00000000c5000000|  0%| F|  |TAMS 0x00000000c4f00000| PB 0x00000000c4f00000| Untracked |  0
|  30|0x00000000c5000000, 0x00000000c5000000, 0x00000000c5100000|  0%| F|  |TAMS 0x00000000c5000000| PB 0x00000000c5000000| Untracked |  0
|  31|0x00000000c5100000, 0x00000000c5100000, 0x00000000c5200000|  0%| F|  |TAMS 0x00000000c5100000| PB 0x00000000c5100000| Untracked |  0
|  32|0x00000000c5200000, 0x00000000c5200000, 0x00000000c5300000|  0%| F|  |TAMS 0x00000000c5200000| PB 0x00000000c5200000| Untracked |  0
|  33|0x00000000c5300000, 0x00000000c5400000, 0x00000000c5400000|100%| O|  |TAMS 0x00000000c5300000| PB 0x00000000c5300000| Untracked |  0
|  34|0x00000000c5400000, 0x00000000c5457b20, 0x00000000c5500000| 34%| O|  |TAMS 0x00000000c5400000| PB 0x00000000c5400000| Untracked |  0
|  35|0x00000000c5500000, 0x00000000c5500000, 0x00000000c5600000|  0%| F|  |TAMS 0x00000000c5500000| PB 0x00000000c5500000| Untracked |  0
|  36|0x00000000c5600000, 0x00000000c5600000, 0x00000000c5700000|  0%| F|  |TAMS 0x00000000c5600000| PB 0x00000000c5600000| Untracked |  0
|  37|0x00000000c5700000, 0x00000000c5700000, 0x00000000c5800000|  0%| F|  |TAMS 0x00000000c5700000| PB 0x00000000c5700000| Untracked |  0
|  38|0x00000000c5800000, 0x00000000c5800000, 0x00000000c5900000|  0%| F|  |TAMS 0x00000000c5800000| PB 0x00000000c5800000| Untracked |  0
|  39|0x00000000c5900000, 0x00000000c5900000, 0x00000000c5a00000|  0%| F|  |TAMS 0x00000000c5900000| PB 0x00000000c5900000| Untracked |  0
|  40|0x00000000c5a00000, 0x00000000c5a00000, 0x00000000c5b00000|  0%| F|  |TAMS 0x00000000c5a00000| PB 0x00000000c5a00000| Untracked |  0
|  41|0x00000000c5b00000, 0x00000000c5b00000, 0x00000000c5c00000|  0%| F|  |TAMS 0x00000000c5b00000| PB 0x00000000c5b00000| Untracked |  0
|  42|0x00000000c5c00000, 0x00000000c5c00000, 0x00000000c5d00000|  0%| F|  |TAMS 0x00000000c5c00000| PB 0x00000000c5c00000| Untracked |  0
|  43|0x00000000c5d00000, 0x00000000c5d00000, 0x00000000c5e00000|  0%| F|  |TAMS 0x00000000c5d00000| PB 0x00000000c5d00000| Untracked |  0
|  44|0x00000000c5e00000, 0x00000000c5e00000, 0x00000000c5f00000|  0%| F|  |TAMS 0x00000000c5e00000| PB 0x00000000c5e00000| Untracked |  0
|  45|0x00000000c5f00000, 0x00000000c5f00000, 0x00000000c6000000|  0%| F|  |TAMS 0x00000000c5f00000| PB 0x00000000c5f00000| Untracked |  0
|  46|0x00000000c6000000, 0x00000000c6000000, 0x00000000c6100000|  0%| F|  |TAMS 0x00000000c6000000| PB 0x00000000c6000000| Untracked |  0
|  47|0x00000000c6100000, 0x00000000c6200000, 0x00000000c6200000|100%|HS|  |TAMS 0x00000000c6100000| PB 0x00000000c6100000| Complete |  0
|  48|0x00000000c6200000, 0x00000000c6200000, 0x00000000c6300000|  0%| F|  |TAMS 0x00000000c6200000| PB 0x00000000c6200000| Untracked |  0
|  49|0x00000000c6300000, 0x00000000c6300000, 0x00000000c6400000|  0%| F|  |TAMS 0x00000000c6300000| PB 0x00000000c6300000| Untracked |  0
|  50|0x00000000c6400000, 0x00000000c6400000, 0x00000000c6500000|  0%| F|  |TAMS 0x00000000c6400000| PB 0x00000000c6400000| Untracked |  0
|  51|0x00000000c6500000, 0x00000000c6500000, 0x00000000c6600000|  0%| F|  |TAMS 0x00000000c6500000| PB 0x00000000c6500000| Untracked |  0
|  52|0x00000000c6600000, 0x00000000c6600000, 0x00000000c6700000|  0%| F|  |TAMS 0x00000000c6600000| PB 0x00000000c6600000| Untracked |  0
|  53|0x00000000c6700000, 0x00000000c6700000, 0x00000000c6800000|  0%| F|  |TAMS 0x00000000c6700000| PB 0x00000000c6700000| Untracked |  0
|  54|0x00000000c6800000, 0x00000000c6800000, 0x00000000c6900000|  0%| F|  |TAMS 0x00000000c6800000| PB 0x00000000c6800000| Untracked |  0
|  55|0x00000000c6900000, 0x00000000c6900000, 0x00000000c6a00000|  0%| F|  |TAMS 0x00000000c6900000| PB 0x00000000c6900000| Untracked |  0
|  56|0x00000000c6a00000, 0x00000000c6a00000, 0x00000000c6b00000|  0%| F|  |TAMS 0x00000000c6a00000| PB 0x00000000c6a00000| Untracked |  0
|  57|0x00000000c6b00000, 0x00000000c6b00000, 0x00000000c6c00000|  0%| F|  |TAMS 0x00000000c6b00000| PB 0x00000000c6b00000| Untracked |  0
|  58|0x00000000c6c00000, 0x00000000c6c00000, 0x00000000c6d00000|  0%| F|  |TAMS 0x00000000c6c00000| PB 0x00000000c6c00000| Untracked |  0
|  59|0x00000000c6d00000, 0x00000000c6d00000, 0x00000000c6e00000|  0%| F|  |TAMS 0x00000000c6d00000| PB 0x00000000c6d00000| Untracked |  0
|  60|0x00000000c6e00000, 0x00000000c6e00000, 0x00000000c6f00000|  0%| F|  |TAMS 0x00000000c6e00000| PB 0x00000000c6e00000| Untracked |  0
|  61|0x00000000c6f00000, 0x00000000c6f00000, 0x00000000c7000000|  0%| F|  |TAMS 0x00000000c6f00000| PB 0x00000000c6f00000| Untracked |  0
|  62|0x00000000c7000000, 0x00000000c7000000, 0x00000000c7100000|  0%| F|  |TAMS 0x00000000c7000000| PB 0x00000000c7000000| Untracked |  0
|  63|0x00000000c7100000, 0x00000000c7180ce8, 0x00000000c7200000| 50%| S|CS|TAMS 0x00000000c7100000| PB 0x00000000c7100000| Complete |  0
|  64|0x00000000c7200000, 0x00000000c7300000, 0x00000000c7300000|100%| S|CS|TAMS 0x00000000c7200000| PB 0x00000000c7200000| Complete |  0
|  65|0x00000000c7300000, 0x00000000c7400000, 0x00000000c7400000|100%| S|CS|TAMS 0x00000000c7300000| PB 0x00000000c7300000| Complete |  0
|  66|0x00000000c7400000, 0x00000000c7400000, 0x00000000c7500000|  0%| F|  |TAMS 0x00000000c7400000| PB 0x00000000c7400000| Untracked |  0
|  67|0x00000000c7500000, 0x00000000c75562a8, 0x00000000c7600000| 33%| E|  |TAMS 0x00000000c7500000| PB 0x00000000c7500000| Complete |  0
|  68|0x00000000c7600000, 0x00000000c7700000, 0x00000000c7700000|100%| E|CS|TAMS 0x00000000c7600000| PB 0x00000000c7600000| Complete |  0
|  69|0x00000000c7700000, 0x00000000c7800000, 0x00000000c7800000|100%| E|CS|TAMS 0x00000000c7700000| PB 0x00000000c7700000| Complete |  0
|  70|0x00000000c7800000, 0x00000000c7900000, 0x00000000c7900000|100%| E|CS|TAMS 0x00000000c7800000| PB 0x00000000c7800000| Complete |  0
|  71|0x00000000c7900000, 0x00000000c7a00000, 0x00000000c7a00000|100%| E|CS|TAMS 0x00000000c7900000| PB 0x00000000c7900000| Complete |  0
|  72|0x00000000c7a00000, 0x00000000c7b00000, 0x00000000c7b00000|100%| E|CS|TAMS 0x00000000c7a00000| PB 0x00000000c7a00000| Complete |  0
|  73|0x00000000c7b00000, 0x00000000c7c00000, 0x00000000c7c00000|100%| E|CS|TAMS 0x00000000c7b00000| PB 0x00000000c7b00000| Complete |  0
|  74|0x00000000c7c00000, 0x00000000c7d00000, 0x00000000c7d00000|100%| E|CS|TAMS 0x00000000c7c00000| PB 0x00000000c7c00000| Complete |  0
|  75|0x00000000c7d00000, 0x00000000c7e00000, 0x00000000c7e00000|100%| E|CS|TAMS 0x00000000c7d00000| PB 0x00000000c7d00000| Complete |  0
|  76|0x00000000c7e00000, 0x00000000c7f00000, 0x00000000c7f00000|100%| E|CS|TAMS 0x00000000c7e00000| PB 0x00000000c7e00000| Complete |  0
|  77|0x00000000c7f00000, 0x00000000c8000000, 0x00000000c8000000|100%| E|CS|TAMS 0x00000000c7f00000| PB 0x00000000c7f00000| Complete |  0
|  78|0x00000000c8000000, 0x00000000c8100000, 0x00000000c8100000|100%| E|CS|TAMS 0x00000000c8000000| PB 0x00000000c8000000| Complete |  0
|  79|0x00000000c8100000, 0x00000000c8200000, 0x00000000c8200000|100%| E|CS|TAMS 0x00000000c8100000| PB 0x00000000c8100000| Complete |  0
|  80|0x00000000c8200000, 0x00000000c8300000, 0x00000000c8300000|100%| E|CS|TAMS 0x00000000c8200000| PB 0x00000000c8200000| Complete |  0
|  81|0x00000000c8300000, 0x00000000c8400000, 0x00000000c8400000|100%| E|CS|TAMS 0x00000000c8300000| PB 0x00000000c8300000| Complete |  0
|  82|0x00000000c8400000, 0x00000000c8500000, 0x00000000c8500000|100%| E|CS|TAMS 0x00000000c8400000| PB 0x00000000c8400000| Complete |  0
| 972|0x00000000ffe00000, 0x00000000fff00000, 0x00000000fff00000|100%| O|  |TAMS 0x00000000ffe00000| PB 0x00000000ffe00000| Untracked |  0
| 973|0x00000000fff00000, 0x00000000fff1d248, 0x0000000100000000| 11%| O|Cm|TAMS 0x00000000fff00000| PB 0x00000000fff00000| Complete |  0

Card table byte_map: [0x000001a0edba0000,0x000001a0edd90000] _byte_map_base: 0x000001a0ed587000

Marking Bits: (CMBitMap*) 0x000001a0d6145b70
 Bits: [0x000001a0edd90000, 0x000001a0eecc8000)

Polling page: 0x000001a0d40c0000

Metaspace:

Usage:
  Non-class:     19.71 MB used.
      Class:      2.13 MB used.
       Both:     21.84 MB used.

Virtual space:
  Non-class space:       64.00 MB reserved,      19.94 MB ( 31%) committed,  1 nodes.
      Class space:        1.00 GB reserved,       2.31 MB ( <1%) committed,  1 nodes.
             Both:        1.06 GB reserved,      22.25 MB (  2%) committed. 

Chunk freelists:
   Non-Class:  12.05 MB
       Class:  13.73 MB
        Both:  25.78 MB

MaxMetaspaceSize: unlimited
CompressedClassSpaceSize: 1.00 GB
Initial GC threshold: 21.00 MB
Current GC threshold: 28.69 MB
CDS: on
 - commit_granule_bytes: 65536.
 - commit_granule_words: 8192.
 - virtual_space_node_default_size: 8388608.
 - enlarge_chunks_in_place: 1.
UseCompressedClassPointers 1, UseCompactObjectHeaders 0
Narrow klass pointer bits 32, Max shift 3
Narrow klass base: 0x000001a080000000, Narrow klass shift: 0
Encoding Range: [0x000001a080000000 - 0x000001a180000000), (4294967296 bytes)
Klass Range:    [0x000001a080000000 - 0x000001a0c1000000), (1090519040 bytes)
Klass ID Range:  [8 - 1090519033) (1090519025)


Internal statistics:

num_allocs_failed_limit: 0.
num_arena_births: 182.
num_arena_deaths: 0.
num_vsnodes_births: 2.
num_vsnodes_deaths: 0.
num_space_committed: 356.
num_space_uncommitted: 0.
num_chunks_returned_to_freelist: 0.
num_chunks_taken_from_freelist: 970.
num_chunk_merges: 0.
num_chunk_splits: 681.
num_chunks_enlarged: 539.
num_inconsistent_stats: 0.

CodeHeap 'non-profiled nmethods': size=120064Kb used=2301Kb max_used=2301Kb free=117762Kb
 bounds [0x000001a0e6470000, 0x000001a0e66e0000, 0x000001a0ed9b0000]
CodeHeap 'profiled nmethods': size=120000Kb used=9783Kb max_used=9783Kb free=110216Kb
 bounds [0x000001a0de9b0000, 0x000001a0df340000, 0x000001a0e5ee0000]
CodeHeap 'non-nmethods': size=5696Kb used=1492Kb max_used=1599Kb free=4203Kb
 bounds [0x000001a0e5ee0000, 0x000001a0e6150000, 0x000001a0e6470000]
CodeCache: size=245760Kb, used=13576Kb, max_used=13683Kb, free=232181Kb
 total_blobs=6002, nmethods=5470, adapters=436, full_count=0
Compilation: enabled, stopped_count=0, restarted_count=0

Compilation events (20 events):
Event: 19.397 Thread 0x000001a0c1141cd0 5452       3       java.lang.classfile.Interfaces::of (9 bytes)
Event: 19.397 Thread 0x000001a0c1141cd0 nmethod 5452 0x000001a0df333708 code [0x000001a0df333840, 0x000001a0df333b90]
Event: 19.399 Thread 0x000001a0c1141cd0 5453       3       jdk.internal.classfile.impl.DirectClassBuilder::buildInterfaceEnties (46 bytes)
Event: 19.400 Thread 0x000001a0c1141cd0 nmethod 5453 0x000001a0df333c08 code [0x000001a0df333dc0, 0x000001a0df3349d0]
Event: 19.406 Thread 0x000001a0c1141cd0 5455       3       sun.invoke.util.Wrapper::isDoubleWord (15 bytes)
Event: 19.406 Thread 0x000001a0c1141cd0 nmethod 5455 0x000001a0df334a08 code [0x000001a0df334b20, 0x000001a0df334c78]
Event: 19.526 Thread 0x000001a0c1141cd0 5458       3       jdk.internal.module.SystemModuleFinders$SystemModuleReader::findImageLocation (42 bytes)
Event: 19.526 Thread 0x000001a0c1141cd0 nmethod 5458 0x000001a0df334d08 code [0x000001a0df334ea0, 0x000001a0df3355b8]
Event: 19.526 Thread 0x000001a0c1141cd0 5459       3       jdk.internal.jimage.ImageLocation::decompress (116 bytes)
Event: 19.527 Thread 0x000001a0c1141cd0 nmethod 5459 0x000001a0df335608 code [0x000001a0df335800, 0x000001a0df336560]
Event: 19.527 Thread 0x000001a0c1141cd0 5460       3       jdk.internal.jimage.ImageLocation::verify (38 bytes)
Event: 19.528 Thread 0x000001a0c1141cd0 nmethod 5460 0x000001a0df336608 code [0x000001a0df336780, 0x000001a0df336e08]
Event: 19.530 Thread 0x000001a0c1141cd0 5461   !   3       jdk.internal.jimage.BasicImageReader::getResourceBuffer (203 bytes)
Event: 19.532 Thread 0x000001a0c1141cd0 nmethod 5461 0x000001a0df336e88 code [0x000001a0df337220, 0x000001a0df338f30]
Event: 19.532 Thread 0x000001a0c1141cd0 5462       3       java.nio.MappedByteBuffer::<init> (24 bytes)
Event: 19.532 Thread 0x000001a0c1141cd0 nmethod 5462 0x000001a0df339008 code [0x000001a0df339120, 0x000001a0df3392d0]
Event: 19.532 Thread 0x000001a0c1141cd0 5463       3       java.nio.DirectByteBufferR::<init> (25 bytes)
Event: 19.533 Thread 0x000001a0c1141cd0 nmethod 5463 0x000001a0df339308 code [0x000001a0df339420, 0x000001a0df3395a0]
Event: 19.536 Thread 0x000001a0c1141cd0 5464   !   3       jdk.internal.jimage.BasicImageReader::slice (32 bytes)
Event: 19.537 Thread 0x000001a0c1141cd0 nmethod 5464 0x000001a0df339608 code [0x000001a0df339760, 0x000001a0df339c28]

GC Heap History (16 events):
Event: 3.737 GC heap before
{Heap before GC invocations=0 (full 0):
 garbage-first heap   total reserved 997376K, committed 65536K, used 29812K [0x00000000c3200000, 0x0000000100000000)
  region size 1024K, 28 young (28672K), 0 survivors (0K)
 Metaspace       used 6175K, committed 6336K, reserved 1114112K
  class space    used 543K, committed 576K, reserved 1048576K
}
Event: 3.759 GC heap after
{Heap after GC invocations=1 (full 0):
 garbage-first heap   total reserved 997376K, committed 65536K, used 4596K [0x00000000c3200000, 0x0000000100000000)
  region size 1024K, 4 young (4096K), 4 survivors (4096K)
 Metaspace       used 6175K, committed 6336K, reserved 1114112K
  class space    used 543K, committed 576K, reserved 1048576K
}
Event: 5.478 GC heap before
{Heap before GC invocations=1 (full 0):
 garbage-first heap   total reserved 997376K, committed 65536K, used 31220K [0x00000000c3200000, 0x0000000100000000)
  region size 1024K, 30 young (30720K), 4 survivors (4096K)
 Metaspace       used 10812K, committed 11008K, reserved 1114112K
  class space    used 996K, committed 1088K, reserved 1048576K
}
Event: 5.489 GC heap after
{Heap after GC invocations=2 (full 0):
 garbage-first heap   total reserved 997376K, committed 65536K, used 6260K [0x00000000c3200000, 0x0000000100000000)
  region size 1024K, 2 young (2048K), 2 survivors (2048K)
 Metaspace       used 10812K, committed 11008K, reserved 1114112K
  class space    used 996K, committed 1088K, reserved 1048576K
}
Event: 7.588 GC heap before
{Heap before GC invocations=2 (full 0):
 garbage-first heap   total reserved 997376K, committed 65536K, used 38004K [0x00000000c3200000, 0x0000000100000000)
  region size 1024K, 33 young (33792K), 2 survivors (2048K)
 Metaspace       used 14846K, committed 15168K, reserved 1114112K
  class space    used 1447K, committed 1600K, reserved 1048576K
}
Event: 7.603 GC heap after
{Heap after GC invocations=3 (full 0):
 garbage-first heap   total reserved 997376K, committed 65536K, used 10061K [0x00000000c3200000, 0x0000000100000000)
  region size 1024K, 5 young (5120K), 5 survivors (5120K)
 Metaspace       used 14846K, committed 15168K, reserved 1114112K
  class space    used 1447K, committed 1600K, reserved 1048576K
}
Event: 10.502 GC heap before
{Heap before GC invocations=3 (full 0):
 garbage-first heap   total reserved 997376K, committed 65536K, used 41805K [0x00000000c3200000, 0x0000000100000000)
  region size 1024K, 36 young (36864K), 5 survivors (5120K)
 Metaspace       used 15745K, committed 16000K, reserved 1114112K
  class space    used 1529K, committed 1664K, reserved 1048576K
}
Event: 10.523 GC heap after
{Heap after GC invocations=4 (full 0):
 garbage-first heap   total reserved 997376K, committed 65536K, used 14103K [0x00000000c3200000, 0x0000000100000000)
  region size 1024K, 4 young (4096K), 4 survivors (4096K)
 Metaspace       used 15745K, committed 16000K, reserved 1114112K
  class space    used 1529K, committed 1664K, reserved 1048576K
}
Event: 12.831 GC heap before
{Heap before GC invocations=4 (full 0):
 garbage-first heap   total reserved 997376K, committed 65536K, used 45847K [0x00000000c3200000, 0x0000000100000000)
  region size 1024K, 35 young (35840K), 4 survivors (4096K)
 Metaspace       used 16056K, committed 16320K, reserved 1114112K
  class space    used 1532K, committed 1664K, reserved 1048576K
}
Event: 12.841 GC heap after
{Heap after GC invocations=5 (full 0):
 garbage-first heap   total reserved 997376K, committed 65536K, used 16273K [0x00000000c3200000, 0x0000000100000000)
  region size 1024K, 2 young (2048K), 2 survivors (2048K)
 Metaspace       used 16056K, committed 16320K, reserved 1114112K
  class space    used 1532K, committed 1664K, reserved 1048576K
}
Event: 14.833 GC heap before
{Heap before GC invocations=5 (full 0):
 garbage-first heap   total reserved 997376K, committed 65536K, used 45969K [0x00000000c3200000, 0x0000000100000000)
  region size 1024K, 24 young (24576K), 2 survivors (2048K)
 Metaspace       used 17318K, committed 17600K, reserved 1114112K
  class space    used 1650K, committed 1792K, reserved 1048576K
}
Event: 14.841 GC heap after
{Heap after GC invocations=6 (full 0):
 garbage-first heap   total reserved 997376K, committed 65536K, used 25489K [0x00000000c3200000, 0x0000000100000000)
  region size 1024K, 3 young (3072K), 3 survivors (3072K)
 Metaspace       used 17318K, committed 17600K, reserved 1114112K
  class space    used 1650K, committed 1792K, reserved 1048576K
}
Event: 14.854 GC heap before
{Heap before GC invocations=6 (full 0):
 garbage-first heap   total reserved 997376K, committed 65536K, used 37777K [0x00000000c3200000, 0x0000000100000000)
  region size 1024K, 4 young (4096K), 3 survivors (3072K)
 Metaspace       used 17318K, committed 17600K, reserved 1114112K
  class space    used 1650K, committed 1792K, reserved 1048576K
}
Event: 14.861 GC heap after
{Heap after GC invocations=7 (full 0):
 garbage-first heap   total reserved 997376K, committed 65536K, used 37864K [0x00000000c3200000, 0x0000000100000000)
  region size 1024K, 2 young (2048K), 2 survivors (2048K)
 Metaspace       used 17318K, committed 17600K, reserved 1114112K
  class space    used 1650K, committed 1792K, reserved 1048576K
}
Event: 17.934 GC heap before
{Heap before GC invocations=8 (full 0):
 garbage-first heap   total reserved 997376K, committed 87040K, used 69608K [0x00000000c3200000, 0x0000000100000000)
  region size 1024K, 20 young (20480K), 2 survivors (2048K)
 Metaspace       used 19692K, committed 20032K, reserved 1114112K
  class space    used 1879K, committed 2048K, reserved 1048576K
}
Event: 17.947 GC heap after
{Heap after GC invocations=9 (full 0):
 garbage-first heap   total reserved 997376K, committed 87040K, used 19414K [0x00000000c3200000, 0x0000000100000000)
  region size 1024K, 3 young (3072K), 3 survivors (3072K)
 Metaspace       used 19692K, committed 20032K, reserved 1114112K
  class space    used 1879K, committed 2048K, reserved 1048576K
}

Dll operation events (8 events):
Event: 0.063 Loaded shared library C:\Program Files\Java\jdk-24\bin\java.dll
Event: 0.154 Loaded shared library C:\Program Files\Java\jdk-24\bin\jsvml.dll
Event: 0.200 Loaded shared library C:\Program Files\Java\jdk-24\bin\net.dll
Event: 0.214 Loaded shared library C:\Program Files\Java\jdk-24\bin\nio.dll
Event: 0.230 Loaded shared library C:\Program Files\Java\jdk-24\bin\zip.dll
Event: 1.096 Loaded shared library C:\Users\Swathi\.m2\wrapper\dists\apache-maven-3.9.12\59fe215c0ad6947fea90184bf7add084544567b927287592651fda3782e0e798\lib\jansi-native\Windows\x86_64\jansi.dll
Event: 1.134 Loaded shared library C:\Program Files\Java\jdk-24\bin\verify.dll
Event: 1.234 Loaded shared library C:\Program Files\Java\jdk-24\bin\jimage.dll

Deoptimization events (20 events):
Event: 19.045 Thread 0x000001a0d610b7d0 Uncommon trap: trap_request=0xffffff4d fr.pc=0x000001a0e66a1418 relative=0x00000000000001f8
Event: 19.045 Thread 0x000001a0d610b7d0 Uncommon trap: reason=unstable_if action=reinterpret pc=0x000001a0e66a1418 method=jdk.nio.zipfs.ZipFileSystem$IndexNode.normalize([B)[B @ 66 c2
Event: 19.045 Thread 0x000001a0d610b7d0 DEOPT PACKING pc=0x000001a0e66a1418 sp=0x0000008f6e4fc430
Event: 19.045 Thread 0x000001a0d610b7d0 DEOPT UNPACKING pc=0x000001a0e6004082 sp=0x0000008f6e4fc398 mode 2
Event: 19.115 Thread 0x000001a0d610b7d0 Uncommon trap: trap_request=0xffffff4d fr.pc=0x000001a0e66a1f50 relative=0x0000000000000230
Event: 19.115 Thread 0x000001a0d610b7d0 Uncommon trap: reason=unstable_if action=reinterpret pc=0x000001a0e66a1f50 method=jdk.internal.util.ArraysSupport.hashCode([BIII)I @ 1 c2
Event: 19.115 Thread 0x000001a0d610b7d0 DEOPT PACKING pc=0x000001a0e66a1f50 sp=0x0000008f6e4fc370
Event: 19.115 Thread 0x000001a0d610b7d0 DEOPT UNPACKING pc=0x000001a0e6004082 sp=0x0000008f6e4fc2f0 mode 2
Event: 19.220 Thread 0x000001a0d610b7d0 Uncommon trap: trap_request=0xffffffde fr.pc=0x000001a0e66088c4 relative=0x00000000000001a4
Event: 19.220 Thread 0x000001a0d610b7d0 Uncommon trap: reason=class_check action=maybe_recompile pc=0x000001a0e66088c4 method=java.util.stream.StreamOpFlag.fromCharacteristics(Ljava/util/Spliterator;)I @ 14 c2
Event: 19.220 Thread 0x000001a0d610b7d0 DEOPT PACKING pc=0x000001a0e66088c4 sp=0x0000008f6e4fd240
Event: 19.220 Thread 0x000001a0d610b7d0 DEOPT UNPACKING pc=0x000001a0e6004082 sp=0x0000008f6e4fd170 mode 2
Event: 19.230 Thread 0x000001a0d610b7d0 Uncommon trap: trap_request=0xffffff4d fr.pc=0x000001a0e66a220c relative=0x00000000000000ec
Event: 19.230 Thread 0x000001a0d610b7d0 Uncommon trap: reason=unstable_if action=reinterpret pc=0x000001a0e66a220c method=jdk.nio.zipfs.ZipConstants.pkSigAt([BIII)Z @ 5 c2
Event: 19.230 Thread 0x000001a0d610b7d0 DEOPT PACKING pc=0x000001a0e66a220c sp=0x0000008f6e4fd180
Event: 19.230 Thread 0x000001a0d610b7d0 DEOPT UNPACKING pc=0x000001a0e6004082 sp=0x0000008f6e4fd128 mode 2
Event: 19.280 Thread 0x000001a0d610b7d0 Uncommon trap: trap_request=0xffffff76 fr.pc=0x000001a0e66a592c relative=0x000000000000020c
Event: 19.280 Thread 0x000001a0d610b7d0 Uncommon trap: reason=predicate action=maybe_recompile pc=0x000001a0e66a592c method=java.util.LinkedHashMap.valuesToArray([Ljava/lang/Object;Z)[Ljava/lang/Object; @ 53 c2
Event: 19.280 Thread 0x000001a0d610b7d0 DEOPT PACKING pc=0x000001a0e66a592c sp=0x0000008f6e4fd220
Event: 19.280 Thread 0x000001a0d610b7d0 DEOPT UNPACKING pc=0x000001a0e6004082 sp=0x0000008f6e4fd1b0 mode 2

Classes loaded (20 events):
Event: 18.971 Loading class java/nio/file/attribute/FileOwnerAttributeView done
Event: 18.971 Loading class java/nio/file/attribute/AclFileAttributeView done
Event: 18.971 Loading class sun/nio/fs/AbstractAclFileAttributeView done
Event: 18.971 Loading class sun/nio/fs/WindowsAclFileAttributeView done
Event: 18.973 Loading class sun/nio/fs/WindowsSecurity
Event: 18.974 Loading class sun/nio/fs/WindowsSecurity done
Event: 18.988 Loading class java/nio/file/attribute/PosixFileAttributeView
Event: 18.988 Loading class java/nio/file/attribute/PosixFileAttributeView done
Event: 19.170 Loading class java/nio/file/ClosedDirectoryStreamException
Event: 19.171 Loading class java/nio/file/ClosedDirectoryStreamException done
Event: 19.171 Loading class java/nio/file/DirectoryIteratorException
Event: 19.172 Loading class java/nio/file/DirectoryIteratorException done
Event: 19.217 Loading class java/util/TreeMap$KeySpliterator
Event: 19.220 Loading class java/util/TreeMap$TreeMapSpliterator
Event: 19.220 Loading class java/util/TreeMap$TreeMapSpliterator done
Event: 19.220 Loading class java/util/TreeMap$KeySpliterator done
Event: 19.340 Loading class java/util/regex/PatternSyntaxException
Event: 19.341 Loading class java/util/regex/PatternSyntaxException done
Event: 19.341 Loading class java/time/Year
Event: 19.342 Loading class java/time/Year done

Classes unloaded (0 events):
No events

Classes redefined (0 events):
No events

Internal exceptions (20 events):
Event: 6.973 Thread 0x000001a0d610b7d0 Exception <a 'java/lang/NoSuchMethodError'{0x00000000c5db9e08}: 'java.lang.Object java.lang.invoke.DirectMethodHandle$Holder.invokeStatic(java.lang.Object, java.lang.Object, java.lang.Object, java.lang.Object, int)'> (0x00000000c5db9e08) 
thrown [s\open\src\hotspot\share\interpreter\linkResolver.cpp, line 805]
Event: 6.975 Thread 0x000001a0d610b7d0 Exception <a 'java/lang/NoSuchMethodError'{0x00000000c5dcb470}: 'void java.lang.invoke.DirectMethodHandle$Holder.invokeSpecial(java.lang.Object, java.lang.Object, java.lang.Object, int)'> (0x00000000c5dcb470) 
thrown [s\open\src\hotspot\share\interpreter\linkResolver.cpp, line 805]
Event: 6.976 Thread 0x000001a0d610b7d0 Exception <a 'java/lang/NoSuchMethodError'{0x00000000c5dd37d0}: 'void java.lang.invoke.DelegatingMethodHandle$Holder.reinvoke_L(java.lang.Object, java.lang.Object, int)'> (0x00000000c5dd37d0) 
thrown [s\open\src\hotspot\share\interpreter\linkResolver.cpp, line 805]
Event: 8.224 Thread 0x000001a0d610b7d0 Implicit null exception at 0x000001a0e656b19b to 0x000001a0e656bd64
Event: 8.224 Thread 0x000001a0d610b7d0 Implicit null exception at 0x000001a0e650fae8 to 0x000001a0e650fccc
Event: 8.224 Thread 0x000001a0d610b7d0 Implicit null exception at 0x000001a0e6556ff9 to 0x000001a0e6557650
Event: 8.227 Thread 0x000001a0d610b7d0 Exception <a 'java/lang/NoSuchMethodError'{0x00000000c616b330}: 'void java.lang.invoke.DirectMethodHandle$Holder.invokeStatic(java.lang.Object, java.lang.Object, java.lang.Object, java.lang.Object)'> (0x00000000c616b330) 
thrown [s\open\src\hotspot\share\interpreter\linkResolver.cpp, line 805]
Event: 8.243 Thread 0x000001a0d610b7d0 Exception <a 'java/lang/NoSuchMethodError'{0x00000000c61ec950}: 'int java.lang.invoke.DirectMethodHandle$Holder.invokeSpecialIFC(java.lang.Object, java.lang.Object, java.lang.Object, java.lang.Object)'> (0x00000000c61ec950) 
thrown [s\open\src\hotspot\share\interpreter\linkResolver.cpp, line 805]
Event: 13.323 Thread 0x000001a0d610b7d0 Implicit null exception at 0x000001a0e650f3e8 to 0x000001a0e650f5b8
Event: 13.326 Thread 0x000001a0d610b7d0 Implicit null exception at 0x000001a0e64fc59d to 0x000001a0e64fc619
Event: 13.945 Thread 0x000001a0d610b7d0 Exception <a 'java/lang/NoSuchMethodError'{0x00000000c67b21c0}: 'java.lang.Object java.lang.invoke.DirectMethodHandle$Holder.newInvokeSpecial(java.lang.Object, java.lang.Object, java.lang.Object, java.lang.Object, java.lang.Object, java.lang.Object, java.lang.Object)'> (0x00000000c67b21c0) 
thrown [s\open\src\hotspot\share\interpreter\linkResolver.cpp, line 805]
Event: 14.576 Thread 0x000001a0d610b7d0 Implicit null exception at 0x000001a0e6620fcf to 0x000001a0e6621454
Event: 14.608 Thread 0x000001a0d610b7d0 Exception <a 'java/lang/NoSuchMethodError'{0x00000000c5d7f058}: 'int java.lang.invoke.DirectMethodHandle$Holder.invokeVirtual(java.lang.Object, java.lang.Object)'> (0x00000000c5d7f058) 
thrown [s\open\src\hotspot\share\interpreter\linkResolver.cpp, line 805]
Event: 14.713 Thread 0x000001a0d610b7d0 Exception <a 'java/lang/NoSuchMethodError'{0x00000000c5cc1930}: 'void java.lang.invoke.Invokers$Holder.invokeExact_MT(java.lang.Object, java.lang.Object, int, java.lang.Object)'> (0x00000000c5cc1930) 
thrown [s\open\src\hotspot\share\interpreter\linkResolver.cpp, line 805]
Event: 17.142 Thread 0x000001a0d610b7d0 Exception <a 'java/lang/IncompatibleClassChangeError'{0x00000000c782d060}: Found class java.lang.Object, but interface was expected> (0x00000000c782d060) 
thrown [s\open\src\hotspot\share\interpreter\linkResolver.cpp, line 872]
Event: 17.145 Thread 0x000001a0d610b7d0 Exception <a 'java/lang/NoSuchMethodError'{0x00000000c783c5c8}: 'void java.lang.invoke.DirectMethodHandle$Holder.invokeInterface(java.lang.Object, java.lang.Object, java.lang.Object)'> (0x00000000c783c5c8) 
thrown [s\open\src\hotspot\share\interpreter\linkResolver.cpp, line 805]
Event: 17.526 Thread 0x000001a0d610b7d0 Exception <a 'java/lang/NoSuchMethodError'{0x00000000c76cedb8}: 'int java.lang.invoke.DirectMethodHandle$Holder.invokeInterface(java.lang.Object, java.lang.Object)'> (0x00000000c76cedb8) 
thrown [s\open\src\hotspot\share\interpreter\linkResolver.cpp, line 805]
Event: 18.872 Thread 0x000001a0d610b7d0 Exception <a 'java/lang/NoSuchMethodError'{0x00000000c81f2cf8}: 'int java.lang.invoke.DirectMethodHandle$Holder.invokeVirtual(java.lang.Object, java.lang.Object, java.lang.Object)'> (0x00000000c81f2cf8) 
thrown [s\open\src\hotspot\share\interpreter\linkResolver.cpp, line 805]
Event: 18.926 Thread 0x000001a0d610b7d0 Exception <a 'java/lang/NoSuchMethodError'{0x00000000c8017340}: 'int java.lang.invoke.DirectMethodHandle$Holder.invokeStaticInit(java.lang.Object, java.lang.Object, java.lang.Object)'> (0x00000000c8017340) 
thrown [s\open\src\hotspot\share\interpreter\linkResolver.cpp, line 805]
Event: 19.394 Thread 0x000001a0d610b7d0 Exception <a 'sun/nio/fs/WindowsException'{0x00000000c77ff998}> (0x00000000c77ff998) 
thrown [s\open\src\hotspot\share\prims\jni.cpp, line 518]

VM Operations (20 events):
Event: 17.284 Executing VM operation: HandshakeAllThreads (Deoptimize)
Event: 17.284 Executing VM operation: HandshakeAllThreads (Deoptimize) done
Event: 17.523 Executing VM operation: HandshakeAllThreads (Deoptimize)
Event: 17.523 Executing VM operation: HandshakeAllThreads (Deoptimize) done
Event: 17.547 Executing VM operation: HandshakeAllThreads (Deoptimize)
Event: 17.547 Executing VM operation: HandshakeAllThreads (Deoptimize) done
Event: 17.550 Executing VM operation: HandshakeAllThreads (Deoptimize)
Event: 17.550 Executing VM operation: HandshakeAllThreads (Deoptimize) done
Event: 17.934 Executing VM operation: G1CollectForAllocation (G1 Evacuation Pause)
Event: 17.947 Executing VM operation: G1CollectForAllocation (G1 Evacuation Pause) done
Event: 18.938 Executing VM operation: HandshakeAllThreads (Deoptimize)
Event: 18.939 Executing VM operation: HandshakeAllThreads (Deoptimize) done
Event: 18.949 Executing VM operation: HandshakeAllThreads (Deoptimize)
Event: 18.949 Executing VM operation: HandshakeAllThreads (Deoptimize) done
Event: 18.976 Executing VM operation: HandshakeAllThreads (Deoptimize)
Event: 18.976 Executing VM operation: HandshakeAllThreads (Deoptimize) done
Event: 18.983 Executing VM operation: HandshakeAllThreads (Deoptimize)
Event: 18.983 Executing VM operation: HandshakeAllThreads (Deoptimize) done
Event: 18.988 Executing VM operation: HandshakeAllThreads (Deoptimize)
Event: 18.988 Executing VM operation: HandshakeAllThreads (Deoptimize) done

Memory protections (0 events):
No events

Nmethod flushes (0 events):
No events

Events (16 events):
Event: 0.117 Thread 0x000001a0d610b7d0 Thread added: 0x000001a0d610b7d0
Event: 0.148 Thread 0x000001a0d610b7d0 Thread added: 0x000001a0c112c3f0
Event: 0.148 Thread 0x000001a0d610b7d0 Thread added: 0x000001a0c1130d20
Event: 0.149 Thread 0x000001a0d610b7d0 Thread added: 0x000001a0c1134040
Event: 0.150 Thread 0x000001a0d610b7d0 Thread added: 0x000001a0c1137580
Event: 0.150 Thread 0x000001a0d610b7d0 Thread added: 0x000001a0c11352b0
Event: 0.150 Thread 0x000001a0d610b7d0 Thread added: 0x000001a0c1136220
Event: 0.150 Thread 0x000001a0d610b7d0 Thread added: 0x000001a0c1138300
Event: 0.150 Thread 0x000001a0d610b7d0 Thread added: 0x000001a0c1141cd0
Event: 0.183 Thread 0x000001a0d610b7d0 Thread added: 0x000001a0c12869d0
Event: 0.193 Thread 0x000001a0d610b7d0 Thread added: 0x000001a0c1296180
Event: 1.080 Thread 0x000001a0d610b7d0 Thread added: 0x000001a0c160c500
Event: 6.470 Thread 0x000001a0d610b7d0 Thread added: 0x000001a0c1c67e80
Event: 6.859 Thread 0x000001a0c1138300 Thread added: 0x000001a0c183e630
Event: 7.962 Thread 0x000001a0c183e630 Thread exited: 0x000001a0c183e630
Event: 8.027 Thread 0x000001a0c160c500 Thread exited: 0x000001a0c160c500


Dynamic libraries:
0x00007ff6740d0000 - 0x00007ff6740e0000 	C:\Program Files\Java\jdk-24\bin\java.exe
0x00007ffa3ae80000 - 0x00007ffa3b0e7000 	C:\WINDOWS\SYSTEM32\ntdll.dll
0x00007ffa3a3a0000 - 0x00007ffa3a469000 	C:\WINDOWS\System32\KERNEL32.DLL
0x00007ffa377f0000 - 0x00007ffa37be1000 	C:\WINDOWS\System32\KERNELBASE.dll
0x00007ffa37d50000 - 0x00007ffa37e9b000 	C:\WINDOWS\System32\ucrtbase.dll
0x00007ffa27bf0000 - 0x00007ffa27c06000 	C:\Program Files\Java\jdk-24\bin\jli.dll
0x00007ffa38ff0000 - 0x00007ffa391b5000 	C:\WINDOWS\System32\USER32.dll
0x00007ffa37bf0000 - 0x00007ffa37c17000 	C:\WINDOWS\System32\win32u.dll
0x00007ffa3abd0000 - 0x00007ffa3abfb000 	C:\WINDOWS\System32\GDI32.dll
0x00007ffa37c20000 - 0x00007ffa37d4b000 	C:\WINDOWS\System32\gdi32full.dll
0x00007ffa37ea0000 - 0x00007ffa37f43000 	C:\WINDOWS\System32\msvcp_win.dll
0x00007ffa27b30000 - 0x00007ffa27b4b000 	C:\Program Files\Java\jdk-24\bin\VCRUNTIME140.dll
0x00007ffa28880000 - 0x00007ffa28b13000 	C:\WINDOWS\WinSxS\amd64_microsoft.windows.common-controls_6595b64144ccf1df_6.0.26100.8037_none_3e092faae333b53b\COMCTL32.dll
0x00007ffa3a5c0000 - 0x00007ffa3a669000 	C:\WINDOWS\System32\msvcrt.dll
0x00007ffa3acd0000 - 0x00007ffa3ad01000 	C:\WINDOWS\System32\IMM32.DLL
0x00007ffa2c500000 - 0x00007ffa2c50c000 	C:\Program Files\Java\jdk-24\bin\vcruntime140_1.dll
0x00007ffa08730000 - 0x00007ffa087be000 	C:\Program Files\Java\jdk-24\bin\msvcp140.dll
0x00007ff9a6850000 - 0x00007ff9a75f1000 	C:\Program Files\Java\jdk-24\bin\server\jvm.dll
0x00007ffa3a470000 - 0x00007ffa3a52b000 	C:\WINDOWS\System32\ADVAPI32.dll
0x00007ffa38f30000 - 0x00007ffa38fd7000 	C:\WINDOWS\System32\sechost.dll
0x00007ffa38c20000 - 0x00007ffa38d38000 	C:\WINDOWS\System32\RPCRT4.dll
0x00007ffa3ad40000 - 0x00007ffa3adb4000 	C:\WINDOWS\System32\WS2_32.dll
0x00007ffa375e0000 - 0x00007ffa3763e000 	C:\WINDOWS\SYSTEM32\POWRPROF.dll
0x00007ffa27520000 - 0x00007ffa27555000 	C:\WINDOWS\SYSTEM32\WINMM.dll
0x00007ffa2bd20000 - 0x00007ffa2bd2b000 	C:\WINDOWS\SYSTEM32\VERSION.dll
0x00007ffa375c0000 - 0x00007ffa375d4000 	C:\WINDOWS\SYSTEM32\UMPDC.dll
0x00007ffa364d0000 - 0x00007ffa364eb000 	C:\WINDOWS\SYSTEM32\kernel.appcore.dll
0x00007ffa2ace0000 - 0x00007ffa2acea000 	C:\Program Files\Java\jdk-24\bin\jimage.dll
0x00007ffa35660000 - 0x00007ffa358a2000 	C:\WINDOWS\SYSTEM32\DBGHELP.DLL
0x00007ffa3a670000 - 0x00007ffa3a9f2000 	C:\WINDOWS\System32\combase.dll
0x00007ffa39980000 - 0x00007ffa39a57000 	C:\WINDOWS\System32\OLEAUT32.dll
0x00007ffa20370000 - 0x00007ffa203ab000 	C:\WINDOWS\SYSTEM32\dbgcore.DLL
0x00007ffa38b70000 - 0x00007ffa38c15000 	C:\WINDOWS\System32\bcryptPrimitives.dll
0x00007ffa27b10000 - 0x00007ffa27b2e000 	C:\Program Files\Java\jdk-24\bin\java.dll
0x00007ffa39680000 - 0x00007ffa39815000 	C:\WINDOWS\System32\ole32.dll
0x00007ffa39b60000 - 0x00007ffa3a2bf000 	C:\WINDOWS\System32\SHELL32.dll
0x00007ffa38a00000 - 0x00007ffa38b6a000 	C:\WINDOWS\System32\wintypes.dll
0x00007ffa37f50000 - 0x00007ffa387b4000 	C:\WINDOWS\System32\windows.storage.dll
0x00007ffa39a60000 - 0x00007ffa39b57000 	C:\WINDOWS\System32\SHCORE.dll
0x00007ffa3ab60000 - 0x00007ffa3abc7000 	C:\WINDOWS\System32\shlwapi.dll
0x00007ffa37680000 - 0x00007ffa376a9000 	C:\WINDOWS\SYSTEM32\profapi.dll
0x00007ffa051e0000 - 0x00007ffa052b7000 	C:\Program Files\Java\jdk-24\bin\jsvml.dll
0x00007ffa284f0000 - 0x00007ffa28500000 	C:\Program Files\Java\jdk-24\bin\net.dll
0x00007ffa36a60000 - 0x00007ffa36acb000 	C:\WINDOWS\system32\mswsock.dll
0x00007ffa26d20000 - 0x00007ffa26d36000 	C:\Program Files\Java\jdk-24\bin\nio.dll
0x00007ffa26d00000 - 0x00007ffa26d17000 	C:\Program Files\Java\jdk-24\bin\zip.dll
0x00007ffa26af0000 - 0x00007ffa26b14000 	C:\Users\Swathi\.m2\wrapper\dists\apache-maven-3.9.12\59fe215c0ad6947fea90184bf7add084544567b927287592651fda3782e0e798\lib\jansi-native\Windows\x86_64\jansi.dll
0x00007ffa28470000 - 0x00007ffa28480000 	C:\Program Files\Java\jdk-24\bin\verify.dll

JVMTI agents: none

dbghelp: loaded successfully - version: 4.0.5 - missing functions: none
symbol engine: initialized successfully - sym options: 0x614 - pdb path: .;C:\Program Files\Java\jdk-24\bin;C:\WINDOWS\SYSTEM32;C:\WINDOWS\WinSxS\amd64_microsoft.windows.common-controls_6595b64144ccf1df_6.0.26100.8037_none_3e092faae333b53b;C:\Program Files\Java\jdk-24\bin\server;C:\Users\Swathi\.m2\wrapper\dists\apache-maven-3.9.12\59fe215c0ad6947fea90184bf7add084544567b927287592651fda3782e0e798\lib\jansi-native\Windows\x86_64

VM Arguments:
jvm_args: --enable-native-access=ALL-UNNAMED -Dclassworlds.conf=C:\Users\Swathi\.m2\wrapper\dists\apache-maven-3.9.12\59fe215c0ad6947fea90184bf7add084544567b927287592651fda3782e0e798\bin\m2.conf -Dmaven.home=C:\Users\Swathi\.m2\wrapper\dists\apache-maven-3.9.12\59fe215c0ad6947fea90184bf7add084544567b927287592651fda3782e0e798 -Dlibrary.jansi.path=C:\Users\Swathi\.m2\wrapper\dists\apache-maven-3.9.12\59fe215c0ad6947fea90184bf7add084544567b927287592651fda3782e0e798\lib\jansi-native -Dmaven.multiModuleProjectDirectory=F:\projedts copy\DIGITAL-CAFE-BACKEND 
java_command: org.codehaus.plexus.classworlds.launcher.Launcher spring-boot:run
java_class_path (initial): C:\Users\Swathi\.m2\wrapper\dists\apache-maven-3.9.12\59fe215c0ad6947fea90184bf7add084544567b927287592651fda3782e0e798\boot\plexus-classworlds-2.9.0.jar
Launcher Type: SUN_STANDARD

[Global flags]
     intx CICompilerCount                          = 3                                         {product} {ergonomic}
     uint ConcGCThreads                            = 1                                         {product} {ergonomic}
     uint G1ConcRefinementThreads                  = 4                                         {product} {ergonomic}
   size_t G1HeapRegionSize                         = 1048576                                   {product} {ergonomic}
   size_t InitialHeapSize                          = 65011712                                  {product} {ergonomic}
   size_t MarkStackSize                            = 4194304                                   {product} {ergonomic}
   size_t MarkStackSizeMax                         = 536870912                                 {product} {ergonomic}
   size_t MaxHeapSize                              = 1021313024                                {product} {ergonomic}
   size_t MaxNewSize                               = 612368384                                 {product} {ergonomic}
   size_t MinHeapDeltaBytes                        = 1048576                                   {product} {ergonomic}
   size_t MinHeapSize                              = 8388608                                   {product} {ergonomic}
    uintx NonNMethodCodeHeapSize                   = 5832704                                {pd product} {ergonomic}
    uintx NonProfiledCodeHeapSize                  = 122945536                              {pd product} {ergonomic}
    uintx ProfiledCodeHeapSize                     = 122880000                              {pd product} {ergonomic}
    uintx ReservedCodeCacheSize                    = 251658240                              {pd product} {ergonomic}
     bool SegmentedCodeCache                       = true                                      {product} {ergonomic}
   size_t SoftMaxHeapSize                          = 1021313024                             {manageable} {ergonomic}
     bool UseCompressedOops                        = true                           {product lp64_product} {ergonomic}
     bool UseG1GC                                  = true                                      {product} {ergonomic}
     bool UseLargePagesIndividualAllocation        = false                                  {pd product} {ergonomic}

Logging:
Log output configuration:
 #0: stdout all=warning uptime,level,tags foldmultilines=false
 #1: stderr all=off uptime,level,tags foldmultilines=false

Environment Variables:
PATH=C:\Program Files\Common Files\Oracle\Java\javapath;C:\Python313\Scripts\;C:\Python313\;C:\WINDOWS\system32;C:\WINDOWS;C:\WINDOWS\System32\Wbem;C:\WINDOWS\System32\WindowsPowerShell\v1.0\;C:\WINDOWS\System32\OpenSSH\;C:\ProgramData\chocolatey\bin;C:\Users\Swathi\AppData\Local\nvm;C:\nvm4w\nodejs;C:\Program Files\MySQL\MySQL Server 8.0\bin;C:\Program Files\Git\cmd;C:\Users\Swathi\AppData\Local\Microsoft\WindowsApps;C:\Users\Swathi\AppData\Local\Programs\Microsoft VS Code\bin;C:\Users\Swathi\AppData\Roaming\npm;C:\Users\Swathi\AppData\Local\nvm;C:\nvm4w\nodejs;C:\Users\Swathi\AppData\Local\Programs\Windsurf\bin;C:\Users\Swathi\AppData\Local\Programs\cursor\resources\app\bin
USERNAME=Swathi
OS=Windows_NT
PROCESSOR_IDENTIFIER=Intel64 Family 6 Model 126 Stepping 5, GenuineIntel
TMP=C:\Users\Swathi\AppData\Local\Temp
TEMP=C:\Users\Swathi\AppData\Local\Temp




Periodic native trim disabled

---------------  S Y S T E M  ---------------

OS:
 Windows 11 , 64 bit Build 26100 (10.0.26100.7920)
OS uptime: 0 days 5:03 hours
Hyper-V role detected

CPU: total 4 (initial active 4) (2 cores per cpu, 2 threads per core) family 6 model 126 stepping 5 microcode 0xa6, cx8, cmov, fxsr, ht, mmx, 3dnowpref, sse, sse2, sse3, ssse3, sse4.1, sse4.2, popcnt, lzcnt, tsc, tscinvbit, avx, avx2, aes, erms, clmul, bmi1, bmi2, adx, avx512f, avx512dq, avx512cd, avx512bw, avx512vl, sha, fma, vzeroupper, avx512_vpopcntdq, avx512_vpclmulqdq, avx512_vaes, avx512_vnni, clflush, clflushopt, avx512_vbmi2, avx512_vbmi, hv, rdtscp, rdpid, fsrm, gfni, avx512_bitalg, f16c, avx512_ifma
Processor Information for the first 4 processors :
  Max Mhz: 1190, Current Mhz: 1190, Mhz Limit: 1190

Memory: 4k page, system-wide physical 3891M (70M free)
TotalPageFile size 15667M (AvailPageFile size 0M)
current process WorkingSet (physical memory assigned to process): 127M, peak: 166M
current process commit charge ("private bytes"): 221M, peak: 229M

vm_info: Java HotSpot(TM) 64-Bit Server VM (24.0.2+12-54) for windows-amd64 JRE (24.0.2+12-54), built on 2025-07-08T12:10:27Z with MS VC++ 17.6 (VS2022)

END.
